   1              		.file	"gpsmath.c"
   3              		.text
   4              	.Ltext0:
 211              		.global	gpsDataOkTrigger
 212              		.bss
 213              		.align	2
 216              	gpsDataOkTrigger:
 217 0000 00000000 		.space	4
 218              		.global	__divdf3
 219              		.global	__muldf3
 220              		.global	__adddf3
 221              		.text
 222              		.align	2
 230              		.global	xy2latlon
 232              	xy2latlon:
   1:gpsmath.c     **** /*
   2:gpsmath.c     **** 
   3:gpsmath.c     **** Copyright (c) 2011, Ascending Technologies GmbH
   4:gpsmath.c     **** All rights reserved.
   5:gpsmath.c     **** 
   6:gpsmath.c     **** Redistribution and use in source and binary forms, with or without
   7:gpsmath.c     **** modification, are permitted provided that the following conditions are met:
   8:gpsmath.c     **** 
   9:gpsmath.c     ****  * Redistributions of source code must retain the above copyright notice,
  10:gpsmath.c     ****    this list of conditions and the following disclaimer.
  11:gpsmath.c     ****  * Redistributions in binary form must reproduce the above copyright
  12:gpsmath.c     ****    notice, this list of conditions and the following disclaimer in the
  13:gpsmath.c     ****    documentation and/or other materials provided with the distribution.
  14:gpsmath.c     **** 
  15:gpsmath.c     **** THIS SOFTWARE IS PROVIDED BY THE AUTHOR AND CONTRIBUTORS ``AS IS'' AND ANY
  16:gpsmath.c     **** EXPRESS OR IMPLIED WARRANTIES, INCLUDING, BUT NOT LIMITED TO, THE IMPLIED
  17:gpsmath.c     **** WARRANTIES OF MERCHANTABILITY AND FITNESS FOR A PARTICULAR PURPOSE ARE
  18:gpsmath.c     **** DISCLAIMED. IN NO EVENT SHALL THE AUTHOR OR CONTRIBUTORS BE LIABLE FOR ANY
  19:gpsmath.c     **** DIRECT, INDIRECT, INCIDENTAL, SPECIAL, EXEMPLARY, OR CONSEQUENTIAL DAMAGES
  20:gpsmath.c     **** (INCLUDING, BUT NOT LIMITED TO, PROCUREMENT OF SUBSTITUTE GOODS OR
  21:gpsmath.c     **** SERVICES; LOSS OF USE, DATA, OR PROFITS; OR BUSINESS INTERRUPTION) HOWEVER
  22:gpsmath.c     **** CAUSED AND ON ANY THEORY OF LIABILITY, WHETHER IN CONTRACT, STRICT
  23:gpsmath.c     **** LIABILITY, OR TORT (INCLUDING NEGLIGENCE OR OTHERWISE) ARISING IN ANY WAY
  24:gpsmath.c     **** OUT OF THE USE OF THIS SOFTWARE, EVEN IF ADVISED OF THE POSSIBILITY OF SUCH
  25:gpsmath.c     **** DAMAGE.
  26:gpsmath.c     **** 
  27:gpsmath.c     ****  */
  28:gpsmath.c     **** 
  29:gpsmath.c     **** #include "gpsmath.h"
  30:gpsmath.c     **** #include "sdk.h"
  31:gpsmath.c     **** 
  32:gpsmath.c     **** struct GPS_DATA GPS_Data;
  33:gpsmath.c     **** struct GPS_DATA gps_data_temp;
  34:gpsmath.c     **** 
  35:gpsmath.c     **** unsigned int gpsDataOkTrigger=0;
  36:gpsmath.c     **** 
  37:gpsmath.c     **** void xy2latlon(double lat0, double lon0, double X, double Y, double *lat, double *lon)	//X: East, Y
  38:gpsmath.c     **** {
 234              	.LM0:
 235              		@ Function supports interworking.
 236              		@ args = 24, pretend = 0, frame = 16
 237              		@ frame_needed = 1, uses_anonymous_args = 0
 238 0000 0DC0A0E1 		mov	ip, sp
 239 0004 70D82DE9 		stmfd	sp!, {r4, r5, r6, fp, ip, lr, pc}
 240 0008 04B04CE2 		sub	fp, ip, #4
 241 000c 10D04DE2 		sub	sp, sp, #16
 242 0010 20000BE5 		str	r0, [fp, #-32]
 243 0014 1C100BE5 		str	r1, [fp, #-28]
 244 0018 28200BE5 		str	r2, [fp, #-40]
 245 001c 24300BE5 		str	r3, [fp, #-36]
  39:gpsmath.c     ****         *lat=lat0+Y/MEAN_EARTH_DIAMETER*360./PI;
 247              	.LM1:
 248 0020 0C008BE2 		add	r0, fp, #12
 249 0024 030090E8 		ldmia	r0, {r0-r1}
 250 0028 532F8FE2 		adr	r2, .L3
 251 002c 0C0092E8 		ldmia	r2, {r2-r3}
 252 0030 FEFFFFEB 		bl	__divdf3
 253 0034 0030A0E1 		mov	r3, r0
 254 0038 0140A0E1 		mov	r4, r1
 255 003c 0300A0E1 		mov	r0, r3
 256 0040 0410A0E1 		mov	r1, r4
 257 0044 0121A0E3 		mov	r2, #1073741824
 258 0048 762882E2 		add	r2, r2, #7733248
 259 004c 022982E2 		add	r2, r2, #32768
 260 0050 0030A0E3 		mov	r3, #0
 261 0054 FEFFFFEB 		bl	__muldf3
 262 0058 0030A0E1 		mov	r3, r0
 263 005c 0140A0E1 		mov	r4, r1
 264 0060 0300A0E1 		mov	r0, r3
 265 0064 0410A0E1 		mov	r1, r4
 266 0068 452F8FE2 		adr	r2, .L3+8
 267 006c 0C0092E8 		ldmia	r2, {r2-r3}
 268 0070 FEFFFFEB 		bl	__divdf3
 269 0074 0030A0E1 		mov	r3, r0
 270 0078 0140A0E1 		mov	r4, r1
 271 007c 0300A0E1 		mov	r0, r3
 272 0080 0410A0E1 		mov	r1, r4
 273 0084 20204BE2 		sub	r2, fp, #32
 274 0088 0C0092E8 		ldmia	r2, {r2-r3}
 275 008c FEFFFFEB 		bl	__adddf3
 276 0090 0030A0E1 		mov	r3, r0
 277 0094 0140A0E1 		mov	r4, r1
 278 0098 14209BE5 		ldr	r2, [fp, #20]
 279 009c 180082E8 		stmia	r2, {r3-r4}
  40:gpsmath.c     ****         *lon=lon0+X/MEAN_EARTH_DIAMETER*360./PI/cos(lat0*UMR);
 281              	.LM2:
 282 00a0 03009BE9 		ldmib	fp, {r0-r1}
 283 00a4 D0208FE2 		adr	r2, .L3
 284 00a8 0C0092E8 		ldmia	r2, {r2-r3}
 285 00ac FEFFFFEB 		bl	__divdf3
 286 00b0 0030A0E1 		mov	r3, r0
 287 00b4 0140A0E1 		mov	r4, r1
 288 00b8 0300A0E1 		mov	r0, r3
 289 00bc 0410A0E1 		mov	r1, r4
 290 00c0 0121A0E3 		mov	r2, #1073741824
 291 00c4 762882E2 		add	r2, r2, #7733248
 292 00c8 022982E2 		add	r2, r2, #32768
 293 00cc 0030A0E3 		mov	r3, #0
 294 00d0 FEFFFFEB 		bl	__muldf3
 295 00d4 0030A0E1 		mov	r3, r0
 296 00d8 0140A0E1 		mov	r4, r1
 297 00dc 0300A0E1 		mov	r0, r3
 298 00e0 0410A0E1 		mov	r1, r4
 299 00e4 98208FE2 		adr	r2, .L3+8
 300 00e8 0C0092E8 		ldmia	r2, {r2-r3}
 301 00ec FEFFFFEB 		bl	__divdf3
 302 00f0 0030A0E1 		mov	r3, r0
 303 00f4 0140A0E1 		mov	r4, r1
 304 00f8 0350A0E1 		mov	r5, r3
 305 00fc 0460A0E1 		mov	r6, r4
 306 0100 20004BE2 		sub	r0, fp, #32
 307 0104 030090E8 		ldmia	r0, {r0-r1}
 308 0108 7C208FE2 		adr	r2, .L3+16
 309 010c 0C0092E8 		ldmia	r2, {r2-r3}
 310 0110 FEFFFFEB 		bl	__muldf3
 311 0114 0030A0E1 		mov	r3, r0
 312 0118 0140A0E1 		mov	r4, r1
 313 011c 0300A0E1 		mov	r0, r3
 314 0120 0410A0E1 		mov	r1, r4
 315 0124 FEFFFFEB 		bl	cos
 316 0128 0030A0E1 		mov	r3, r0
 317 012c 0140A0E1 		mov	r4, r1
 318 0130 0500A0E1 		mov	r0, r5
 319 0134 0610A0E1 		mov	r1, r6
 320 0138 0320A0E1 		mov	r2, r3
 321 013c 0430A0E1 		mov	r3, r4
 322 0140 FEFFFFEB 		bl	__divdf3
 323 0144 0030A0E1 		mov	r3, r0
 324 0148 0140A0E1 		mov	r4, r1
 325 014c 0300A0E1 		mov	r0, r3
 326 0150 0410A0E1 		mov	r1, r4
 327 0154 28204BE2 		sub	r2, fp, #40
 328 0158 0C0092E8 		ldmia	r2, {r2-r3}
 329 015c FEFFFFEB 		bl	__adddf3
 330 0160 0030A0E1 		mov	r3, r0
 331 0164 0140A0E1 		mov	r4, r1
 332 0168 18209BE5 		ldr	r2, [fp, #24]
 333 016c 180082E8 		stmia	r2, {r3-r4}
  41:gpsmath.c     **** }
 335              	.LM3:
 336 0170 18D04BE2 		sub	sp, fp, #24
 337 0174 70689DE8 		ldmfd	sp, {r4, r5, r6, fp, sp, lr}
 338 0178 1EFF2FE1 		bx	lr
 339              	.L4:
 340              		.align	2
 341              	.L3:
 342 017c A6546841 		.word	1097356454
 343 0180 00000040 		.word	1073741824
 344 0184 FB210940 		.word	1074340347
 345 0188 182D4454 		.word	1413754136
 346 018c 46DF913F 		.word	1066524486
 347 0190 399D52A2 		.word	-1571644103
 349              	.Lscope0:
 350              		.comm	GPS_Data,44,4
 351              		.comm	myBuf,512,1
 352              		.comm	g_state,52,4
 353              		.comm	g_sensor,68,4
 354              		.comm	g_pinfo,12,4
 355              		.comm	g_rawsensor,44,4
 356              		.comm	g_gpssensor,44,4
 357              		.comm	g_q,16,4
 358              		.comm	g_angles,12,4
 359              		.comm	g_rotor,20,4
 360              		.comm	g_motorinput,20,4
 361              		.comm	u_outer,28,4
 362              		.comm	g_status,8,4
 363              		.comm	ultrasound_z,4,4
 364              		.comm	ultrasound_vz,4,4
 365              		.comm	ultrasound_z_prev,4,4
 366              		.comm	ultrasound_z_error_sum,4,4
 367              		.comm	ultrasound_timer,4,4
 368              		.comm	home_x,4,4
 369              		.comm	home_y,4,4
 370              		.comm	home_z,4,4
 371              		.comm	TotalBytesReceived,4,4
 372              		.comm	my_sdkloop_counter,4,4
 373              		.comm	gps_data_temp,44,4
 400              	.Letext0:
 401              		.ident	"GCC: (GNU) 4.1.1"
DEFINED SYMBOLS
                            *ABS*:00000000 gpsmath.c
     /tmp/ccoriA3h.s:216    .bss:00000000 gpsDataOkTrigger
     /tmp/ccoriA3h.s:213    .bss:00000000 $d
     /tmp/ccoriA3h.s:222    .text:00000000 $a
     /tmp/ccoriA3h.s:232    .text:00000000 xy2latlon
     /tmp/ccoriA3h.s:342    .text:0000017c $d
                            *COM*:0000002c GPS_Data
                            *COM*:00000200 myBuf
                            *COM*:00000034 g_state
                            *COM*:00000044 g_sensor
                            *COM*:0000000c g_pinfo
                            *COM*:0000002c g_rawsensor
                            *COM*:0000002c g_gpssensor
                            *COM*:00000010 g_q
                            *COM*:0000000c g_angles
                            *COM*:00000014 g_rotor
                            *COM*:00000014 g_motorinput
                            *COM*:0000001c u_outer
                            *COM*:00000008 g_status
                            *COM*:00000004 ultrasound_z
                            *COM*:00000004 ultrasound_vz
                            *COM*:00000004 ultrasound_z_prev
                            *COM*:00000004 ultrasound_z_error_sum
                            *COM*:00000004 ultrasound_timer
                            *COM*:00000004 home_x
                            *COM*:00000004 home_y
                            *COM*:00000004 home_z
                            *COM*:00000004 TotalBytesReceived
                            *COM*:00000004 my_sdkloop_counter
                            *COM*:0000002c gps_data_temp

UNDEFINED SYMBOLS
__divdf3
__muldf3
__adddf3
cos
