Archive member included because of file (symbol)

/usr/local/arm7//lib/gcc/arm-elf/4.1.1/../../../../arm-elf/lib/thumb/interwork/libc.a(malloc.o)
                              ../FMCore/fmmessage.o (free)
/usr/local/arm7//lib/gcc/arm-elf/4.1.1/../../../../arm-elf/lib/thumb/interwork/libc.a(mallocr.o)
                              /usr/local/arm7//lib/gcc/arm-elf/4.1.1/../../../../arm-elf/lib/thumb/interwork/libc.a(malloc.o) (_malloc_r)
/usr/local/arm7//lib/gcc/arm-elf/4.1.1/../../../../arm-elf/lib/thumb/interwork/libc.a(memcpy.o)
                              ../FMCore/fmmessage.o (memcpy)
/usr/local/arm7//lib/gcc/arm-elf/4.1.1/../../../../arm-elf/lib/thumb/interwork/libc.a(memmove.o)
                              ../FMCore/fmmessage.o (memmove)
/usr/local/arm7//lib/gcc/arm-elf/4.1.1/../../../../arm-elf/lib/thumb/interwork/libc.a(mlock.o)
                              /usr/local/arm7//lib/gcc/arm-elf/4.1.1/../../../../arm-elf/lib/thumb/interwork/libc.a(mallocr.o) (__malloc_lock)
/usr/local/arm7//lib/gcc/arm-elf/4.1.1/../../../../arm-elf/lib/thumb/interwork/libc.a(puts.o)
                              ../FMCore/fmmessage.o (puts)
/usr/local/arm7//lib/gcc/arm-elf/4.1.1/../../../../arm-elf/lib/thumb/interwork/libc.a(strlen.o)
                              /usr/local/arm7//lib/gcc/arm-elf/4.1.1/../../../../arm-elf/lib/thumb/interwork/libc.a(puts.o) (strlen)
/usr/local/arm7//lib/gcc/arm-elf/4.1.1/../../../../arm-elf/lib/thumb/interwork/libc.a(freer.o)
                              /usr/local/arm7//lib/gcc/arm-elf/4.1.1/../../../../arm-elf/lib/thumb/interwork/libc.a(malloc.o) (_free_r)
/usr/local/arm7//lib/gcc/arm-elf/4.1.1/../../../../arm-elf/lib/thumb/interwork/libc.a(fvwrite.o)
                              /usr/local/arm7//lib/gcc/arm-elf/4.1.1/../../../../arm-elf/lib/thumb/interwork/libc.a(puts.o) (__sfvwrite)
/usr/local/arm7//lib/gcc/arm-elf/4.1.1/../../../../arm-elf/lib/thumb/interwork/libc.a(impure.o)
                              /usr/local/arm7//lib/gcc/arm-elf/4.1.1/../../../../arm-elf/lib/thumb/interwork/libc.a(malloc.o) (_impure_ptr)
/usr/local/arm7//lib/gcc/arm-elf/4.1.1/../../../../arm-elf/lib/thumb/interwork/libc.a(memchr.o)
                              /usr/local/arm7//lib/gcc/arm-elf/4.1.1/../../../../arm-elf/lib/thumb/interwork/libc.a(fvwrite.o) (memchr)
/usr/local/arm7//lib/gcc/arm-elf/4.1.1/../../../../arm-elf/lib/thumb/interwork/libc.a(reallocr.o)
                              /usr/local/arm7//lib/gcc/arm-elf/4.1.1/../../../../arm-elf/lib/thumb/interwork/libc.a(fvwrite.o) (_realloc_r)
/usr/local/arm7//lib/gcc/arm-elf/4.1.1/../../../../arm-elf/lib/thumb/interwork/libc.a(wsetup.o)
                              /usr/local/arm7//lib/gcc/arm-elf/4.1.1/../../../../arm-elf/lib/thumb/interwork/libc.a(fvwrite.o) (__swsetup)
/usr/local/arm7//lib/gcc/arm-elf/4.1.1/../../../../arm-elf/lib/thumb/interwork/libc.a(fflush.o)
                              /usr/local/arm7//lib/gcc/arm-elf/4.1.1/../../../../arm-elf/lib/thumb/interwork/libc.a(fvwrite.o) (fflush)
/usr/local/arm7//lib/gcc/arm-elf/4.1.1/../../../../arm-elf/lib/thumb/interwork/libc.a(findfp.o)
                              /usr/local/arm7//lib/gcc/arm-elf/4.1.1/../../../../arm-elf/lib/thumb/interwork/libc.a(wsetup.o) (__sinit)
/usr/local/arm7//lib/gcc/arm-elf/4.1.1/../../../../arm-elf/lib/thumb/interwork/libc.a(fwalk.o)
                              /usr/local/arm7//lib/gcc/arm-elf/4.1.1/../../../../arm-elf/lib/thumb/interwork/libc.a(fflush.o) (_fwalk)
/usr/local/arm7//lib/gcc/arm-elf/4.1.1/../../../../arm-elf/lib/thumb/interwork/libc.a(makebuf.o)
                              /usr/local/arm7//lib/gcc/arm-elf/4.1.1/../../../../arm-elf/lib/thumb/interwork/libc.a(wsetup.o) (__smakebuf)
/usr/local/arm7//lib/gcc/arm-elf/4.1.1/../../../../arm-elf/lib/thumb/interwork/libc.a(memset.o)
                              /usr/local/arm7//lib/gcc/arm-elf/4.1.1/../../../../arm-elf/lib/thumb/interwork/libc.a(findfp.o) (memset)
/usr/local/arm7//lib/gcc/arm-elf/4.1.1/../../../../arm-elf/lib/thumb/interwork/libc.a(stdio.o)
                              /usr/local/arm7//lib/gcc/arm-elf/4.1.1/../../../../arm-elf/lib/thumb/interwork/libc.a(findfp.o) (__sclose)
/usr/local/arm7//lib/gcc/arm-elf/4.1.1/../../../../arm-elf/lib/thumb/interwork/libc.a(fclose.o)
                              /usr/local/arm7//lib/gcc/arm-elf/4.1.1/../../../../arm-elf/lib/thumb/interwork/libc.a(findfp.o) (fclose)
/usr/local/arm7//lib/gcc/arm-elf/4.1.1/thumb/interwork/libgcc.a(_udivsi3.o)
                              lab.o (__udivsi3)
/usr/local/arm7//lib/gcc/arm-elf/4.1.1/thumb/interwork/libgcc.a(_divsi3.o)
                              lab.o (__divsi3)
/usr/local/arm7//lib/gcc/arm-elf/4.1.1/thumb/interwork/libgcc.a(_dvmd_tls.o)
                              /usr/local/arm7//lib/gcc/arm-elf/4.1.1/thumb/interwork/libgcc.a(_udivsi3.o) (__div0)
/usr/local/arm7//lib/gcc/arm-elf/4.1.1/thumb/interwork/libgcc.a(_addsubdf3.o)
                              lab.o (__subdf3)
[...]
Memory Configuration

Name             Origin             Length             Attributes
ROM              0x00000000         0x00080000         xr
RAM              0x40000000         0x00008000         rw
*default*        0x00000000         0xffffffff

Linker script and memory map

LOAD Common_WinARM/src/Startup.o
LOAD Common_WinARM/src/swi_handler.o
LOAD LL_HL_comm.o
LOAD mymath.o
LOAD gpsmath.o
LOAD sdk.o
LOAD buzzer.o
LOAD ../FMCore/fmmessage.o
LOAD ../FMCore/fmrawsensorobject.o
LOAD ../FMCore/fmsensorobject.o
LOAD ../FMCore/fmgpssensorobject.o
LOAD ../FMCore/fmrotorobject.o
LOAD ../FMCore/fmstateobject.o
LOAD ../FMCore/fmstateobject2.o
LOAD ../FMCore/fmoptitrackobject.o
LOAD ../FMCore/fmoptitrackobject2.o
LOAD ../FMCore/fmmotorinputobject.o
LOAD ../FMCore/fmstatusobject.o
LOAD ../FMCore/fminnerloopobject.o
LOAD ../FMCore/fminnerloopobject2.o
LOAD ../FMCore/fmremotesetting.o
LOAD ../FMCore/fmcommand.o
LOAD ../FMCore/fmplannerinfo.o
LOAD ../FMCore/fmcontrolobject.o
LOAD ../FMCore/fmcontrolobject2.o
LOAD ../FMCore/fmtextlog.o
LOAD lab.o
LOAD utils.o
LOAD main.o
LOAD hardware.o
LOAD LPC2k_ee.o
LOAD system.o
LOAD uart.o
LOAD syscalls.o
LOAD i2c.o
LOAD Common_WinARM/src/irq.o
LOAD adc.o
LOAD ssp.o
LOAD pelican_ptu.o
LOAD /usr/local/arm7//lib/gcc/arm-elf/4.1.1/../../../../arm-elf/lib/thumb/interwork/libc.a
LOAD /usr/local/arm7//lib/gcc/arm-elf/4.1.1/../../../../arm-elf/lib/thumb/interwork/libc.a
LOAD /usr/local/arm7//lib/gcc/arm-elf/4.1.1/thumb/interwork/libgcc.a
LOAD .//libdeclination.a
LOAD .//libublox.a
LOAD /usr/local/arm7//lib/gcc/arm-elf/4.1.1/../../../../arm-elf/lib/thumb/interwork/libm.a
START GROUP
LOAD /usr/local/arm7//lib/gcc/arm-elf/4.1.1/thumb/interwork/libgcc.a
LOAD /usr/local/arm7//lib/gcc/arm-elf/4.1.1/../../../../arm-elf/lib/thumb/interwork/libg.a
LOAD /usr/local/arm7//lib/gcc/arm-elf/4.1.1/../../../../arm-elf/lib/thumb/interwork/libc.a
END GROUP

.text           0x00000000    0x1f9b8
 *(.vectorg)
 .vectorg       0x00000000       0x98 Common_WinARM/src/Startup.o
                0x00000050                __IRQ_Wrapper
 .vectorg       0x00000098       0xd0 Common_WinARM/src/swi_handler.o
                0x00000098                SoftwareInterrupt
                0x00000168                . = ALIGN (0x4)
 *(.init)
 .init          0x00000168      0x168 Common_WinARM/src/Startup.o
                0x00000168                __startup
                0x00000290                __exit_ARM
                0x00000294                __exit_THUMB
 *(.text .text.*)
 .text          0x000002d0        0x0 Common_WinARM/src/Startup.o
 .text          0x000002d0       0x38 Common_WinARM/src/swi_handler.o
                0x000002d0                IntRestore
                0x000002d8                FiqRestore
                0x000002e0                IntGetCPSR
                0x000002e8                IntEnable
                0x000002f0                IntDisable
                0x000002f8                FiqEnable
                0x00000300                FiqDisable
 .text          0x00000308     0x1368 LL_HL_comm.o
                0x00000308                SSP_data_distribution_HL
                0x0000090c                HL2LL_write_cycle
                0x000011c0                LL_write_ctrl_data
                0x00001434                SSP_rx_handler_HL
 .text          0x00001670        0x0 mymath.o
 .text          0x00001670      0x194 gpsmath.o
                0x00001670                xy2latlon
 .text          0x00001804     0x2558 sdk.o
                0x00001804                SPI0Handler
                0x00001b70                SDK_init
                0x00001d68                SDK_mainloop
                0x000020b8                filter_ultrasound_z
                0x000022bc                filter_accelerations
                0x000025b4                SDK_HandleComm
                0x0000283c                onOptitrackReceived
                0x00002890                onInnerloopReceived
                0x000028f8                onControlReceived
                0x00002960                onControl2Received
                0x00002984                onRemoteSettingReceived
                0x000029e0                onUserCommand
                0x00002a18                setGPSHome
                0x00002b2c                AE483_attitude_commands
                0x00002bb8                toggleLED0
                0x00002c18                SDK_EXAMPLE_direct_individual_motor_commands
                0x00002e20                SDK_EXAMPLE_direct_motor_commands_with_standard_output_mapping
                0x00002f38                SDK_EXAMPLE_attitude_commands
                0x00002f88                SDK_EXAMPLE_gps_waypoint_control
                0x00003b50                SDK_EXAMPLE_turn_motors_on
                0x00003c58                SDK_EXAMPLE_turn_motors_off
 .text          0x00003d5c     0x108c buzzer.o
                0x00003d5c                buzzer_handler
                0x00004d8c                buzzer
 .text          0x00004de8      0x610 ../FMCore/fmmessage.o
                0x00004de8                fmInitMessage
                0x00004e0c                fmInitMessageQ
                0x00004e50                fmDataString
                0x00004e9c                fmMessageFromBuffer
                0x00004f8c                fmFreeMessage
                0x00004fb4                fmPopMessage
                0x00004fe0                fmPopMessageQ
                0x000050a8                fmPlaceMessageQ
                0x000051b4                fmReceiveData
                0x000051ec                fmReceiveDataQ
 .text          0x000053f8      0x6e0 ../FMCore/fmrawsensorobject.o
                0x000053f8                fmRawSensorObject_serialize
                0x00005690                fmRawSensorObject_deserialize
                0x00005954                fmRawSensorObject_tomessage
                0x00005a54                fmRawSensorObject_frommessage
 .text          0x00005ad8      0x998 ../FMCore/fmsensorobject.o
                0x00005ad8                fmSensorObject_serialize
                0x00005ec0                fmSensorObject_deserialize
                0x000062ec                fmSensorObject_tomessage
                0x000063ec                fmSensorObject_frommessage
 .text          0x00006470      0x6e0 ../FMCore/fmgpssensorobject.o
                0x00006470                fmGPSSensorObject_serialize
                0x00006708                fmGPSSensorObject_deserialize
                0x000069cc                fmGPSSensorObject_tomessage
                0x00006acc                fmGPSSensorObject_frommessage
 .text          0x00006b50      0x428 ../FMCore/fmrotorobject.o
                0x00006b50                fmRotorObject_serialize
                0x00006c98                fmRotorObject_deserialize
                0x00006df4                fmRotorObject_tomessage
                0x00006ef4                fmRotorObject_frommessage
 .text          0x00006f78      0x7c8 ../FMCore/fmstateobject.o
                0x00006f78                fmStateObject_serialize
                0x00007280                fmStateObject_deserialize
                0x000075bc                fmStateObject_tomessage
                0x000076bc                fmStateObject_frommessage
 .text          0x00007740      0x998 ../FMCore/fmstateobject2.o
                0x00007740                fmStateObject2_serialize
                0x00007b28                fmStateObject2_deserialize
                0x00007f54                fmStateObject2_tomessage
                0x00008054                fmStateObject2_frommessage
 .text          0x000080d8      0x584 ../FMCore/fmoptitrackobject.o
                0x000080d8                fmOptitrackObject_serialize
                0x000082c8                fmOptitrackObject_deserialize
                0x000084d8                fmOptitrackObject_tomessage
                0x000085d8                fmOptitrackObject_frommessage
 .text          0x0000865c      0x83c ../FMCore/fmoptitrackobject2.o
                0x0000865c                fmOptitrackObject2_serialize
                0x0000899c                fmOptitrackObject2_deserialize
                0x00008d14                fmOptitrackObject2_tomessage
                0x00008e14                fmOptitrackObject2_frommessage
 .text          0x00008e98      0x428 ../FMCore/fmmotorinputobject.o
                0x00008e98                fmMotorInputObject_serialize
                0x00008fe0                fmMotorInputObject_deserialize
                0x0000913c                fmMotorInputObject_tomessage
                0x0000923c                fmMotorInputObject_frommessage
 .text          0x000092c0      0x300 ../FMCore/fmstatusobject.o
                0x000092c0                fmStatusObject_serialize
                0x0000937c                fmStatusObject_deserialize
                0x0000943c                fmStatusObject_tomessage
                0x0000953c                fmStatusObject_frommessage
 .text          0x000095c0      0x3b4 ../FMCore/fminnerloopobject.o
                0x000095c0                fmInnerloopObject_serialize
                0x000096d0                fmInnerloopObject_deserialize
                0x000097f0                fmInnerloopObject_tomessage
                0x000098f0                fmInnerloopObject_frommessage
 .text          0x00009974      0x510 ../FMCore/fminnerloopobject2.o
                0x00009974                fmInnerloopObject2_serialize
                0x00009b2c                fmInnerloopObject2_deserialize
                0x00009d00                fmInnerloopObject2_tomessage
                0x00009e00                fmInnerloopObject2_frommessage
 .text          0x00009e84      0xa80 ../FMCore/fmremotesetting.o
                0x00009e84                fmRemoteSetting_serialize
                0x0000a2dc                fmRemoteSetting_deserialize
                0x0000a780                fmRemoteSetting_tomessage
                0x0000a880                fmRemoteSetting_frommessage
 .text          0x0000a904      0x258 ../FMCore/fmcommand.o
                0x0000a904                fmCommand_serialize
                0x0000a96c                fmCommand_deserialize
                0x0000a9d8                fmCommand_tomessage
                0x0000aad8                fmCommand_frommessage
 .text          0x0000ab5c      0x340 ../FMCore/fmplannerinfo.o
                0x0000ab5c                fmPlannerInfo_serialize
                0x0000ac34                fmPlannerInfo_deserialize
                0x0000ad18                fmPlannerInfo_tomessage
                0x0000ae18                fmPlannerInfo_frommessage
 .text          0x0000ae9c      0x3b4 ../FMCore/fmcontrolobject.o
                0x0000ae9c                fmControlObject_serialize
                0x0000afac                fmControlObject_deserialize
                0x0000b0cc                fmControlObject_tomessage
                0x0000b1cc                fmControlObject_frommessage
 .text          0x0000b250      0x510 ../FMCore/fmcontrolobject2.o
                0x0000b250                fmControlObject2_serialize
                0x0000b408                fmControlObject2_deserialize
                0x0000b5dc                fmControlObject2_tomessage
                0x0000b6dc                fmControlObject2_frommessage
 .text          0x0000b760        0x0 ../FMCore/fmtextlog.o
 .text          0x0000b760     0x3b04 lab.o
                0x0000b760                lab
                0x0000b780                SendMassData
                0x0000b88c                countData
                0x0000b9b8                ExternalOuterLoop
                0x0000ba30                ExternalOuterLoopRate
                0x0000baa8                ExternalOuterLoopAngleRate
                0x0000bb4c                GPSHold
                0x0000bc5c                OuterLoopGPSUltrasound
                0x0000c624                InnerLoop
                0x0000c810                InnerLoopRate
                0x0000c9f4                InnerLoopAngleRate
                0x0000cc3c                outerloopGPS
                0x0000d20c                flatEarthl2x
                0x0000d508                constant_altitude_control
                0x0000dd04                ultrasound_control
                0x0000e0d0                lab3
                0x0000e308                lab2
                0x0000e464                lab1
                0x0000e49c                motor_rpm_calibration
                0x0000e874                do_communication
                0x0000ebdc                motor_omega_to_cmd
                0x0000ecbc                u_to_rotorspeed
                0x0000f090                clip_motor_control
                0x0000f180                AE483_send_control
 .text          0x0000f264     0x1b60 utils.o
                0x0000f264                angle_diff
                0x0000f338                unwedge
                0x0000f39c                euler2quat
                0x0000f6e8                quat2euler
                0x0000fa70                quaternionmult
                0x0000fdb8                quaternionNormalize
                0x0000fff0                euler2rotmat
                0x00010330                S_from_euler
                0x00010504                matrix_transpose
                0x000105d0                matrix_multiply
                0x00010764                matrix_copy
                0x00010830                matrix_scalar_mult
                0x0001090c                matrix_add
                0x00010a10                matrix_subtract
                0x00010b14                matrix_scalar_add
                0x00010bf0                throttle_scaling
 .text          0x00010dc4      0x75c main.o
                0x00010dc4                timer0ISR
                0x00010eac                main
                0x000110dc                mainloop
 .text          0x00011520       0x8c hardware.o
                0x00011520                LED
 .text          0x000115ac      0x614 LPC2k_ee.o
                0x000115ac                ee_erase
                0x000116e8                ee_write
                0x0001190c                ee_read
                0x0001199c                ee_readn
                0x00011a04                ee_count
                0x00011a78                ee_locate
 .text          0x00011bc0      0x620 system.o
                0x00011bc0                init
                0x00011c48                init_interrupts
                0x00011d20                init_ports
                0x00011dc8                init_timer0
                0x00011ed8                PWM_Init
                0x00011f8c                init_spi
                0x00011fc4                init_spi1
                0x00012060                pll_init
                0x000120a0                pll_feed
                0x000120e0                processorClockFrequency
                0x00012100                peripheralClockFrequency
                0x00012198                delay
 .text          0x000121e0      0xda8 uart.o
                0x000121e0                uart1ISR
                0x000122b0                uart0ISR
                0x00012400                UARTInitialize
                0x000124ac                UART1Initialize
                0x00012558                UARTWriteChar
                0x000125a8                UART1WriteChar
                0x000125f8                UARTReadChar
                0x00012640                UART1ReadChar
                0x00012688                __putchar
                0x000126cc                UART_send
                0x00012788                UART1_send
                0x0001281c                UART_send_ringbuffer
                0x00012884                UART1_send_ringbuffer
                0x000128ec                UART_SendMsg
                0x00012934                UART_SendPacket
                0x00012a2c                crc_update
                0x00012b1c                crc16
                0x00012bb0                ringbuffer
                0x00012d9c                ringbuffer1
 .text          0x00012f88      0x2b4 syscalls.o
                0x00012f88                _read_r
                0x00013068                _write_r
                0x00013104                _close_r
                0x00013130                _lseek_r
                0x00013164                _fstat_r
                0x000131a0                isatty
                0x000131c8                _sbrk_r
 .text          0x0001323c      0x750 i2c.o
                0x0001323c                I2C0MasterHandler
                0x000136d8                I2C0_send_motordata
                0x00013784                I2CStart
                0x00013818                I2CStop
                0x00013874                I2CInit
                0x000138fc                I2CEngine
 .text          0x0001398c      0x2d0 Common_WinARM/src/irq.o
                0x000139ac                init_VIC
                0x00013a70                install_irq
                0x00013b64                uninstall_irq
 .text          0x00013c5c      0x3ec adc.o
                0x00013c5c                ADCInit
                0x00013ce4                ADC0Read
                0x00013e20                ADC1Read
                0x00013f28                ADC0triggerSampling
                0x00013f6c                ADC0getSamplingResults
 .text          0x00014048      0x420 ssp.o
                0x00014048                SSPHandler
                0x00014220                LL_write_init
                0x00014260                LL_write
 .text          0x00014468      0x48c pelican_ptu.o
                0x00014468                PTU_init
                0x00014534                PTU_update
                0x0001472c                SERVO_pitch_move
                0x00014814                SERVO_roll_move
 .text          0x000148f4       0x28 /usr/local/arm7//lib/gcc/arm-elf/4.1.1/../../../../arm-elf/lib/thumb/interwork/libc.a(malloc.o)
                0x000148f4                free
                0x00014908                malloc
 .text          0x0001491c      0x538 /usr/local/arm7//lib/gcc/arm-elf/4.1.1/../../../../arm-elf/lib/thumb/interwork/libc.a(mallocr.o)
                0x0001491c                _malloc_r
 .text          0x00014e54       0x5c /usr/local/arm7//lib/gcc/arm-elf/4.1.1/../../../../arm-elf/lib/thumb/interwork/libc.a(memcpy.o)
                0x00014e54                memcpy
 .text          0x00014eb0       0x7c /usr/local/arm7//lib/gcc/arm-elf/4.1.1/../../../../arm-elf/lib/thumb/interwork/libc.a(memmove.o)
                0x00014eb0                memmove
 .text          0x00014f2c        0x8 /usr/local/arm7//lib/gcc/arm-elf/4.1.1/../../../../arm-elf/lib/thumb/interwork/libc.a(mlock.o)
                0x00014f2c                __malloc_lock
                0x00014f30                __malloc_unlock
 .text          0x00014f34       0x5c /usr/local/arm7//lib/gcc/arm-elf/4.1.1/../../../../arm-elf/lib/thumb/interwork/libc.a(puts.o)
                0x00014f34                _puts_r
                0x00014f7c                puts
 .text          0x00014f90       0x50 /usr/local/arm7//lib/gcc/arm-elf/4.1.1/../../../../arm-elf/lib/thumb/interwork/libc.a(strlen.o)
                0x00014f90                strlen
 .text          0x00014fe0      0x268 /usr/local/arm7//lib/gcc/arm-elf/4.1.1/../../../../arm-elf/lib/thumb/interwork/libc.a(freer.o)
                0x00014fe0                _malloc_trim_r
                0x00015080                _free_r
 .text          0x00015248      0x298 /usr/local/arm7//lib/gcc/arm-elf/4.1.1/../../../../arm-elf/lib/thumb/interwork/libc.a(fvwrite.o)
                0x00015248                __sfvwrite
 .text          0x000154e0        0x0 /usr/local/arm7//lib/gcc/arm-elf/4.1.1/../../../../arm-elf/lib/thumb/interwork/libc.a(impure.o)
 .text          0x000154e0       0xb4 /usr/local/arm7//lib/gcc/arm-elf/4.1.1/../../../../arm-elf/lib/thumb/interwork/libc.a(memchr.o)
                0x000154e0                memchr
 .text          0x00015594      0x3d8 /usr/local/arm7//lib/gcc/arm-elf/4.1.1/../../../../arm-elf/lib/thumb/interwork/libc.a(reallocr.o)
                0x00015594                _realloc_r
 .text          0x0001596c       0xa0 /usr/local/arm7//lib/gcc/arm-elf/4.1.1/../../../../arm-elf/lib/thumb/interwork/libc.a(wsetup.o)
                0x0001596c                __swsetup
 .text          0x00015a0c       0x90 /usr/local/arm7//lib/gcc/arm-elf/4.1.1/../../../../arm-elf/lib/thumb/interwork/libc.a(fflush.o)
                0x00015a0c                fflush
 .text          0x00015a9c      0x1b8 /usr/local/arm7//lib/gcc/arm-elf/4.1.1/../../../../arm-elf/lib/thumb/interwork/libc.a(findfp.o)
                0x00015ad4                __sfp_lock_acquire
                0x00015ad8                __sfp_lock_release
                0x00015adc                __sinit_lock_acquire
                0x00015ae0                __sinit_lock_release
                0x00015ae4                __sinit
                0x00015b48                __fp_unlock_all
                0x00015b60                __fp_lock_all
                0x00015b78                _cleanup_r
                0x00015b88                _cleanup
                0x00015b9c                __sfmoreglue
                0x00015bd4                __sfp
 .text          0x00015c54       0xdc /usr/local/arm7//lib/gcc/arm-elf/4.1.1/../../../../arm-elf/lib/thumb/interwork/libc.a(fwalk.o)
                0x00015c54                _fwalk_reent
                0x00015cc4                _fwalk
 .text          0x00015d30       0xdc /usr/local/arm7//lib/gcc/arm-elf/4.1.1/../../../../arm-elf/lib/thumb/interwork/libc.a(makebuf.o)
                0x00015d30                __smakebuf
 .text          0x00015e0c       0x60 /usr/local/arm7//lib/gcc/arm-elf/4.1.1/../../../../arm-elf/lib/thumb/interwork/libc.a(memset.o)
                0x00015e0c                memset
 .text          0x00015e6c       0xd8 /usr/local/arm7//lib/gcc/arm-elf/4.1.1/../../../../arm-elf/lib/thumb/interwork/libc.a(stdio.o)
                0x00015e6c                __sclose
                0x00015e84                __sseek
                0x00015ec4                __swrite
                0x00015f0c                __sread
 .text          0x00015f44       0xbc /usr/local/arm7//lib/gcc/arm-elf/4.1.1/../../../../arm-elf/lib/thumb/interwork/libc.a(fclose.o)
                0x00015f44                _fclose_r
                0x00015fe8                fclose
 .text          0x00016000       0x8c /usr/local/arm7//lib/gcc/arm-elf/4.1.1/thumb/interwork/libgcc.a(_udivsi3.o)
                0x00016000                __udivsi3
                0x00016000                __aeabi_uidiv
                0x0001607c                __aeabi_uidivmod
 .text          0x0001608c       0xa4 /usr/local/arm7//lib/gcc/arm-elf/4.1.1/thumb/interwork/libgcc.a(_divsi3.o)
                0x0001608c                __aeabi_idiv
                0x0001608c                __divsi3
                0x00016120                __aeabi_idivmod
 .text          0x00016130        0x4 /usr/local/arm7//lib/gcc/arm-elf/4.1.1/thumb/interwork/libgcc.a(_dvmd_tls.o)
                0x00016130                __aeabi_ldiv0
                0x00016130                __div0
                0x00016130                __aeabi_idiv0
 .text          0x00016134      0x430 /usr/local/arm7//lib/gcc/arm-elf/4.1.1/thumb/interwork/libgcc.a(_addsubdf3.o)
                0x00016134                __aeabi_drsub
                0x0001613c                __aeabi_dsub
                0x0001613c                __subdf3
                0x00016140                __adddf3
                0x00016140                __aeabi_dadd
                0x00016450                __aeabi_ui2d
                0x00016450                __floatunsidf
                0x00016478                __floatsidf
                0x00016478                __aeabi_i2d
                0x000164a4                __extendsfdf2
                0x000164a4                __aeabi_f2d
                0x000164e4                __aeabi_ul2d
                0x000164e4                __floatundidf
                0x000164f8                __floatdidf
                0x000164f8                __aeabi_l2d
 .text          0x00016564      0x49c /usr/local/arm7//lib/gcc/arm-elf/4.1.1/thumb/interwork/libgcc.a(_muldivdf3.o)
                0x00016564                __aeabi_dmul
                0x00016564                __muldf3
                0x000167f4                __aeabi_ddiv
                0x000167f4                __divdf3
 .text          0x00016a00      0x140 /usr/local/arm7//lib/gcc/arm-elf/4.1.1/thumb/interwork/libgcc.a(_cmpdf2.o)
                0x00016a00                __gtdf2
                0x00016a00                __gedf2
                0x00016a08                __ltdf2
                0x00016a08                __ledf2
                0x00016a10                __cmpdf2
                0x00016a10                __eqdf2
                0x00016a10                __nedf2
                0x00016a94                __aeabi_cdrcmple
                0x00016ab0                __aeabi_cdcmple
                0x00016ab0                __aeabi_cdcmpeq
                0x00016ac8                __aeabi_dcmpeq
                0x00016ae0                __aeabi_dcmplt
                0x00016af8                __aeabi_dcmple
                0x00016b10                __aeabi_dcmpge
                0x00016b28                __aeabi_dcmpgt
 .text          0x00016b40       0x5c /usr/local/arm7//lib/gcc/arm-elf/4.1.1/thumb/interwork/libgcc.a(_fixdfsi.o)
                0x00016b40                __fixdfsi
                0x00016b40                __aeabi_d2iz
 .text          0x00016b9c       0x54 /usr/local/arm7//lib/gcc/arm-elf/4.1.1/thumb/interwork/libgcc.a(_fixunsdfsi.o)
                0x00016b9c                __fixunsdfsi
                0x00016b9c                __aeabi_d2uiz
 .text          0x00016bf0       0xa0 /usr/local/arm7//lib/gcc/arm-elf/4.1.1/thumb/interwork/libgcc.a(_truncdfsf2.o)
                0x00016bf0                __aeabi_d2f
                0x00016bf0                __truncdfsf2
 .text          0x00016c90      0x2ac /usr/local/arm7//lib/gcc/arm-elf/4.1.1/thumb/interwork/libgcc.a(_addsubsf3.o)
                0x00016c90                __aeabi_frsub
                0x00016c98                __subsf3
                0x00016c98                __aeabi_fsub
                0x00016c9c                __aeabi_fadd
                0x00016c9c                __addsf3
                0x00016e58                __aeabi_ui2f
                0x00016e58                __floatunsisf
                0x00016e60                __aeabi_i2f
                0x00016e60                __floatsisf
                0x00016e80                __floatundisf
                0x00016e80                __aeabi_ul2f
                0x00016e90                __floatdisf
                0x00016e90                __aeabi_l2f
 .text          0x00016f3c      0x2f8 /usr/local/arm7//lib/gcc/arm-elf/4.1.1/thumb/interwork/libgcc.a(_muldivsf3.o)
                0x00016f3c                __mulsf3
                0x00016f3c                __aeabi_fmul
                0x000170d4                __divsf3
                0x000170d4                __aeabi_fdiv
 .text          0x00017234      0x110 /usr/local/arm7//lib/gcc/arm-elf/4.1.1/thumb/interwork/libgcc.a(_cmpsf2.o)
                0x00017234                __gtsf2
                0x00017234                __gesf2
                0x0001723c                __lesf2
                0x0001723c                __ltsf2
                0x00017244                __nesf2
                0x00017244                __eqsf2
                0x00017244                __cmpsf2
                0x000172a4                __aeabi_cfrcmple
                0x000172b4                __aeabi_cfcmple
                0x000172b4                __aeabi_cfcmpeq
                0x000172cc                __aeabi_fcmpeq
                0x000172e4                __aeabi_fcmplt
                0x000172fc                __aeabi_fcmple
                0x00017314                __aeabi_fcmpge
                0x0001732c                __aeabi_fcmpgt
 .text          0x00017344       0x54 /usr/local/arm7//lib/gcc/arm-elf/4.1.1/thumb/interwork/libgcc.a(_fixunssfsi.o)
                0x00017344                __aeabi_f2uiz
                0x00017344                __fixunssfsi
 .text          0x00017398     0x3250 .//libdeclination.a(declination.o)
                0x00019ddc                geomag
                0x00019e44                geomg1
                0x00019eb4                getDeclination
 .text          0x0001a5e8     0x1e88 .//libublox.a(ublox.o)
                0x0001a5e8                uBloxSendMessage
                0x0001a800                pollMessageRate
                0x0001a858                setMessageRate
                0x0001a8bc                uBloxResetConfiguration
                0x0001a958                uBloxHandleMessage
                0x0001b110                uBloxReceiveHandler
                0x0001b7d4                uBloxReceiveEngine
 .text          0x0001c470       0xb8 /usr/local/arm7//lib/gcc/arm-elf/4.1.1/../../../../arm-elf/lib/thumb/interwork/libm.a(s_cos.o)
                0x0001c470                cos
 .text          0x0001c528       0xbc /usr/local/arm7//lib/gcc/arm-elf/4.1.1/../../../../arm-elf/lib/thumb/interwork/libm.a(s_sin.o)
                0x0001c528                sin
 .text          0x0001c5e4       0x6c /usr/local/arm7//lib/gcc/arm-elf/4.1.1/../../../../arm-elf/lib/thumb/interwork/libm.a(s_tan.o)
                0x0001c5e4                tan
 .text          0x0001c650      0x10c /usr/local/arm7//lib/gcc/arm-elf/4.1.1/../../../../arm-elf/lib/thumb/interwork/libm.a(s_tanh.o)
                0x0001c650                tanh
 .text          0x0001c75c       0xb8 /usr/local/arm7//lib/gcc/arm-elf/4.1.1/../../../../arm-elf/lib/thumb/interwork/libm.a(w_asin.o)
                0x0001c75c                asin
 .text          0x0001c814       0xd0 /usr/local/arm7//lib/gcc/arm-elf/4.1.1/../../../../arm-elf/lib/thumb/interwork/libm.a(w_atan2.o)
                0x0001c814                atan2
 .text          0x0001c8e4       0xc4 /usr/local/arm7//lib/gcc/arm-elf/4.1.1/../../../../arm-elf/lib/thumb/interwork/libm.a(w_sqrt.o)
                0x0001c8e4                sqrt
 .text          0x0001c9a8       0xd4 /usr/local/arm7//lib/gcc/arm-elf/4.1.1/../../../../arm-elf/lib/thumb/interwork/libm.a(wf_fmod.o)
                0x0001c9a8                fmodf
 .text          0x0001ca7c      0x444 /usr/local/arm7//lib/gcc/arm-elf/4.1.1/../../../../arm-elf/lib/thumb/interwork/libm.a(e_asin.o)
                0x0001ca7c                __ieee754_asin
 .text          0x0001cec0      0x220 /usr/local/arm7//lib/gcc/arm-elf/4.1.1/../../../../arm-elf/lib/thumb/interwork/libm.a(e_atan2.o)
                0x0001cec0                __ieee754_atan2
 .text          0x0001d0e0      0x440 /usr/local/arm7//lib/gcc/arm-elf/4.1.1/../../../../arm-elf/lib/thumb/interwork/libm.a(e_rem_pio2.o)
                0x0001d0e0                __ieee754_rem_pio2
 .text          0x0001d520      0x1d8 /usr/local/arm7//lib/gcc/arm-elf/4.1.1/../../../../arm-elf/lib/thumb/interwork/libm.a(e_sqrt.o)
                0x0001d520                __ieee754_sqrt
 .text          0x0001d6f8      0x140 /usr/local/arm7//lib/gcc/arm-elf/4.1.1/../../../../arm-elf/lib/thumb/interwork/libm.a(ef_fmod.o)
                0x0001d6f8                __ieee754_fmodf
 .text          0x0001d838      0x28c /usr/local/arm7//lib/gcc/arm-elf/4.1.1/../../../../arm-elf/lib/thumb/interwork/libm.a(k_cos.o)
                0x0001d838                __kernel_cos
 .text          0x0001dac4      0x89c /usr/local/arm7//lib/gcc/arm-elf/4.1.1/../../../../arm-elf/lib/thumb/interwork/libm.a(k_rem_pio2.o)
                0x0001dac4                __kernel_rem_pio2
 .text          0x0001e360      0x180 /usr/local/arm7//lib/gcc/arm-elf/4.1.1/../../../../arm-elf/lib/thumb/interwork/libm.a(k_sin.o)
                0x0001e360                __kernel_sin
 .text          0x0001e4e0      0x414 /usr/local/arm7//lib/gcc/arm-elf/4.1.1/../../../../arm-elf/lib/thumb/interwork/libm.a(k_tan.o)
                0x0001e4e0                __kernel_tan
 .text          0x0001e8f4      0x380 /usr/local/arm7//lib/gcc/arm-elf/4.1.1/../../../../arm-elf/lib/thumb/interwork/libm.a(s_atan.o)
                0x0001e8f4                atan
 .text          0x0001ec74      0x51c /usr/local/arm7//lib/gcc/arm-elf/4.1.1/../../../../arm-elf/lib/thumb/interwork/libm.a(s_expm1.o)
                0x0001ec74                expm1
 .text          0x0001f190       0x18 /usr/local/arm7//lib/gcc/arm-elf/4.1.1/../../../../arm-elf/lib/thumb/interwork/libm.a(s_fabs.o)
                0x0001f190                fabs
 .text          0x0001f1a8      0x16c /usr/local/arm7//lib/gcc/arm-elf/4.1.1/../../../../arm-elf/lib/thumb/interwork/libm.a(s_floor.o)
                0x0001f1a8                floor
 .text          0x0001f314       0x1c /usr/local/arm7//lib/gcc/arm-elf/4.1.1/../../../../arm-elf/lib/thumb/interwork/libm.a(s_isnan.o)
                0x0001f314                isnan
 .text          0x0001f330        0x0 /usr/local/arm7//lib/gcc/arm-elf/4.1.1/../../../../arm-elf/lib/thumb/interwork/libm.a(s_lib_ver.o)
 .text          0x0001f330        0x4 /usr/local/arm7//lib/gcc/arm-elf/4.1.1/../../../../arm-elf/lib/thumb/interwork/libm.a(s_matherr.o)
                0x0001f330                matherr
 .text          0x0001f334      0x130 /usr/local/arm7//lib/gcc/arm-elf/4.1.1/../../../../arm-elf/lib/thumb/interwork/libm.a(s_scalbn.o)
                0x0001f334                scalbn
 .text          0x0001f464       0x18 /usr/local/arm7//lib/gcc/arm-elf/4.1.1/../../../../arm-elf/lib/thumb/interwork/libm.a(sf_isnan.o)
                0x0001f464                isnanf
 .text          0x0001f47c       0x24 /usr/local/arm7//lib/gcc/arm-elf/4.1.1/../../../../arm-elf/lib/thumb/interwork/libm.a(s_copysign.o)
                0x0001f47c                copysign
 .text          0x0001f4a0       0x5c /usr/local/arm7//lib/gcc/arm-elf/4.1.1/thumb/interwork/libgcc.a(_fixsfsi.o)
                0x0001f4a0                __fixsfsi
                0x0001f4a0                __aeabi_f2iz
 .text          0x0001f4fc        0xc /usr/local/arm7//lib/gcc/arm-elf/4.1.1/../../../../arm-elf/lib/thumb/interwork/libg.a(errno.o)
                0x0001f4fc                __errno
 *(.gnu.linkonce.t.*)
 *(.glue_7)
 .glue_7        0x0001f508       0xb4 linker stubs
                0x0001f508                __cos_from_arm
                0x0001f514                __memcpy_from_arm
                0x0001f520                __free_from_arm
                0x0001f52c                __puts_from_arm
                0x0001f538                __memmove_from_arm
                0x0001f544                __malloc_from_arm
                0x0001f550                ____udivsi3_from_arm
                0x0001f55c                ____divsi3_from_arm
                0x0001f568                __sqrt_from_arm
                0x0001f574                __sin_from_arm
                0x0001f580                __fmodf_from_arm
                0x0001f58c                __atan2_from_arm
                0x0001f598                __asin_from_arm
                0x0001f5a4                __tan_from_arm
                0x0001f5b0                __tanh_from_arm
 *fill*         0x0001f5bc        0x4 00
 .glue_7.stub   0x0001f5c0       0xb0 linker stubs
 *(.glue_7t)
 .glue_7t       0x00000000        0x0 linker stubs
 *(.gcc_except_table)
 *(.rodata)
 .rodata        0x0001f670       0x14 ../FMCore/fmmessage.o
 .rodata        0x0001f684        0x4 /usr/local/arm7//lib/gcc/arm-elf/4.1.1/../../../../arm-elf/lib/thumb/interwork/libc.a(puts.o)
 .rodata        0x0001f688        0x8 /usr/local/arm7//lib/gcc/arm-elf/4.1.1/../../../../arm-elf/lib/thumb/interwork/libc.a(impure.o)
                0x0001f688                _global_impure_ptr
 .rodata        0x0001f690       0xe2 .//libublox.a(ublox.o)
 *fill*         0x0001f772        0x2 00
 .rodata        0x0001f774        0x8 /usr/local/arm7//lib/gcc/arm-elf/4.1.1/../../../../arm-elf/lib/thumb/interwork/libm.a(w_asin.o)
 .rodata        0x0001f77c        0x8 /usr/local/arm7//lib/gcc/arm-elf/4.1.1/../../../../arm-elf/lib/thumb/interwork/libm.a(w_atan2.o)
 .rodata        0x0001f784        0x8 /usr/local/arm7//lib/gcc/arm-elf/4.1.1/../../../../arm-elf/lib/thumb/interwork/libm.a(w_sqrt.o)
 .rodata        0x0001f78c        0x8 /usr/local/arm7//lib/gcc/arm-elf/4.1.1/../../../../arm-elf/lib/thumb/interwork/libm.a(wf_fmod.o)
 .rodata        0x0001f794      0x188 /usr/local/arm7//lib/gcc/arm-elf/4.1.1/../../../../arm-elf/lib/thumb/interwork/libm.a(e_rem_pio2.o)
 .rodata        0x0001f91c        0x8 /usr/local/arm7//lib/gcc/arm-elf/4.1.1/../../../../arm-elf/lib/thumb/interwork/libm.a(ef_fmod.o)
 .rodata        0x0001f924       0x50 /usr/local/arm7//lib/gcc/arm-elf/4.1.1/../../../../arm-elf/lib/thumb/interwork/libm.a(k_rem_pio2.o)
 .rodata        0x0001f974       0x40 /usr/local/arm7//lib/gcc/arm-elf/4.1.1/../../../../arm-elf/lib/thumb/interwork/libm.a(s_atan.o)
 .rodata        0x0001f9b4        0x4 /usr/local/arm7//lib/gcc/arm-elf/4.1.1/../../../../arm-elf/lib/thumb/interwork/libm.a(s_lib_ver.o)
                0x0001f9b4                __fdlib_version
 *(.rodata*)
 *(.gnu.linkonce.r.*)
                0x0001f9b8                . = ALIGN (0x4)

.vfp11_veneer   0x0001f9b8        0x0
 .vfp11_veneer  0x00000000        0x0 linker stubs

.v4_bx          0x0001f9b8        0x0
 .v4_bx         0x00000000        0x0 linker stubs

.iplt           0x0001f9b8        0x0
 .iplt          0x00000000        0x0 Common_WinARM/src/Startup.o

.rel.dyn        0x0001f9b8        0x0
 .rel.iplt      0x00000000        0x0 Common_WinARM/src/Startup.o
                0x0001f9b8                . = ALIGN (0x4)

.ctors          0x0001f9b8        0x0
                0x0001f9b8                PROVIDE (__ctors_start__, .)
 *(SORT(.ctors.*))
 *(.ctors)
                0x0001f9b8                . = ALIGN (0x4)
                0x0001f9b8                PROVIDE (__ctors_end__, .)
                0x0001f9b8                . = ALIGN (0x4)

.dtors          0x0001f9b8        0x0
                0x0001f9b8                PROVIDE (__dtors_start__, .)
 *(SORT(.dtors.*))
 *(.dtors)
                0x0001f9b8                . = ALIGN (0x4)
                0x0001f9b8                PROVIDE (__dtors_end__, .)
                0x0001f9b8                . = ALIGN (0x4)
                0x0001f9b8                . = ALIGN (0x4)
                0x0001f9b8                _etext = .
                0x0001f9b8                PROVIDE (etext, .)

.data           0x40000000      0xec8 load address 0x0001f9b8
                0x40000000                _data = .
 *(.vectmapped)
                0x40000000                . = ALIGN (0x4)
 *(.fastrun)
                0x40000000                . = ALIGN (0x4)
                0x40000000                . = ALIGN (0x4)
 *(.data)
 .data          0x40000000        0x0 Common_WinARM/src/Startup.o
 .data          0x40000000        0x0 Common_WinARM/src/swi_handler.o
 .data          0x40000000        0x0 LL_HL_comm.o
 .data          0x40000000        0x0 mymath.o
 .data          0x40000000        0x0 gpsmath.o
 .data          0x40000000       0x24 sdk.o
                0x40000000                gravity_vec
                0x4000000c                dt
                0x40000014                firebit
                0x40000018                SPItxDone
 .data          0x40000024        0x0 buzzer.o
 .data          0x40000024        0x0 ../FMCore/fmmessage.o
 .data          0x40000024        0x0 ../FMCore/fmrawsensorobject.o
 .data          0x40000024        0x0 ../FMCore/fmsensorobject.o
 .data          0x40000024        0x0 ../FMCore/fmgpssensorobject.o
 .data          0x40000024        0x0 ../FMCore/fmrotorobject.o
 .data          0x40000024        0x0 ../FMCore/fmstateobject.o
 .data          0x40000024        0x0 ../FMCore/fmstateobject2.o
 .data          0x40000024        0x0 ../FMCore/fmoptitrackobject.o
 .data          0x40000024        0x0 ../FMCore/fmoptitrackobject2.o
 .data          0x40000024        0x0 ../FMCore/fmmotorinputobject.o
 .data          0x40000024        0x0 ../FMCore/fmstatusobject.o
 .data          0x40000024        0x0 ../FMCore/fminnerloopobject.o
 .data          0x40000024        0x0 ../FMCore/fminnerloopobject2.o
 .data          0x40000024        0x0 ../FMCore/fmremotesetting.o
 .data          0x40000024        0x0 ../FMCore/fmcommand.o
 .data          0x40000024        0x0 ../FMCore/fmplannerinfo.o
 .data          0x40000024        0x0 ../FMCore/fmcontrolobject.o
 .data          0x40000024        0x0 ../FMCore/fmcontrolobject2.o
 .data          0x40000024        0x0 ../FMCore/fmtextlog.o
 .data          0x40000024      0x128 lab.o
                0x40000024                output_count
                0x40000028                timer_tic
                0x4000002c                data_freq_1
                0x40000030                data_freq_2
                0x40000034                data_freq_3
                0x40000038                data_freq_4
                0x4000003c                data_freq_5
                0x40000040                DataOutputsPerSecond
                0x40000041                OuterLoopFrequency
                0x40000044                K
                0x4000004c                K3
                0x4000010c                g_xnom
                0x4000013c                omega_hover
                0x40000140                kF
                0x40000144                kM
                0x40000148                l
 .data          0x4000014c        0x0 utils.o
 .data          0x4000014c        0x8 main.o
                0x4000014c                mjstarttiming
 .data          0x40000154        0x0 hardware.o
 .data          0x40000154        0x0 LPC2k_ee.o
 .data          0x40000154        0x0 system.o
 .data          0x40000154        0x7 uart.o
                0x40000154                chksum_trigger
                0x40000155                startstring
                0x40000158                stopstring
 .data          0x4000015b        0x0 syscalls.o
 .data          0x4000015b        0x0 i2c.o
 .data          0x4000015b        0x0 Common_WinARM/src/irq.o
 .data          0x4000015b        0x0 adc.o
 .data          0x4000015b        0x3 ssp.o
                0x4000015b                data_sent_to_LL
                0x4000015c                SSP_receiption_complete
                0x4000015d                data_sent_to_HL
 .data          0x4000015e        0x0 pelican_ptu.o
 .data          0x4000015e        0x0 /usr/local/arm7//lib/gcc/arm-elf/4.1.1/../../../../arm-elf/lib/thumb/interwork/libc.a(malloc.o)
 *fill*         0x4000015e        0x2 00
 .data          0x40000160      0x410 /usr/local/arm7//lib/gcc/arm-elf/4.1.1/../../../../arm-elf/lib/thumb/interwork/libc.a(mallocr.o)
                0x40000160                __malloc_av_
                0x40000568                __malloc_trim_threshold
                0x4000056c                __malloc_sbrk_base
 .data          0x40000570        0x0 /usr/local/arm7//lib/gcc/arm-elf/4.1.1/../../../../arm-elf/lib/thumb/interwork/libc.a(memcpy.o)
 .data          0x40000570        0x0 /usr/local/arm7//lib/gcc/arm-elf/4.1.1/../../../../arm-elf/lib/thumb/interwork/libc.a(memmove.o)
 .data          0x40000570        0x0 /usr/local/arm7//lib/gcc/arm-elf/4.1.1/../../../../arm-elf/lib/thumb/interwork/libc.a(mlock.o)
 .data          0x40000570        0x0 /usr/local/arm7//lib/gcc/arm-elf/4.1.1/../../../../arm-elf/lib/thumb/interwork/libc.a(puts.o)
 .data          0x40000570        0x0 /usr/local/arm7//lib/gcc/arm-elf/4.1.1/../../../../arm-elf/lib/thumb/interwork/libc.a(strlen.o)
 .data          0x40000570        0x0 /usr/local/arm7//lib/gcc/arm-elf/4.1.1/../../../../arm-elf/lib/thumb/interwork/libc.a(freer.o)
 .data          0x40000570        0x0 /usr/local/arm7//lib/gcc/arm-elf/4.1.1/../../../../arm-elf/lib/thumb/interwork/libc.a(fvwrite.o)
 .data          0x40000570      0x404 /usr/local/arm7//lib/gcc/arm-elf/4.1.1/../../../../arm-elf/lib/thumb/interwork/libc.a(impure.o)
                0x40000570                _impure_ptr
 .data          0x40000974        0x0 /usr/local/arm7//lib/gcc/arm-elf/4.1.1/../../../../arm-elf/lib/thumb/interwork/libc.a(memchr.o)
 .data          0x40000974        0x0 /usr/local/arm7//lib/gcc/arm-elf/4.1.1/../../../../arm-elf/lib/thumb/interwork/libc.a(reallocr.o)
 .data          0x40000974        0x0 /usr/local/arm7//lib/gcc/arm-elf/4.1.1/../../../../arm-elf/lib/thumb/interwork/libc.a(wsetup.o)
 .data          0x40000974        0x0 /usr/local/arm7//lib/gcc/arm-elf/4.1.1/../../../../arm-elf/lib/thumb/interwork/libc.a(fflush.o)
 .data          0x40000974        0x0 /usr/local/arm7//lib/gcc/arm-elf/4.1.1/../../../../arm-elf/lib/thumb/interwork/libc.a(findfp.o)
 .data          0x40000974        0x0 /usr/local/arm7//lib/gcc/arm-elf/4.1.1/../../../../arm-elf/lib/thumb/interwork/libc.a(fwalk.o)
 .data          0x40000974        0x0 /usr/local/arm7//lib/gcc/arm-elf/4.1.1/../../../../arm-elf/lib/thumb/interwork/libc.a(makebuf.o)
 .data          0x40000974        0x0 /usr/local/arm7//lib/gcc/arm-elf/4.1.1/../../../../arm-elf/lib/thumb/interwork/libc.a(memset.o)
 .data          0x40000974        0x0 /usr/local/arm7//lib/gcc/arm-elf/4.1.1/../../../../arm-elf/lib/thumb/interwork/libc.a(stdio.o)
 .data          0x40000974        0x0 /usr/local/arm7//lib/gcc/arm-elf/4.1.1/../../../../arm-elf/lib/thumb/interwork/libc.a(fclose.o)
 .data          0x40000974        0x0 /usr/local/arm7//lib/gcc/arm-elf/4.1.1/thumb/interwork/libgcc.a(_udivsi3.o)
 .data          0x40000974        0x0 /usr/local/arm7//lib/gcc/arm-elf/4.1.1/thumb/interwork/libgcc.a(_divsi3.o)
 .data          0x40000974        0x0 /usr/local/arm7//lib/gcc/arm-elf/4.1.1/thumb/interwork/libgcc.a(_dvmd_tls.o)
 .data          0x40000974        0x0 /usr/local/arm7//lib/gcc/arm-elf/4.1.1/thumb/interwork/libgcc.a(_addsubdf3.o)
 .data          0x40000974        0x0 /usr/local/arm7//lib/gcc/arm-elf/4.1.1/thumb/interwork/libgcc.a(_muldivdf3.o)
 .data          0x40000974        0x0 /usr/local/arm7//lib/gcc/arm-elf/4.1.1/thumb/interwork/libgcc.a(_cmpdf2.o)
 .data          0x40000974        0x0 /usr/local/arm7//lib/gcc/arm-elf/4.1.1/thumb/interwork/libgcc.a(_fixdfsi.o)
 .data          0x40000974        0x0 /usr/local/arm7//lib/gcc/arm-elf/4.1.1/thumb/interwork/libgcc.a(_fixunsdfsi.o)
 .data          0x40000974        0x0 /usr/local/arm7//lib/gcc/arm-elf/4.1.1/thumb/interwork/libgcc.a(_truncdfsf2.o)
 .data          0x40000974        0x0 /usr/local/arm7//lib/gcc/arm-elf/4.1.1/thumb/interwork/libgcc.a(_addsubsf3.o)
 .data          0x40000974        0x0 /usr/local/arm7//lib/gcc/arm-elf/4.1.1/thumb/interwork/libgcc.a(_muldivsf3.o)
 .data          0x40000974        0x0 /usr/local/arm7//lib/gcc/arm-elf/4.1.1/thumb/interwork/libgcc.a(_cmpsf2.o)
 .data          0x40000974        0x0 /usr/local/arm7//lib/gcc/arm-elf/4.1.1/thumb/interwork/libgcc.a(_fixunssfsi.o)
 .data          0x40000974      0x54c .//libdeclination.a(declination.o)
 .data          0x40000ec0        0x8 .//libublox.a(ublox.o)
                0x40000ec0                gpsLEDTrigger
 .data          0x40000ec8        0x0 /usr/local/arm7//lib/gcc/arm-elf/4.1.1/../../../../arm-elf/lib/thumb/interwork/libm.a(s_cos.o)
 .data          0x40000ec8        0x0 /usr/local/arm7//lib/gcc/arm-elf/4.1.1/../../../../arm-elf/lib/thumb/interwork/libm.a(s_sin.o)
 .data          0x40000ec8        0x0 /usr/local/arm7//lib/gcc/arm-elf/4.1.1/../../../../arm-elf/lib/thumb/interwork/libm.a(s_tan.o)
 .data          0x40000ec8        0x0 /usr/local/arm7//lib/gcc/arm-elf/4.1.1/../../../../arm-elf/lib/thumb/interwork/libm.a(s_tanh.o)
 .data          0x40000ec8        0x0 /usr/local/arm7//lib/gcc/arm-elf/4.1.1/../../../../arm-elf/lib/thumb/interwork/libm.a(w_asin.o)
 .data          0x40000ec8        0x0 /usr/local/arm7//lib/gcc/arm-elf/4.1.1/../../../../arm-elf/lib/thumb/interwork/libm.a(w_atan2.o)
 .data          0x40000ec8        0x0 /usr/local/arm7//lib/gcc/arm-elf/4.1.1/../../../../arm-elf/lib/thumb/interwork/libm.a(w_sqrt.o)
 .data          0x40000ec8        0x0 /usr/local/arm7//lib/gcc/arm-elf/4.1.1/../../../../arm-elf/lib/thumb/interwork/libm.a(wf_fmod.o)
 .data          0x40000ec8        0x0 /usr/local/arm7//lib/gcc/arm-elf/4.1.1/../../../../arm-elf/lib/thumb/interwork/libm.a(e_asin.o)
 .data          0x40000ec8        0x0 /usr/local/arm7//lib/gcc/arm-elf/4.1.1/../../../../arm-elf/lib/thumb/interwork/libm.a(e_atan2.o)
 .data          0x40000ec8        0x0 /usr/local/arm7//lib/gcc/arm-elf/4.1.1/../../../../arm-elf/lib/thumb/interwork/libm.a(e_rem_pio2.o)
 .data          0x40000ec8        0x0 /usr/local/arm7//lib/gcc/arm-elf/4.1.1/../../../../arm-elf/lib/thumb/interwork/libm.a(e_sqrt.o)
 .data          0x40000ec8        0x0 /usr/local/arm7//lib/gcc/arm-elf/4.1.1/../../../../arm-elf/lib/thumb/interwork/libm.a(ef_fmod.o)
 .data          0x40000ec8        0x0 /usr/local/arm7//lib/gcc/arm-elf/4.1.1/../../../../arm-elf/lib/thumb/interwork/libm.a(k_cos.o)
 .data          0x40000ec8        0x0 /usr/local/arm7//lib/gcc/arm-elf/4.1.1/../../../../arm-elf/lib/thumb/interwork/libm.a(k_rem_pio2.o)
 .data          0x40000ec8        0x0 /usr/local/arm7//lib/gcc/arm-elf/4.1.1/../../../../arm-elf/lib/thumb/interwork/libm.a(k_sin.o)
 .data          0x40000ec8        0x0 /usr/local/arm7//lib/gcc/arm-elf/4.1.1/../../../../arm-elf/lib/thumb/interwork/libm.a(k_tan.o)
 .data          0x40000ec8        0x0 /usr/local/arm7//lib/gcc/arm-elf/4.1.1/../../../../arm-elf/lib/thumb/interwork/libm.a(s_atan.o)
 .data          0x40000ec8        0x0 /usr/local/arm7//lib/gcc/arm-elf/4.1.1/../../../../arm-elf/lib/thumb/interwork/libm.a(s_expm1.o)
 .data          0x40000ec8        0x0 /usr/local/arm7//lib/gcc/arm-elf/4.1.1/../../../../arm-elf/lib/thumb/interwork/libm.a(s_fabs.o)
 .data          0x40000ec8        0x0 /usr/local/arm7//lib/gcc/arm-elf/4.1.1/../../../../arm-elf/lib/thumb/interwork/libm.a(s_floor.o)
 .data          0x40000ec8        0x0 /usr/local/arm7//lib/gcc/arm-elf/4.1.1/../../../../arm-elf/lib/thumb/interwork/libm.a(s_isnan.o)
 .data          0x40000ec8        0x0 /usr/local/arm7//lib/gcc/arm-elf/4.1.1/../../../../arm-elf/lib/thumb/interwork/libm.a(s_lib_ver.o)
 .data          0x40000ec8        0x0 /usr/local/arm7//lib/gcc/arm-elf/4.1.1/../../../../arm-elf/lib/thumb/interwork/libm.a(s_matherr.o)
 .data          0x40000ec8        0x0 /usr/local/arm7//lib/gcc/arm-elf/4.1.1/../../../../arm-elf/lib/thumb/interwork/libm.a(s_scalbn.o)
 .data          0x40000ec8        0x0 /usr/local/arm7//lib/gcc/arm-elf/4.1.1/../../../../arm-elf/lib/thumb/interwork/libm.a(sf_isnan.o)
 .data          0x40000ec8        0x0 /usr/local/arm7//lib/gcc/arm-elf/4.1.1/../../../../arm-elf/lib/thumb/interwork/libm.a(s_copysign.o)
 .data          0x40000ec8        0x0 /usr/local/arm7//lib/gcc/arm-elf/4.1.1/thumb/interwork/libgcc.a(_fixsfsi.o)
 .data          0x40000ec8        0x0 /usr/local/arm7//lib/gcc/arm-elf/4.1.1/../../../../arm-elf/lib/thumb/interwork/libg.a(errno.o)
 *(.data.*)
 *(.gnu.linkonce.d*)
                0x40000ec8                . = ALIGN (0x4)

.igot.plt       0x40000ec8        0x0 load address 0x00020880
 .igot.plt      0x00000000        0x0 Common_WinARM/src/Startup.o
                0x40000ec8                . = ALIGN (0x4)
                0x40000ec8                _edata = .
                0x40000ec8                PROVIDE (edata, .)

.bss            0x40000ec8     0x4bf4 load address 0x00020880
                0x40000ec8                __bss_start = .
                0x40000ec8                __bss_start__ = .
 *(.bss)
 .bss           0x40000ec8        0x0 Common_WinARM/src/Startup.o
 .bss           0x40000ec8        0x0 Common_WinARM/src/swi_handler.o
 .bss           0x40000ec8       0x18 LL_HL_comm.o
                0x40000ec8                SSP_ack
                0x40000eca                wpCtrlWpCmd
                0x40000ecb                wpCtrlWpCmdUpdated
                0x40000ecc                wpCtrlAckTrigger
                0x40000ece                wpCtrlNavStatus
                0x40000ed0                wpCtrlDistToWp
 .bss           0x40000ee0        0x0 mymath.o
 .bss           0x40000ee0        0x4 gpsmath.o
                0x40000ee0                gpsDataOkTrigger
 .bss           0x40000ee4       0x68 sdk.o
                0x40000ee4                myBufPos
                0x40000ee8                myLEDstate
                0x40000eec                my_sdkloop_count
                0x40000ef0                UsonicTimer
                0x40000ef4                SPI0data
                0x40000ef8                SPI0command
                0x40000efc                f28027_ready
                0x40000f00                UsonicData
                0x40000f04                NewUsonicData
                0x40000f08                USMaxBot_range1
                0x40000f0c                SwitchTimer
                0x40000f10                readSwitchbit
                0x40000f14                MagnetSwitch
                0x40000f18                NewMagnetSwitch
                0x40000f1c                GotMagnet
                0x40000f20                SPItxCount
                0x40000f24                SPItxSize
                0x40000f28                numMissedTx
                0x40000f2c                testcount
 .bss           0x40000f4c       0x14 buzzer.o
 .bss           0x40000f60        0x0 ../FMCore/fmmessage.o
 .bss           0x40000f60        0x0 ../FMCore/fmrawsensorobject.o
 .bss           0x40000f60        0x0 ../FMCore/fmsensorobject.o
 .bss           0x40000f60        0x0 ../FMCore/fmgpssensorobject.o
 .bss           0x40000f60        0x0 ../FMCore/fmrotorobject.o
 .bss           0x40000f60        0x0 ../FMCore/fmstateobject.o
 .bss           0x40000f60        0x0 ../FMCore/fmstateobject2.o
 .bss           0x40000f60        0x0 ../FMCore/fmoptitrackobject.o
 .bss           0x40000f60        0x0 ../FMCore/fmoptitrackobject2.o
 .bss           0x40000f60        0x0 ../FMCore/fmmotorinputobject.o
 .bss           0x40000f60        0x0 ../FMCore/fmstatusobject.o
 .bss           0x40000f60        0x0 ../FMCore/fminnerloopobject.o
 .bss           0x40000f60        0x0 ../FMCore/fminnerloopobject2.o
 .bss           0x40000f60        0x0 ../FMCore/fmremotesetting.o
 .bss           0x40000f60        0x0 ../FMCore/fmcommand.o
 .bss           0x40000f60        0x0 ../FMCore/fmplannerinfo.o
 .bss           0x40000f60        0x0 ../FMCore/fmcontrolobject.o
 .bss           0x40000f60        0x0 ../FMCore/fmcontrolobject2.o
 .bss           0x40000f60        0x0 ../FMCore/fmtextlog.o
 .bss           0x40000f60       0x50 lab.o
                0x40000f60                output_timer
                0x40000f64                max_output_count
                0x40000f68                comm_start_count
                0x40000f6c                my_lab_count
                0x40000f70                test_time_limit
                0x40000f74                outer_loop_timer
                0x40000f78                trigger_stop
                0x40000f7c                msg_flag
                0x40000f80                trigger_flag
                0x40000f84                total_check_current
                0x40000f88                total_check_previous
                0x40000f8c                k_p
                0x40000f90                k_d
                0x40000f94                k_i
                0x40000f98                e
 .bss           0x40000fb0        0x0 utils.o
 .bss           0x40000fb0       0x40 main.o
                0x40000fb0                int_cnt
                0x40000fb4                cnt
                0x40000fb8                mainloop_cnt
                0x40000fbc                mainloop_trigger
                0x40000fc0                GPS_timeout
                0x40000fc4                trigger_cnt
                0x40000fc8                SYSTEM_initialized
                0x40000fcc                count1
                0x40000fd0                my_slen
                0x40000fd4                mycharready
                0x40000fd8                mytestchar
                0x40000fdc                mjstartcounter
                0x40000fe0                mjtiming_cnt
                0x40000fe4                mjt
 .bss           0x40000ff0        0x0 hardware.o
 .bss           0x40000ff0        0x0 LPC2k_ee.o
 .bss           0x40000ff0        0x0 system.o
 .bss           0x40000ff0      0x330 uart.o
                0x40000ff0                data_requested
                0x40000ff1                chksum_to_check
                0x40000ff2                transmission_running
                0x40000ff3                transmission1_running
                0x40000ff4                trigger_transmission
                0x40000ff5                baudrate1_change
                0x40000ff6                UART_syncstate
                0x40000ff7                UART1_syncstate
                0x40000ff8                UART_rxcount
                0x40000ffc                UART1_rxcount
                0x40001000                UART_CalibDoneFlag
                0x40001002                uart_rx_insert_idx
                0x40001004                uart_rx_extract_idx
 .bss           0x40001320        0x4 syscalls.o
 .bss           0x40001324       0x14 i2c.o
                0x40001324                I2CMasterState
                0x40001328                I2CSlaveState
                0x4000132c                I2CCount
                0x40001330                RdIndex
                0x40001334                WrIndex
 .bss           0x40001338        0x0 Common_WinARM/src/irq.o
 .bss           0x40001338        0x8 adc.o
                0x40001338                ADC0IntDone
                0x4000133c                ADC1IntDone
 .bss           0x40001340        0x4 ssp.o
                0x40001340                SSP_trans_cnt
 .bss           0x40001344        0x8 pelican_ptu.o
 .bss           0x4000134c        0x0 /usr/local/arm7//lib/gcc/arm-elf/4.1.1/../../../../arm-elf/lib/thumb/interwork/libc.a(malloc.o)
 .bss           0x4000134c       0x34 /usr/local/arm7//lib/gcc/arm-elf/4.1.1/../../../../arm-elf/lib/thumb/interwork/libc.a(mallocr.o)
                0x4000134c                __malloc_top_pad
                0x40001350                __malloc_max_sbrked_mem
                0x40001354                __malloc_max_total_mem
                0x40001358                __malloc_current_mallinfo
 .bss           0x40001380        0x0 /usr/local/arm7//lib/gcc/arm-elf/4.1.1/../../../../arm-elf/lib/thumb/interwork/libc.a(memcpy.o)
 .bss           0x40001380        0x0 /usr/local/arm7//lib/gcc/arm-elf/4.1.1/../../../../arm-elf/lib/thumb/interwork/libc.a(memmove.o)
 .bss           0x40001380        0x0 /usr/local/arm7//lib/gcc/arm-elf/4.1.1/../../../../arm-elf/lib/thumb/interwork/libc.a(mlock.o)
 .bss           0x40001380        0x0 /usr/local/arm7//lib/gcc/arm-elf/4.1.1/../../../../arm-elf/lib/thumb/interwork/libc.a(puts.o)
 .bss           0x40001380        0x0 /usr/local/arm7//lib/gcc/arm-elf/4.1.1/../../../../arm-elf/lib/thumb/interwork/libc.a(strlen.o)
 .bss           0x40001380        0x0 /usr/local/arm7//lib/gcc/arm-elf/4.1.1/../../../../arm-elf/lib/thumb/interwork/libc.a(freer.o)
 .bss           0x40001380        0x0 /usr/local/arm7//lib/gcc/arm-elf/4.1.1/../../../../arm-elf/lib/thumb/interwork/libc.a(fvwrite.o)
 .bss           0x40001380        0x0 /usr/local/arm7//lib/gcc/arm-elf/4.1.1/../../../../arm-elf/lib/thumb/interwork/libc.a(impure.o)
 .bss           0x40001380        0x0 /usr/local/arm7//lib/gcc/arm-elf/4.1.1/../../../../arm-elf/lib/thumb/interwork/libc.a(memchr.o)
 .bss           0x40001380        0x0 /usr/local/arm7//lib/gcc/arm-elf/4.1.1/../../../../arm-elf/lib/thumb/interwork/libc.a(reallocr.o)
 .bss           0x40001380        0x0 /usr/local/arm7//lib/gcc/arm-elf/4.1.1/../../../../arm-elf/lib/thumb/interwork/libc.a(wsetup.o)
 .bss           0x40001380        0x0 /usr/local/arm7//lib/gcc/arm-elf/4.1.1/../../../../arm-elf/lib/thumb/interwork/libc.a(fflush.o)
 .bss           0x40001380        0x0 /usr/local/arm7//lib/gcc/arm-elf/4.1.1/../../../../arm-elf/lib/thumb/interwork/libc.a(findfp.o)
 .bss           0x40001380        0x0 /usr/local/arm7//lib/gcc/arm-elf/4.1.1/../../../../arm-elf/lib/thumb/interwork/libc.a(fwalk.o)
 .bss           0x40001380        0x0 /usr/local/arm7//lib/gcc/arm-elf/4.1.1/../../../../arm-elf/lib/thumb/interwork/libc.a(makebuf.o)
 .bss           0x40001380        0x0 /usr/local/arm7//lib/gcc/arm-elf/4.1.1/../../../../arm-elf/lib/thumb/interwork/libc.a(memset.o)
 .bss           0x40001380        0x0 /usr/local/arm7//lib/gcc/arm-elf/4.1.1/../../../../arm-elf/lib/thumb/interwork/libc.a(stdio.o)
 .bss           0x40001380        0x0 /usr/local/arm7//lib/gcc/arm-elf/4.1.1/../../../../arm-elf/lib/thumb/interwork/libc.a(fclose.o)
 .bss           0x40001380        0x0 /usr/local/arm7//lib/gcc/arm-elf/4.1.1/thumb/interwork/libgcc.a(_udivsi3.o)
 .bss           0x40001380        0x0 /usr/local/arm7//lib/gcc/arm-elf/4.1.1/thumb/interwork/libgcc.a(_divsi3.o)
 .bss           0x40001380        0x0 /usr/local/arm7//lib/gcc/arm-elf/4.1.1/thumb/interwork/libgcc.a(_dvmd_tls.o)
 .bss           0x40001380        0x0 /usr/local/arm7//lib/gcc/arm-elf/4.1.1/thumb/interwork/libgcc.a(_addsubdf3.o)
 .bss           0x40001380        0x0 /usr/local/arm7//lib/gcc/arm-elf/4.1.1/thumb/interwork/libgcc.a(_muldivdf3.o)
 .bss           0x40001380        0x0 /usr/local/arm7//lib/gcc/arm-elf/4.1.1/thumb/interwork/libgcc.a(_cmpdf2.o)
 .bss           0x40001380        0x0 /usr/local/arm7//lib/gcc/arm-elf/4.1.1/thumb/interwork/libgcc.a(_fixdfsi.o)
 .bss           0x40001380        0x0 /usr/local/arm7//lib/gcc/arm-elf/4.1.1/thumb/interwork/libgcc.a(_fixunsdfsi.o)
 .bss           0x40001380        0x0 /usr/local/arm7//lib/gcc/arm-elf/4.1.1/thumb/interwork/libgcc.a(_truncdfsf2.o)
 .bss           0x40001380        0x0 /usr/local/arm7//lib/gcc/arm-elf/4.1.1/thumb/interwork/libgcc.a(_addsubsf3.o)
 .bss           0x40001380        0x0 /usr/local/arm7//lib/gcc/arm-elf/4.1.1/thumb/interwork/libgcc.a(_muldivsf3.o)
 .bss           0x40001380        0x0 /usr/local/arm7//lib/gcc/arm-elf/4.1.1/thumb/interwork/libgcc.a(_cmpsf2.o)
 .bss           0x40001380        0x0 /usr/local/arm7//lib/gcc/arm-elf/4.1.1/thumb/interwork/libgcc.a(_fixunssfsi.o)
 .bss           0x40001380      0xcc4 .//libdeclination.a(declination.o)
                0x40001380                estimatedDeclination
                0x40001384                estimatedInclination
                0x40001388                declinationAvailable
 .bss           0x40002044       0x28 .//libublox.a(ublox.o)
                0x40002044                urTimeCnt
                0x40002048                GPS_raw_data_size
                0x4000204c                urAckReceived
                0x4000204d                urAckClass
                0x4000204e                urAckId
                0x4000204f                urConfigMessageReceived
                0x40002050                urVersionCheck
                0x40002052                urMsgCnt
                0x40002054                ubloxVersion
 .bss           0x4000206c        0x0 /usr/local/arm7//lib/gcc/arm-elf/4.1.1/../../../../arm-elf/lib/thumb/interwork/libm.a(s_cos.o)
 .bss           0x4000206c        0x0 /usr/local/arm7//lib/gcc/arm-elf/4.1.1/../../../../arm-elf/lib/thumb/interwork/libm.a(s_sin.o)
 .bss           0x4000206c        0x0 /usr/local/arm7//lib/gcc/arm-elf/4.1.1/../../../../arm-elf/lib/thumb/interwork/libm.a(s_tan.o)
 .bss           0x4000206c        0x0 /usr/local/arm7//lib/gcc/arm-elf/4.1.1/../../../../arm-elf/lib/thumb/interwork/libm.a(s_tanh.o)
 .bss           0x4000206c        0x0 /usr/local/arm7//lib/gcc/arm-elf/4.1.1/../../../../arm-elf/lib/thumb/interwork/libm.a(w_asin.o)
 .bss           0x4000206c        0x0 /usr/local/arm7//lib/gcc/arm-elf/4.1.1/../../../../arm-elf/lib/thumb/interwork/libm.a(w_atan2.o)
 .bss           0x4000206c        0x0 /usr/local/arm7//lib/gcc/arm-elf/4.1.1/../../../../arm-elf/lib/thumb/interwork/libm.a(w_sqrt.o)
 .bss           0x4000206c        0x0 /usr/local/arm7//lib/gcc/arm-elf/4.1.1/../../../../arm-elf/lib/thumb/interwork/libm.a(wf_fmod.o)
 .bss           0x4000206c        0x0 /usr/local/arm7//lib/gcc/arm-elf/4.1.1/../../../../arm-elf/lib/thumb/interwork/libm.a(e_asin.o)
 .bss           0x4000206c        0x0 /usr/local/arm7//lib/gcc/arm-elf/4.1.1/../../../../arm-elf/lib/thumb/interwork/libm.a(e_atan2.o)
 .bss           0x4000206c        0x0 /usr/local/arm7//lib/gcc/arm-elf/4.1.1/../../../../arm-elf/lib/thumb/interwork/libm.a(e_rem_pio2.o)
 .bss           0x4000206c        0x0 /usr/local/arm7//lib/gcc/arm-elf/4.1.1/../../../../arm-elf/lib/thumb/interwork/libm.a(e_sqrt.o)
 .bss           0x4000206c        0x0 /usr/local/arm7//lib/gcc/arm-elf/4.1.1/../../../../arm-elf/lib/thumb/interwork/libm.a(ef_fmod.o)
 .bss           0x4000206c        0x0 /usr/local/arm7//lib/gcc/arm-elf/4.1.1/../../../../arm-elf/lib/thumb/interwork/libm.a(k_cos.o)
 .bss           0x4000206c        0x0 /usr/local/arm7//lib/gcc/arm-elf/4.1.1/../../../../arm-elf/lib/thumb/interwork/libm.a(k_rem_pio2.o)
 .bss           0x4000206c        0x0 /usr/local/arm7//lib/gcc/arm-elf/4.1.1/../../../../arm-elf/lib/thumb/interwork/libm.a(k_sin.o)
 .bss           0x4000206c        0x0 /usr/local/arm7//lib/gcc/arm-elf/4.1.1/../../../../arm-elf/lib/thumb/interwork/libm.a(k_tan.o)
 .bss           0x4000206c        0x0 /usr/local/arm7//lib/gcc/arm-elf/4.1.1/../../../../arm-elf/lib/thumb/interwork/libm.a(s_atan.o)
 .bss           0x4000206c        0x0 /usr/local/arm7//lib/gcc/arm-elf/4.1.1/../../../../arm-elf/lib/thumb/interwork/libm.a(s_expm1.o)
 .bss           0x4000206c        0x0 /usr/local/arm7//lib/gcc/arm-elf/4.1.1/../../../../arm-elf/lib/thumb/interwork/libm.a(s_fabs.o)
 .bss           0x4000206c        0x0 /usr/local/arm7//lib/gcc/arm-elf/4.1.1/../../../../arm-elf/lib/thumb/interwork/libm.a(s_floor.o)
 .bss           0x4000206c        0x0 /usr/local/arm7//lib/gcc/arm-elf/4.1.1/../../../../arm-elf/lib/thumb/interwork/libm.a(s_isnan.o)
 .bss           0x4000206c        0x0 /usr/local/arm7//lib/gcc/arm-elf/4.1.1/../../../../arm-elf/lib/thumb/interwork/libm.a(s_lib_ver.o)
 .bss           0x4000206c        0x0 /usr/local/arm7//lib/gcc/arm-elf/4.1.1/../../../../arm-elf/lib/thumb/interwork/libm.a(s_matherr.o)
 .bss           0x4000206c        0x0 /usr/local/arm7//lib/gcc/arm-elf/4.1.1/../../../../arm-elf/lib/thumb/interwork/libm.a(s_scalbn.o)
 .bss           0x4000206c        0x0 /usr/local/arm7//lib/gcc/arm-elf/4.1.1/../../../../arm-elf/lib/thumb/interwork/libm.a(sf_isnan.o)
 .bss           0x4000206c        0x0 /usr/local/arm7//lib/gcc/arm-elf/4.1.1/../../../../arm-elf/lib/thumb/interwork/libm.a(s_copysign.o)
 .bss           0x4000206c        0x0 /usr/local/arm7//lib/gcc/arm-elf/4.1.1/thumb/interwork/libgcc.a(_fixsfsi.o)
 .bss           0x4000206c        0x0 /usr/local/arm7//lib/gcc/arm-elf/4.1.1/../../../../arm-elf/lib/thumb/interwork/libg.a(errno.o)
 *(.gnu.linkonce.b*)
 *(COMMON)
 COMMON         0x4000206c      0x41c LL_HL_comm.o
                0x4000206c                LL_1khz_attitude_data
                0x400020c8                ultrasound_z_error_sum
                0x400020cc                g_angles
                0x400020d8                g_sensor
                0x4000211c                ultrasound_z_prev
                0x40002120                my_sdkloop_counter
                0x40002124                home_y
                0x40002128                g_gpssensor
                0x40002154                g_motorinput
                0x40002168                ultrasound_vz
                0x4000216c                ultrasound_z
                0x40002170                home_z
                0x40002174                g_q
                0x40002184                LL_1khz_control_input
                0x400021bc                myBuf
                0x400023bc                ultrasound_timer
                0x400023c0                g_rawsensor
                0x400023ec                u_outer
                0x40002408                wpToLL
                0x40002424                g_pinfo
                0x40002430                TotalBytesReceived
                0x40002434                g_status
                0x4000243c                home_x
                0x40002440                g_rotor
                0x40002454                g_state
 COMMON         0x40002488       0x58 gpsmath.o
                0x40002488                GPS_Data
                0x400024b4                gps_data_temp
 COMMON         0x400024e0     0x15c4 sdk.o
                0x400024e0                WO_CTRL_Input
                0x400024ec                R01
                0x40002510                WO_Direct_Motor_Control
                0x40002514                accels0
                0x40002520                SPItxArray
                0x40002584                WO_Direct_Individual_Motor_Control
                0x4000258c                WO_SDK
                0x40002590                testarray
                0x400025a4                rdQue
                0x400039d0                f2s
                0x400039d4                RO_RC_Data
                0x400039e4                RO_ALL_Data
                0x40003a70                tmpthrust
                0x40003a74                accels1
                0x40003a80                R10
 COMMON         0x40003aa4     0x142c ../FMCore/fmmessage.o
                0x40003aa4                gQueue
 COMMON         0x40004ed0      0x198 lab.o
                0x40004ed0                tmpprod2
                0x40004ef4                g_xerr
                0x40004f24                e_w
                0x40004f30                e_R
                0x40004f3c                state
                0x40004f44                tmpprod1
                0x40004f68                g_cmd
                0x40004f78                R10_des
                0x40004f9c                W
                0x40004fdc                g_u
                0x40004fec                nom
                0x40004ff4                g_omega_cmd
                0x40005004                Winv
                0x40005044                R01_des
 COMMON         0x40005068      0x2f0 main.o
                0x40005068                GPS_Time
                0x40005070                my_str
                0x400050f0                mjtiming
                0x40005280                IMU_CalcData
                0x400052dc                statusObj
                0x400052e4                HL_Status
                0x400052fc                IMU_CalcData_tmp
 COMMON         0x40005358        0x4 LPC2k_ee.o
                0x40005358                iap_entry
 COMMON         0x4000535c      0x220 uart.o
                0x4000535c                UART_rxptr
                0x40005360                send_buffer
                0x40005370                current_chksum
                0x40005372                packets
                0x40005374                tx_buff
                0x40005378                UART1_rxptr
                0x4000537c                uart_rx_buffer
 COMMON         0x4000557c       0x50 i2c.o
                0x4000557c                I2CReadLength
                0x40005580                I2CSlaveBuffer
                0x400055a0                I2CMode
                0x400055a4                I2CMasterBuffer
                0x400055c4                I2CCmd
                0x400055c8                I2CWriteLength
 COMMON         0x400055cc       0x60 adc.o
                0x400055cc                ADC0Value
                0x400055ec                ADC1Value
                0x4000560c                adcChannelValues
 COMMON         0x4000562c      0x10c ssp.o
                0x4000562c                CurrentRxIndex
                0x40005630                SPIWR_num_bytes
                0x40005634                CurrentTxIndex
                0x40005638                SPIWRData
                0x400056b8                SPIRDData
 COMMON         0x40005738       0x2c pelican_ptu.o
                0x40005738                CAMERA_Commands
                0x40005744                CAMERA_ptu
 COMMON         0x40005764      0x356 .//libublox.a(ublox.o)
                0x40005764                GPS_RawBuffer
                0x400058e4                urRecData
                0x400059e4                satInfo
                0x40005aa4                urConfigCnt
                0x40005aa8                urCfgIdList
                0x40005aac                gpsHardwareStatus
                0x40005abc                . = ALIGN (0x4)
 *fill*         0x40005aba        0x2 00
                0x40005abc                . = ALIGN (0x4)
                0x40005abc                __bss_end__ = .
                0x40005abc                PROVIDE (__bss_end, .)

.stack          0x40005b00     0x1980
 *(.stack)
 .stack         0x40005b00     0x1980 Common_WinARM/src/Startup.o
                0x40007480                PROVIDE (_stack, .)
                0x40007480                . = ALIGN (0x4)
                0x40007480                _end = .
                0x40007480                PROVIDE (end, .)

.stab           0x00000000    0x11ff4
 *(.stab)
 .stab          0x00000000      0x57c Common_WinARM/src/Startup.o
 .stab          0x0000057c      0x3a8 Common_WinARM/src/swi_handler.o
                                0x3b4 (size before relaxing)
 .stab          0x00000924     0x16ec LL_HL_comm.o
                               0x16f8 (size before relaxing)
 .stab          0x00002010       0xd8 mymath.o
                                 0xe4 (size before relaxing)
 .stab          0x000020e8      0x720 gpsmath.o
                                0xb7c (size before relaxing)
 .stab          0x00002808     0x1a58 sdk.o
                               0x21f0 (size before relaxing)
 .stab          0x00004260      0x7a4 buzzer.o
                                0x828 (size before relaxing)
 .stab          0x00004a04      0x6b4 ../FMCore/fmmessage.o
                                0xb7c (size before relaxing)
 .stab          0x000050b8      0x480 ../FMCore/fmrawsensorobject.o
                                0x96c (size before relaxing)
 .stab          0x00005538      0x510 ../FMCore/fmsensorobject.o
                                0x9fc (size before relaxing)
 .stab          0x00005a48      0x480 ../FMCore/fmgpssensorobject.o
                                0x96c (size before relaxing)
 .stab          0x00005ec8      0x3f0 ../FMCore/fmrotorobject.o
                                0x8dc (size before relaxing)
 .stab          0x000062b8      0x4b0 ../FMCore/fmstateobject.o
                                0x99c (size before relaxing)
 .stab          0x00006768      0x534 ../FMCore/fmstateobject2.o
                                0x9fc (size before relaxing)
 .stab          0x00006c9c      0x438 ../FMCore/fmoptitrackobject.o
                                0x924 (size before relaxing)
 .stab          0x000070d4      0x4ec ../FMCore/fmoptitrackobject2.o
                                0x9b4 (size before relaxing)
 .stab          0x000075c0      0x3f0 ../FMCore/fmmotorinputobject.o
                                0x8dc (size before relaxing)
 .stab          0x000079b0      0x3c0 ../FMCore/fmstatusobject.o
                                0x8ac (size before relaxing)
 .stab          0x00007d70      0x3d8 ../FMCore/fminnerloopobject.o
                                0x8c4 (size before relaxing)
 .stab          0x00008148      0x420 ../FMCore/fminnerloopobject2.o
                                0x90c (size before relaxing)
 .stab          0x00008568      0x540 ../FMCore/fmremotesetting.o
                                0xa2c (size before relaxing)
 .stab          0x00008aa8      0x390 ../FMCore/fmcommand.o
                                0x87c (size before relaxing)
 .stab          0x00008e38      0x3c0 ../FMCore/fmplannerinfo.o
                                0x8ac (size before relaxing)
 .stab          0x000091f8      0x3d8 ../FMCore/fmcontrolobject.o
                                0x8c4 (size before relaxing)
 .stab          0x000095d0      0x420 ../FMCore/fmcontrolobject2.o
                                0x90c (size before relaxing)
 .stab          0x000099f0      0x2dc ../FMCore/fmtextlog.o
                                0x5ac (size before relaxing)
 .stab          0x00009ccc     0x2394 lab.o
                               0x2b38 (size before relaxing)
 .stab          0x0000c060      0xd8c utils.o
                                0xf60 (size before relaxing)
 .stab          0x0000cdec      0xb7c main.o
                               0x1254 (size before relaxing)
 .stab          0x0000d968      0x21c hardware.o
                                0x6a8 (size before relaxing)
 .stab          0x0000db84      0x7b0 LPC2k_ee.o
                                0x7bc (size before relaxing)
 .stab          0x0000e334      0x9c0 system.o
                               0x1158 (size before relaxing)
 .stab          0x0000ecf4     0x1254 uart.o
                               0x1a10 (size before relaxing)
 .stab          0x0000ff48      0x5d0 syscalls.o
                                0xa38 (size before relaxing)
 .stab          0x00010518      0x6d8 i2c.o
                                0x720 (size before relaxing)
 .stab          0x00010bf0      0x408 Common_WinARM/src/irq.o
                                0x414 (size before relaxing)
 .stab          0x00010ff8      0x48c adc.o
                                0x4d4 (size before relaxing)
 .stab          0x00011484      0x774 ssp.o
                                0xee8 (size before relaxing)
 .stab          0x00011bf8      0x3fc pelican_ptu.o
                                0x45c (size before relaxing)

.stabstr        0x00000000     0xdd93
 *(.stabstr)
 .stabstr       0x00000000     0xdd93 Common_WinARM/src/Startup.o

.stab.excl
 *(.stab.excl)

.stab.exclstr
 *(.stab.exclstr)

.stab.index
 *(.stab.index)

.stab.indexstr
 *(.stab.indexstr)

.comment        0x00000000       0x47
 *(.comment)
 .comment       0x00000000       0x11 LL_HL_comm.o
                                 0x12 (size before relaxing)
 .comment       0x00000000       0x12 mymath.o
 .comment       0x00000000       0x12 gpsmath.o
 .comment       0x00000000       0x12 sdk.o
 .comment       0x00000000       0x12 buzzer.o
 .comment       0x00000000       0x12 ../FMCore/fmmessage.o
 .comment       0x00000000       0x12 ../FMCore/fmrawsensorobject.o
 .comment       0x00000000       0x12 ../FMCore/fmsensorobject.o
 .comment       0x00000000       0x12 ../FMCore/fmgpssensorobject.o
 .comment       0x00000000       0x12 ../FMCore/fmrotorobject.o
 .comment       0x00000000       0x12 ../FMCore/fmstateobject.o
 .comment       0x00000000       0x12 ../FMCore/fmstateobject2.o
 .comment       0x00000000       0x12 ../FMCore/fmoptitrackobject.o
 .comment       0x00000000       0x12 ../FMCore/fmoptitrackobject2.o
 .comment       0x00000000       0x12 ../FMCore/fmmotorinputobject.o
 .comment       0x00000000       0x12 ../FMCore/fmstatusobject.o
 .comment       0x00000000       0x12 ../FMCore/fminnerloopobject.o
 .comment       0x00000000       0x12 ../FMCore/fminnerloopobject2.o
 .comment       0x00000000       0x12 ../FMCore/fmremotesetting.o
 .comment       0x00000000       0x12 ../FMCore/fmcommand.o
 .comment       0x00000000       0x12 ../FMCore/fmplannerinfo.o
 .comment       0x00000000       0x12 ../FMCore/fmcontrolobject.o
 .comment       0x00000000       0x12 ../FMCore/fmcontrolobject2.o
 .comment       0x00000000       0x12 ../FMCore/fmtextlog.o
 .comment       0x00000000       0x12 lab.o
 .comment       0x00000000       0x12 utils.o
 .comment       0x00000000       0x12 main.o
 .comment       0x00000000       0x12 hardware.o
 .comment       0x00000000       0x12 LPC2k_ee.o
 .comment       0x00000000       0x12 system.o
 .comment       0x00000000       0x12 uart.o
 .comment       0x00000000       0x12 syscalls.o
 .comment       0x00000000       0x12 i2c.o
 .comment       0x00000000       0x12 Common_WinARM/src/irq.o
 .comment       0x00000000       0x12 adc.o
 .comment       0x00000000       0x12 ssp.o
 .comment       0x00000000       0x12 pelican_ptu.o
 .comment       0x00000000       0x12 /usr/local/arm7//lib/gcc/arm-elf/4.1.1/../../../../arm-elf/lib/thumb/interwork/libc.a(malloc.o)
 .comment       0x00000000       0x12 /usr/local/arm7//lib/gcc/arm-elf/4.1.1/../../../../arm-elf/lib/thumb/interwork/libc.a(mallocr.o)
 .comment       0x00000000       0x12 /usr/local/arm7//lib/gcc/arm-elf/4.1.1/../../../../arm-elf/lib/thumb/interwork/libc.a(memcpy.o)
 .comment       0x00000000       0x12 /usr/local/arm7//lib/gcc/arm-elf/4.1.1/../../../../arm-elf/lib/thumb/interwork/libc.a(memmove.o)
 .comment       0x00000000       0x12 /usr/local/arm7//lib/gcc/arm-elf/4.1.1/../../../../arm-elf/lib/thumb/interwork/libc.a(mlock.o)
 .comment       0x00000000       0x12 /usr/local/arm7//lib/gcc/arm-elf/4.1.1/../../../../arm-elf/lib/thumb/interwork/libc.a(puts.o)
 .comment       0x00000000       0x12 /usr/local/arm7//lib/gcc/arm-elf/4.1.1/../../../../arm-elf/lib/thumb/interwork/libc.a(strlen.o)
 .comment       0x00000000       0x12 /usr/local/arm7//lib/gcc/arm-elf/4.1.1/../../../../arm-elf/lib/thumb/interwork/libc.a(freer.o)
 .comment       0x00000000       0x12 /usr/local/arm7//lib/gcc/arm-elf/4.1.1/../../../../arm-elf/lib/thumb/interwork/libc.a(fvwrite.o)
 .comment       0x00000000       0x12 /usr/local/arm7//lib/gcc/arm-elf/4.1.1/../../../../arm-elf/lib/thumb/interwork/libc.a(impure.o)
 .comment       0x00000000       0x12 /usr/local/arm7//lib/gcc/arm-elf/4.1.1/../../../../arm-elf/lib/thumb/interwork/libc.a(memchr.o)
 .comment       0x00000000       0x12 /usr/local/arm7//lib/gcc/arm-elf/4.1.1/../../../../arm-elf/lib/thumb/interwork/libc.a(reallocr.o)
 .comment       0x00000000       0x12 /usr/local/arm7//lib/gcc/arm-elf/4.1.1/../../../../arm-elf/lib/thumb/interwork/libc.a(wsetup.o)
 .comment       0x00000000       0x12 /usr/local/arm7//lib/gcc/arm-elf/4.1.1/../../../../arm-elf/lib/thumb/interwork/libc.a(fflush.o)
 .comment       0x00000000       0x12 /usr/local/arm7//lib/gcc/arm-elf/4.1.1/../../../../arm-elf/lib/thumb/interwork/libc.a(findfp.o)
 .comment       0x00000000       0x12 /usr/local/arm7//lib/gcc/arm-elf/4.1.1/../../../../arm-elf/lib/thumb/interwork/libc.a(fwalk.o)
 .comment       0x00000000       0x12 /usr/local/arm7//lib/gcc/arm-elf/4.1.1/../../../../arm-elf/lib/thumb/interwork/libc.a(makebuf.o)
 .comment       0x00000000       0x12 /usr/local/arm7//lib/gcc/arm-elf/4.1.1/../../../../arm-elf/lib/thumb/interwork/libc.a(memset.o)
 .comment       0x00000000       0x12 /usr/local/arm7//lib/gcc/arm-elf/4.1.1/../../../../arm-elf/lib/thumb/interwork/libc.a(stdio.o)
 .comment       0x00000000       0x12 /usr/local/arm7//lib/gcc/arm-elf/4.1.1/../../../../arm-elf/lib/thumb/interwork/libc.a(fclose.o)
 .comment       0x00000011       0x1b .//libdeclination.a(declination.o)
 .comment       0x0000002c       0x1b .//libublox.a(ublox.o)
 .comment       0x00000000       0x12 /usr/local/arm7//lib/gcc/arm-elf/4.1.1/../../../../arm-elf/lib/thumb/interwork/libm.a(s_cos.o)
 .comment       0x00000000       0x12 /usr/local/arm7//lib/gcc/arm-elf/4.1.1/../../../../arm-elf/lib/thumb/interwork/libm.a(s_sin.o)
 .comment       0x00000000       0x12 /usr/local/arm7//lib/gcc/arm-elf/4.1.1/../../../../arm-elf/lib/thumb/interwork/libm.a(s_tan.o)
 .comment       0x00000000       0x12 /usr/local/arm7//lib/gcc/arm-elf/4.1.1/../../../../arm-elf/lib/thumb/interwork/libm.a(s_tanh.o)
 .comment       0x00000000       0x12 /usr/local/arm7//lib/gcc/arm-elf/4.1.1/../../../../arm-elf/lib/thumb/interwork/libm.a(w_asin.o)
 .comment       0x00000000       0x12 /usr/local/arm7//lib/gcc/arm-elf/4.1.1/../../../../arm-elf/lib/thumb/interwork/libm.a(w_atan2.o)
 .comment       0x00000000       0x12 /usr/local/arm7//lib/gcc/arm-elf/4.1.1/../../../../arm-elf/lib/thumb/interwork/libm.a(w_sqrt.o)
 .comment       0x00000000       0x12 /usr/local/arm7//lib/gcc/arm-elf/4.1.1/../../../../arm-elf/lib/thumb/interwork/libm.a(wf_fmod.o)
 .comment       0x00000000       0x12 /usr/local/arm7//lib/gcc/arm-elf/4.1.1/../../../../arm-elf/lib/thumb/interwork/libm.a(e_asin.o)
 .comment       0x00000000       0x12 /usr/local/arm7//lib/gcc/arm-elf/4.1.1/../../../../arm-elf/lib/thumb/interwork/libm.a(e_atan2.o)
 .comment       0x00000000       0x12 /usr/local/arm7//lib/gcc/arm-elf/4.1.1/../../../../arm-elf/lib/thumb/interwork/libm.a(e_rem_pio2.o)
 .comment       0x00000000       0x12 /usr/local/arm7//lib/gcc/arm-elf/4.1.1/../../../../arm-elf/lib/thumb/interwork/libm.a(e_sqrt.o)
 .comment       0x00000000       0x12 /usr/local/arm7//lib/gcc/arm-elf/4.1.1/../../../../arm-elf/lib/thumb/interwork/libm.a(ef_fmod.o)
 .comment       0x00000000       0x12 /usr/local/arm7//lib/gcc/arm-elf/4.1.1/../../../../arm-elf/lib/thumb/interwork/libm.a(k_cos.o)
 .comment       0x00000000       0x12 /usr/local/arm7//lib/gcc/arm-elf/4.1.1/../../../../arm-elf/lib/thumb/interwork/libm.a(k_rem_pio2.o)
 .comment       0x00000000       0x12 /usr/local/arm7//lib/gcc/arm-elf/4.1.1/../../../../arm-elf/lib/thumb/interwork/libm.a(k_sin.o)
 .comment       0x00000000       0x12 /usr/local/arm7//lib/gcc/arm-elf/4.1.1/../../../../arm-elf/lib/thumb/interwork/libm.a(k_tan.o)
 .comment       0x00000000       0x12 /usr/local/arm7//lib/gcc/arm-elf/4.1.1/../../../../arm-elf/lib/thumb/interwork/libm.a(s_atan.o)
 .comment       0x00000000       0x12 /usr/local/arm7//lib/gcc/arm-elf/4.1.1/../../../../arm-elf/lib/thumb/interwork/libm.a(s_expm1.o)
 .comment       0x00000000       0x12 /usr/local/arm7//lib/gcc/arm-elf/4.1.1/../../../../arm-elf/lib/thumb/interwork/libm.a(s_fabs.o)
 .comment       0x00000000       0x12 /usr/local/arm7//lib/gcc/arm-elf/4.1.1/../../../../arm-elf/lib/thumb/interwork/libm.a(s_floor.o)
 .comment       0x00000000       0x12 /usr/local/arm7//lib/gcc/arm-elf/4.1.1/../../../../arm-elf/lib/thumb/interwork/libm.a(s_isnan.o)
 .comment       0x00000000       0x12 /usr/local/arm7//lib/gcc/arm-elf/4.1.1/../../../../arm-elf/lib/thumb/interwork/libm.a(s_lib_ver.o)
 .comment       0x00000000       0x12 /usr/local/arm7//lib/gcc/arm-elf/4.1.1/../../../../arm-elf/lib/thumb/interwork/libm.a(s_matherr.o)
 .comment       0x00000000       0x12 /usr/local/arm7//lib/gcc/arm-elf/4.1.1/../../../../arm-elf/lib/thumb/interwork/libm.a(s_scalbn.o)
 .comment       0x00000000       0x12 /usr/local/arm7//lib/gcc/arm-elf/4.1.1/../../../../arm-elf/lib/thumb/interwork/libm.a(sf_isnan.o)
 .comment       0x00000000       0x12 /usr/local/arm7//lib/gcc/arm-elf/4.1.1/../../../../arm-elf/lib/thumb/interwork/libm.a(s_copysign.o)
 .comment       0x00000000       0x12 /usr/local/arm7//lib/gcc/arm-elf/4.1.1/../../../../arm-elf/lib/thumb/interwork/libg.a(errno.o)

.ARM.attributes
                0x00000000       0x10
 .ARM.attributes
                0x00000000       0x10 Common_WinARM/src/Startup.o
 .ARM.attributes
                0x00000010       0x10 Common_WinARM/src/swi_handler.o
 .ARM.attributes
                0x00000020       0x10 LL_HL_comm.o
 .ARM.attributes
                0x00000030       0x10 mymath.o
 .ARM.attributes
                0x00000040       0x10 gpsmath.o
 .ARM.attributes
                0x00000050       0x10 sdk.o
 .ARM.attributes
                0x00000060       0x10 buzzer.o
 .ARM.attributes
                0x00000070       0x10 ../FMCore/fmmessage.o
 .ARM.attributes
                0x00000080       0x10 ../FMCore/fmrawsensorobject.o
 .ARM.attributes
                0x00000090       0x10 ../FMCore/fmsensorobject.o
 .ARM.attributes
                0x000000a0       0x10 ../FMCore/fmgpssensorobject.o
 .ARM.attributes
                0x000000b0       0x10 ../FMCore/fmrotorobject.o
 .ARM.attributes
                0x000000c0       0x10 ../FMCore/fmstateobject.o
 .ARM.attributes
                0x000000d0       0x10 ../FMCore/fmstateobject2.o
 .ARM.attributes
                0x000000e0       0x10 ../FMCore/fmoptitrackobject.o
 .ARM.attributes
                0x000000f0       0x10 ../FMCore/fmoptitrackobject2.o
 .ARM.attributes
                0x00000100       0x10 ../FMCore/fmmotorinputobject.o
 .ARM.attributes
                0x00000110       0x10 ../FMCore/fmstatusobject.o
 .ARM.attributes
                0x00000120       0x10 ../FMCore/fminnerloopobject.o
 .ARM.attributes
                0x00000130       0x10 ../FMCore/fminnerloopobject2.o
 .ARM.attributes
                0x00000140       0x10 ../FMCore/fmremotesetting.o
 .ARM.attributes
                0x00000150       0x10 ../FMCore/fmcommand.o
 .ARM.attributes
                0x00000160       0x10 ../FMCore/fmplannerinfo.o
 .ARM.attributes
                0x00000170       0x10 ../FMCore/fmcontrolobject.o
 .ARM.attributes
                0x00000180       0x10 ../FMCore/fmcontrolobject2.o
 .ARM.attributes
                0x00000190       0x10 ../FMCore/fmtextlog.o
 .ARM.attributes
                0x000001a0       0x10 lab.o
 .ARM.attributes
                0x000001b0       0x10 utils.o
 .ARM.attributes
                0x000001c0       0x10 main.o
 .ARM.attributes
                0x000001d0       0x10 hardware.o
 .ARM.attributes
                0x000001e0       0x10 LPC2k_ee.o
 .ARM.attributes
                0x000001f0       0x10 system.o
 .ARM.attributes
                0x00000200       0x10 uart.o
 .ARM.attributes
                0x00000210       0x10 syscalls.o
 .ARM.attributes
                0x00000220       0x10 i2c.o
 .ARM.attributes
                0x00000230       0x10 Common_WinARM/src/irq.o
 .ARM.attributes
                0x00000240       0x10 adc.o
 .ARM.attributes
                0x00000250       0x10 ssp.o
 .ARM.attributes
                0x00000260       0x10 pelican_ptu.o
 .ARM.attributes
                0x00000270       0x10 /usr/local/arm7//lib/gcc/arm-elf/4.1.1/../../../../arm-elf/lib/thumb/interwork/libc.a(malloc.o)
 .ARM.attributes
                0x00000280       0x10 /usr/local/arm7//lib/gcc/arm-elf/4.1.1/../../../../arm-elf/lib/thumb/interwork/libc.a(mallocr.o)
 .ARM.attributes
                0x00000290       0x10 /usr/local/arm7//lib/gcc/arm-elf/4.1.1/../../../../arm-elf/lib/thumb/interwork/libc.a(memcpy.o)
 .ARM.attributes
                0x000002a0       0x10 /usr/local/arm7//lib/gcc/arm-elf/4.1.1/../../../../arm-elf/lib/thumb/interwork/libc.a(memmove.o)
 .ARM.attributes
                0x000002b0       0x10 /usr/local/arm7//lib/gcc/arm-elf/4.1.1/../../../../arm-elf/lib/thumb/interwork/libc.a(mlock.o)
 .ARM.attributes
                0x000002c0       0x10 /usr/local/arm7//lib/gcc/arm-elf/4.1.1/../../../../arm-elf/lib/thumb/interwork/libc.a(puts.o)
 .ARM.attributes
                0x000002d0       0x10 /usr/local/arm7//lib/gcc/arm-elf/4.1.1/../../../../arm-elf/lib/thumb/interwork/libc.a(strlen.o)
 .ARM.attributes
                0x000002e0       0x10 /usr/local/arm7//lib/gcc/arm-elf/4.1.1/../../../../arm-elf/lib/thumb/interwork/libc.a(freer.o)
 .ARM.attributes
                0x000002f0       0x10 /usr/local/arm7//lib/gcc/arm-elf/4.1.1/../../../../arm-elf/lib/thumb/interwork/libc.a(fvwrite.o)
 .ARM.attributes
                0x00000300       0x10 /usr/local/arm7//lib/gcc/arm-elf/4.1.1/../../../../arm-elf/lib/thumb/interwork/libc.a(impure.o)
 .ARM.attributes
                0x00000310       0x10 /usr/local/arm7//lib/gcc/arm-elf/4.1.1/../../../../arm-elf/lib/thumb/interwork/libc.a(memchr.o)
 .ARM.attributes
                0x00000320       0x10 /usr/local/arm7//lib/gcc/arm-elf/4.1.1/../../../../arm-elf/lib/thumb/interwork/libc.a(reallocr.o)
 .ARM.attributes
                0x00000330       0x10 /usr/local/arm7//lib/gcc/arm-elf/4.1.1/../../../../arm-elf/lib/thumb/interwork/libc.a(wsetup.o)
 .ARM.attributes
                0x00000340       0x10 /usr/local/arm7//lib/gcc/arm-elf/4.1.1/../../../../arm-elf/lib/thumb/interwork/libc.a(fflush.o)
 .ARM.attributes
                0x00000350       0x10 /usr/local/arm7//lib/gcc/arm-elf/4.1.1/../../../../arm-elf/lib/thumb/interwork/libc.a(findfp.o)
 .ARM.attributes
                0x00000360       0x10 /usr/local/arm7//lib/gcc/arm-elf/4.1.1/../../../../arm-elf/lib/thumb/interwork/libc.a(fwalk.o)
 .ARM.attributes
                0x00000370       0x10 /usr/local/arm7//lib/gcc/arm-elf/4.1.1/../../../../arm-elf/lib/thumb/interwork/libc.a(makebuf.o)
 .ARM.attributes
                0x00000380       0x10 /usr/local/arm7//lib/gcc/arm-elf/4.1.1/../../../../arm-elf/lib/thumb/interwork/libc.a(memset.o)
 .ARM.attributes
                0x00000390       0x10 /usr/local/arm7//lib/gcc/arm-elf/4.1.1/../../../../arm-elf/lib/thumb/interwork/libc.a(stdio.o)
 .ARM.attributes
                0x000003a0       0x10 /usr/local/arm7//lib/gcc/arm-elf/4.1.1/../../../../arm-elf/lib/thumb/interwork/libc.a(fclose.o)
 .ARM.attributes
                0x000003b0       0x10 /usr/local/arm7//lib/gcc/arm-elf/4.1.1/thumb/interwork/libgcc.a(_udivsi3.o)
 .ARM.attributes
                0x000003c0       0x10 /usr/local/arm7//lib/gcc/arm-elf/4.1.1/thumb/interwork/libgcc.a(_divsi3.o)
 .ARM.attributes
                0x000003d0       0x10 /usr/local/arm7//lib/gcc/arm-elf/4.1.1/thumb/interwork/libgcc.a(_dvmd_tls.o)
 .ARM.attributes
                0x000003e0       0x10 /usr/local/arm7//lib/gcc/arm-elf/4.1.1/thumb/interwork/libgcc.a(_addsubdf3.o)
 .ARM.attributes
                0x000003f0       0x10 /usr/local/arm7//lib/gcc/arm-elf/4.1.1/thumb/interwork/libgcc.a(_muldivdf3.o)
 .ARM.attributes
                0x00000400       0x10 /usr/local/arm7//lib/gcc/arm-elf/4.1.1/thumb/interwork/libgcc.a(_cmpdf2.o)
 .ARM.attributes
                0x00000410       0x10 /usr/local/arm7//lib/gcc/arm-elf/4.1.1/thumb/interwork/libgcc.a(_fixdfsi.o)
 .ARM.attributes
                0x00000420       0x10 /usr/local/arm7//lib/gcc/arm-elf/4.1.1/thumb/interwork/libgcc.a(_fixunsdfsi.o)
 .ARM.attributes
                0x00000430       0x10 /usr/local/arm7//lib/gcc/arm-elf/4.1.1/thumb/interwork/libgcc.a(_truncdfsf2.o)
 .ARM.attributes