Archive member included because of file (symbol)

c:/asctec_arm_sdk/winarm/bin/../lib/gcc/arm-elf/4.1.1/../../../../arm-elf/lib/thumb/interwork\libc.a(memcpy.o)
                              LL_HL_comm.o (memcpy)
c:/asctec_arm_sdk/winarm/bin/../lib/gcc/arm-elf/4.1.1/../../../../arm-elf/lib/thumb/interwork\libc.a(sprintf.o)
                              sdk_telemetry.o (sprintf)
c:/asctec_arm_sdk/winarm/bin/../lib/gcc/arm-elf/4.1.1/../../../../arm-elf/lib/thumb/interwork\libc.a(strcpy.o)
                              asctecCommIntfOnboard.o (strcpy)
c:/asctec_arm_sdk/winarm/bin/../lib/gcc/arm-elf/4.1.1/../../../../arm-elf/lib/thumb/interwork\libc.a(strlen.o)
                              asctecCommIntfOnboard.o (strlen)
c:/asctec_arm_sdk/winarm/bin/../lib/gcc/arm-elf/4.1.1/../../../../arm-elf/lib/thumb/interwork\libc.a(vfprintf.o)
                              c:/asctec_arm_sdk/winarm/bin/../lib/gcc/arm-elf/4.1.1/../../../../arm-elf/lib/thumb/interwork\libc.a(sprintf.o) (_vfprintf_r)
c:/asctec_arm_sdk/winarm/bin/../lib/gcc/arm-elf/4.1.1/../../../../arm-elf/lib/thumb/interwork\libc.a(wcrtomb.o)
                              c:/asctec_arm_sdk/winarm/bin/../lib/gcc/arm-elf/4.1.1/../../../../arm-elf/lib/thumb/interwork\libc.a(vfprintf.o) (_wcrtomb_r)
c:/asctec_arm_sdk/winarm/bin/../lib/gcc/arm-elf/4.1.1/../../../../arm-elf/lib/thumb/interwork\libc.a(wcsrtombs.o)
                              c:/asctec_arm_sdk/winarm/bin/../lib/gcc/arm-elf/4.1.1/../../../../arm-elf/lib/thumb/interwork\libc.a(vfprintf.o) (_wcsrtombs_r)
c:/asctec_arm_sdk/winarm/bin/../lib/gcc/arm-elf/4.1.1/../../../../arm-elf/lib/thumb/interwork\libc.a(wctomb_r.o)
                              c:/asctec_arm_sdk/winarm/bin/../lib/gcc/arm-elf/4.1.1/../../../../arm-elf/lib/thumb/interwork\libc.a(wcrtomb.o) (_wctomb_r)
c:/asctec_arm_sdk/winarm/bin/../lib/gcc/arm-elf/4.1.1/../../../../arm-elf/lib/thumb/interwork\libc.a(wsetup.o)
                              c:/asctec_arm_sdk/winarm/bin/../lib/gcc/arm-elf/4.1.1/../../../../arm-elf/lib/thumb/interwork\libc.a(vfprintf.o) (__swsetup)
c:/asctec_arm_sdk/winarm/bin/../lib/gcc/arm-elf/4.1.1/../../../../arm-elf/lib/thumb/interwork\libc.a(dtoa.o)
                              c:/asctec_arm_sdk/winarm/bin/../lib/gcc/arm-elf/4.1.1/../../../../arm-elf/lib/thumb/interwork\libc.a(vfprintf.o) (_dtoa_r)
c:/asctec_arm_sdk/winarm/bin/../lib/gcc/arm-elf/4.1.1/../../../../arm-elf/lib/thumb/interwork\libc.a(fflush.o)
                              c:/asctec_arm_sdk/winarm/bin/../lib/gcc/arm-elf/4.1.1/../../../../arm-elf/lib/thumb/interwork\libc.a(vfprintf.o) (fflush)
c:/asctec_arm_sdk/winarm/bin/../lib/gcc/arm-elf/4.1.1/../../../../arm-elf/lib/thumb/interwork\libc.a(findfp.o)
                              c:/asctec_arm_sdk/winarm/bin/../lib/gcc/arm-elf/4.1.1/../../../../arm-elf/lib/thumb/interwork\libc.a(vfprintf.o) (__sinit)
c:/asctec_arm_sdk/winarm/bin/../lib/gcc/arm-elf/4.1.1/../../../../arm-elf/lib/thumb/interwork\libc.a(freer.o)
                              c:/asctec_arm_sdk/winarm/bin/../lib/gcc/arm-elf/4.1.1/../../../../arm-elf/lib/thumb/interwork\libc.a(vfprintf.o) (_free_r)
c:/asctec_arm_sdk/winarm/bin/../lib/gcc/arm-elf/4.1.1/../../../../arm-elf/lib/thumb/interwork\libc.a(fvwrite.o)
                              c:/asctec_arm_sdk/winarm/bin/../lib/gcc/arm-elf/4.1.1/../../../../arm-elf/lib/thumb/interwork\libc.a(vfprintf.o) (__sfvwrite)
c:/asctec_arm_sdk/winarm/bin/../lib/gcc/arm-elf/4.1.1/../../../../arm-elf/lib/thumb/interwork\libc.a(fwalk.o)
                              c:/asctec_arm_sdk/winarm/bin/../lib/gcc/arm-elf/4.1.1/../../../../arm-elf/lib/thumb/interwork\libc.a(fflush.o) (_fwalk)
c:/asctec_arm_sdk/winarm/bin/../lib/gcc/arm-elf/4.1.1/../../../../arm-elf/lib/thumb/interwork\libc.a(impure.o)
                              c:/asctec_arm_sdk/winarm/bin/../lib/gcc/arm-elf/4.1.1/../../../../arm-elf/lib/thumb/interwork\libc.a(sprintf.o) (_impure_ptr)
c:/asctec_arm_sdk/winarm/bin/../lib/gcc/arm-elf/4.1.1/../../../../arm-elf/lib/thumb/interwork\libc.a(locale.o)
                              c:/asctec_arm_sdk/winarm/bin/../lib/gcc/arm-elf/4.1.1/../../../../arm-elf/lib/thumb/interwork\libc.a(vfprintf.o) (localeconv)
c:/asctec_arm_sdk/winarm/bin/../lib/gcc/arm-elf/4.1.1/../../../../arm-elf/lib/thumb/interwork\libc.a(makebuf.o)
                              c:/asctec_arm_sdk/winarm/bin/../lib/gcc/arm-elf/4.1.1/../../../../arm-elf/lib/thumb/interwork\libc.a(wsetup.o) (__smakebuf)
c:/asctec_arm_sdk/winarm/bin/../lib/gcc/arm-elf/4.1.1/../../../../arm-elf/lib/thumb/interwork\libc.a(mallocr.o)
                              c:/asctec_arm_sdk/winarm/bin/../lib/gcc/arm-elf/4.1.1/../../../../arm-elf/lib/thumb/interwork\libc.a(vfprintf.o) (_malloc_r)
c:/asctec_arm_sdk/winarm/bin/../lib/gcc/arm-elf/4.1.1/../../../../arm-elf/lib/thumb/interwork\libc.a(memchr.o)
                              c:/asctec_arm_sdk/winarm/bin/../lib/gcc/arm-elf/4.1.1/../../../../arm-elf/lib/thumb/interwork\libc.a(vfprintf.o) (memchr)
[...]
Memory Configuration

Name             Origin             Length             Attributes
ROM              0x00000000         0x00080000         xr
RAM              0x40000000         0x00008000         rw
*default*        0x00000000         0xffffffff

Linker script and memory map

LOAD Common_WinARM/src/Startup.o
LOAD Common_WinARM/src/swi_handler.o
LOAD LL_HL_comm.o
LOAD mymath.o
LOAD gpsmath.o
LOAD sdk.o
LOAD sdk_telemetry.o
LOAD buzzer.o
LOAD lpc_aci_eeprom.o
LOAD asctecCommIntfOnboard.o
LOAD buildInfoSetup.o
LOAD main.o
LOAD hardware.o
LOAD system.o
LOAD uart.o
LOAD syscalls.o
LOAD i2c.o
LOAD i2c1.o
LOAD Common_WinARM/src/irq.o
LOAD adc.o
LOAD ssp.o
LOAD pelican_ptu.o
LOAD jetiTelemetry.o
LOAD LPC2k_ee.o
LOAD lab.o
LOAD Utilites.o
LOAD c:/asctec_arm_sdk/winarm/bin/../lib/gcc/arm-elf/4.1.1/../../../../arm-elf/lib/thumb/interwork\libc.a
LOAD c:/asctec_arm_sdk/winarm/bin/../lib/gcc/arm-elf/4.1.1/../../../../arm-elf/lib/thumb/interwork\libc.a
LOAD c:/asctec_arm_sdk/winarm/bin/../lib/gcc/arm-elf/4.1.1/thumb/interwork\libgcc.a
LOAD ./\libdeclination.a
LOAD ./\libublox.a
LOAD c:/asctec_arm_sdk/winarm/bin/../lib/gcc/arm-elf/4.1.1/../../../../arm-elf/lib/thumb/interwork\libm.a
START GROUP
LOAD c:/asctec_arm_sdk/winarm/bin/../lib/gcc/arm-elf/4.1.1/thumb/interwork\libgcc.a
LOAD c:/asctec_arm_sdk/winarm/bin/../lib/gcc/arm-elf/4.1.1/../../../../arm-elf/lib/thumb/interwork\libg.a
LOAD c:/asctec_arm_sdk/winarm/bin/../lib/gcc/arm-elf/4.1.1/../../../../arm-elf/lib/thumb/interwork\libc.a
END GROUP

.text           0x00000000    0x1cb30
 *(.vectorg)
 .vectorg       0x00000000       0x98 Common_WinARM/src/Startup.o
                0x00000050                __IRQ_Wrapper
 .vectorg       0x00000098       0xd0 Common_WinARM/src/swi_handler.o
                0x00000098                SoftwareInterrupt
                0x00000168                . = ALIGN (0x4)
 *(.init)
 .init          0x00000168      0x168 Common_WinARM/src/Startup.o
                0x00000294                __exit_THUMB
                0x00000168                __startup
                0x00000290                __exit_ARM
 *(.text .text.*)
 .text          0x000002d0        0x0 Common_WinARM/src/Startup.o
 .text          0x000002d0       0x38 Common_WinARM/src/swi_handler.o
                0x000002e0                IntGetCPSR
                0x00000300                FiqDisable
                0x000002d0                IntRestore
                0x000002f0                IntDisable
                0x000002d8                FiqRestore
                0x000002e8                IntEnable
                0x000002f8                FiqEnable
 .text          0x00000308     0x12fc LL_HL_comm.o
                0x00000dbc                SSP_data_distribution_HL
                0x00000308                LL_write_ctrl_data
                0x00000424                HL2LL_write_cycle
                0x0000112c                SSP_rx_handler_HL
 .text          0x00001604       0x64 mymath.o
                0x00001610                fast_sqrt
                0x00001604                fast_abs
 .text          0x00001668      0x104 gpsmath.o
                0x00001668                xy2latlon
 .text          0x0000176c      0xb24 sdk.o
                0x0000176c                SDK_Init
                0x00001944                SDK_EXAMPLE_attitude_commands
                0x00001898                SDK_EXAMPLE_direct_motor_commands_with_standard_output_mapping
                0x00002140                SDK_mainloop
                0x00001794                SDK_SetEmergencyMode
                0x000017d0                SDK_EXAMPLE_direct_individual_motor_commands
                0x00001a08                SDK_EXAMPLE_turn_motors_off
                0x00001978                SDK_EXAMPLE_turn_motors_on
                0x00001a98                SDK_EXAMPLE_gps_waypoint_control
 .text          0x00002290      0x7ec sdk_telemetry.o
                0x00002290                SDK_jetiAscTecExampleUpdateDisplay
                0x00002624                SDK_jetiAscTecExampleKeyChange
                0x000023f0                SDK_jetiAscTecExampleInit
                0x000027c0                SDK_jetiAscTecExampleRun
 .text          0x00002a7c      0x5e4 buzzer.o
                0x00002aa4                buzzer_handler
                0x00002a7c                buzzer
 .text          0x00003060      0x3a0 lpc_aci_eeprom.o
                0x0000320c                lpc_aci_ReadParafromFlash
                0x000030cc                lpc_aci_SavePara
                0x000033b4                lpc_aci_init
                0x00003060                lpc_aci_WriteParatoFlash
 .text          0x00003400     0x2b5c asctecCommIntfOnboard.o
                0x00003558                aciTxRingBufferReset
                0x000044bc                aciSyncVar
                0x00003d94                aciSendVar
                0x000039ec                aciPublishVariableInt
                0x00003694                aciPublishParameterInt
                0x0000596c                aciReceiveHandler
                0x00003ba8                aciSetSaveParaCallback
                0x00005b4c                aciSingleSend
                0x00003b98                aciSetReadParafromFlashCallback
                0x0000432c                aciSyncCmd
                0x000035d0                aciTxRingBufferGetNextByte
                0x00003cbc                aciTxSendPacket
                0x00004560                aciRxHandleMessage
                0x00003bc8                aciTxRingBufferAddData
                0x00003400                aciInit
                0x00005ddc                aciEngine
                0x00003654                aciUpdateCrc16
                0x00003840                aciPublishCommandInt
                0x00003548                aciSetStartTxCallback
                0x00003578                aciTxRingBufferGetFreeSpace
                0x00003bb8                aciSetWriteParatoFlashCallback
                0x00005cec                aciSendSingleWithAck
                0x0000419c                aciSyncPar
                0x00003628                aciCrcUpdate
                0x000035b8                aciTxRingBufferByteAvailable
 .text          0x00005f5c      0x1bc buildInfoSetup.o
                0x00005f5c                generateBuildInfo
 .text          0x00006118      0xaa8 main.o
                0x00006118                timer0ISR
                0x0000658c                mainloop
                0x00006200                main
                0x0000699c                ACISDK
 .text          0x00006bc0       0x8c hardware.o
                0x00006bc0                LED
 .text          0x00006c4c      0x58c system.o
                0x00006e28                init_timer0
                0x00006fbc                init_spi1
                0x00006ed0                PWM_Init
                0x00006d80                init_ports
                0x00006c4c                init
                0x00006f84                init_spi
                0x00006cd4                init_interrupts
                0x00007190                delay
                0x000070d8                processorClockFrequency
                0x00007098                pll_feed
                0x00007058                pll_init
                0x000070f8                peripheralClockFrequency
 .text          0x000071d8      0xeb4 uart.o
                0x000076a4                UARTWriteChar
                0x000075f8                UART1Initialize
                0x00007968                UART_send_ringbuffer
                0x000077d4                __putchar
                0x00007744                UARTReadChar
                0x0000778c                UART1ReadChar
                0x000071d8                uart1ISR
                0x00007818                UART_send
                0x00007c20                crc16
                0x00007b30                crc_update
                0x00007ea0                ringbuffer1
                0x000072a8                uart0ISR
                0x00007a38                UART_SendPacket
                0x00007cb4                ringbuffer
                0x0000754c                UARTInitialize
                0x000076f4                UART1WriteChar
                0x000079d0                UART1_send_ringbuffer
                0x000078d4                UART1_send
 .text          0x0000808c      0x2b4 syscalls.o
                0x00008234                _lseek_r
                0x00008268                _fstat_r
                0x000082a4                isatty
                0x000082cc                _sbrk_r
                0x0000808c                _read_r
                0x00008208                _close_r
                0x0000816c                _write_r
 .text          0x00008340      0x750 i2c.o
                0x000087dc                I2C0_send_motordata
                0x00008a00                I2CEngine
                0x00008340                I2C0MasterHandler
                0x00008888                I2CStart
                0x0000891c                I2CStop
                0x00008978                I2CInit
 .text          0x00008a90     0x1048 i2c1.o
                0x00008d84                fireFlyLedHandler
                0x00008a90                I2C1MasterHandler
                0x000098c0                I2C1_setRGBLed
                0x00009aac                I2C1State
                0x00009a38                I2C1Engine
                0x000099c4                I2C1Init
 .text          0x00009ad8      0x2d8 Common_WinARM/src/irq.o
                0x00009bc4                install_irq
                0x00009cb8                uninstall_irq
                0x00009b00                init_VIC
 .text          0x00009db0      0x3ec adc.o
                0x0000a0c0                ADC0getSamplingResults
                0x00009db0                ADCInit
                0x00009f74                ADC1Read
                0x00009e38                ADC0Read
                0x0000a07c                ADC0triggerSampling
 .text          0x0000a19c      0x420 ssp.o
                0x0000a3b4                LL_write
                0x0000a374                LL_write_init
                0x0000a19c                SSPHandler
 .text          0x0000a5bc      0x928 pelican_ptu.o
                0x0000a5bc                PTU_init
                0x0000aac0                SERVO_roll_move
                0x0000aba0                PTU_update_middle_positions_by_stick
                0x0000a6dc                PTU_update
                0x0000a9d8                SERVO_pitch_move
 .text          0x0000aee4     0x1090 jetiTelemetry.o
                0x0000ba28                jetiSetValueDate
                0x0000b02c                jetiSetDeviceName
                0x0000b578                jetiSetValue6B
                0x0000b290                jetiSetValue30B
                0x0000b400                jetiSetValue22B
                0x0000b16c                jetiDeactivateValue
                0x0000b860                jetiSetValueTime
                0x0000bc1c                jetiSetTextDisplay
                0x0000af88                jetiSetAlarm
                0x0000b6e8                jetiSetValue14B
                0x0000b1e8                jetiSetDecimalPoint
                0x0000af28                jetiCheckForKeyChange
                0x0000aee4                jetiSetKeyChanged
                0x0000b0e4                jetiActivateValue
                0x0000bd68                jetiInitValue
 .text          0x0000bf74      0x69c LPC2k_ee.o
                0x0000c588                enter_isp
                0x0000bf74                ee_erase
                0x0000c2d4                ee_read
                0x0000c0b0                ee_write
                0x0000c3cc                ee_count
                0x0000c364                ee_readn
                0x0000c440                ee_locate
 .text          0x0000c610      0x6ac lab.o
                0x0000c610                lab
                0x0000c630                lab2
                0x0000c76c                Command
 .text          0x0000ccbc      0xfbc Utilites.o
                0x0000cf40                matrix_scalar_mult
                0x0000d0b0                matrix_transpose
                0x0000d8d4                cofactors
                0x0000d01c                vector_scalar_mult
                0x0000d43c                determinant
                0x0000ce3c                matrix_add
                0x0000d17c                matrix_multiply
                0x0000d770                vector_copy
                0x0000db38                inverse
                0x0000d310                vector_multiply
                0x0000cd90                vector_add
                0x0000d7f0                make_identity
                0x0000ccbc                angle_diff
 .text          0x0000dc78       0x20 c:/asctec_arm_sdk/winarm/bin/../lib/gcc/arm-elf/4.1.1/../../../../arm-elf/lib/thumb/interwork\libc.a(memcpy.o)
                0x0000dc78                memcpy
 .text          0x0000dc98       0x84 c:/asctec_arm_sdk/winarm/bin/../lib/gcc/arm-elf/4.1.1/../../../../arm-elf/lib/thumb/interwork\libc.a(sprintf.o)
                0x0000dcdc                _sprintf_r
                0x0000dc98                sprintf
 .text          0x0000dd1c       0x10 c:/asctec_arm_sdk/winarm/bin/../lib/gcc/arm-elf/4.1.1/../../../../arm-elf/lib/thumb/interwork\libc.a(strcpy.o)
                0x0000dd1c                strcpy
 .text          0x0000dd2c       0x10 c:/asctec_arm_sdk/winarm/bin/../lib/gcc/arm-elf/4.1.1/../../../../arm-elf/lib/thumb/interwork\libc.a(strlen.o)
                0x0000dd2c                strlen
 .text          0x0000dd3c     0x1460 c:/asctec_arm_sdk/winarm/bin/../lib/gcc/arm-elf/4.1.1/../../../../arm-elf/lib/thumb/interwork\libc.a(vfprintf.o)
                0x0000dd5c                _vfprintf_r
                0x0000f17c                vfprintf
 .text          0x0000f19c       0x50 c:/asctec_arm_sdk/winarm/bin/../lib/gcc/arm-elf/4.1.1/../../../../arm-elf/lib/thumb/interwork\libc.a(wcrtomb.o)
                0x0000f19c                _wcrtomb_r
                0x0000f1cc                wcrtomb
 .text          0x0000f1ec       0xd8 c:/asctec_arm_sdk/winarm/bin/../lib/gcc/arm-elf/4.1.1/../../../../arm-elf/lib/thumb/interwork\libc.a(wcsrtombs.o)
                0x0000f1ec                _wcsrtombs_r
                0x0000f29c                wcsrtombs
 .text          0x0000f2c4      0x2b0 c:/asctec_arm_sdk/winarm/bin/../lib/gcc/arm-elf/4.1.1/../../../../arm-elf/lib/thumb/interwork\libc.a(wctomb_r.o)
                0x0000f2c4                _wctomb_r
 .text          0x0000f574       0x94 c:/asctec_arm_sdk/winarm/bin/../lib/gcc/arm-elf/4.1.1/../../../../arm-elf/lib/thumb/interwork\libc.a(wsetup.o)
                0x0000f574                __swsetup
 .text          0x0000f608      0xd30 c:/asctec_arm_sdk/winarm/bin/../lib/gcc/arm-elf/4.1.1/../../../../arm-elf/lib/thumb/interwork\libc.a(dtoa.o)
                0x0000f73c                _dtoa_r
 .text          0x00010338       0x88 c:/asctec_arm_sdk/winarm/bin/../lib/gcc/arm-elf/4.1.1/../../../../arm-elf/lib/thumb/interwork\libc.a(fflush.o)
                0x00010338                fflush
 .text          0x000103c0      0x1b0 c:/asctec_arm_sdk/winarm/bin/../lib/gcc/arm-elf/4.1.1/../../../../arm-elf/lib/thumb/interwork\libc.a(findfp.o)
                0x000103f8                __sinit
                0x00010490                __sfmoreglue
                0x0001047c                _cleanup
                0x0001046c                _cleanup_r
                0x000104e0                __fp_lock_all
                0x00010454                __sfp_lock_acquire
                0x000104f8                __sfp
                0x00010460                __sinit_lock_release
                0x000104c8                __fp_unlock_all
                0x00010458                __sfp_lock_release
                0x0001045c                __sinit_lock_acquire
 .text          0x00010570      0x248 c:/asctec_arm_sdk/winarm/bin/../lib/gcc/arm-elf/4.1.1/../../../../arm-elf/lib/thumb/interwork\libc.a(freer.o)
                0x00010610                _free_r
                0x00010570                _malloc_trim_r
 .text          0x000107b8      0x25c c:/asctec_arm_sdk/winarm/bin/../lib/gcc/arm-elf/4.1.1/../../../../arm-elf/lib/thumb/interwork\libc.a(fvwrite.o)
                0x000107b8                __sfvwrite
 .text          0x00010a14       0xb4 c:/asctec_arm_sdk/winarm/bin/../lib/gcc/arm-elf/4.1.1/../../../../arm-elf/lib/thumb/interwork\libc.a(fwalk.o)
                0x00010a70                _fwalk
                0x00010a14                _fwalk_reent
 .text          0x00010ac8        0x0 c:/asctec_arm_sdk/winarm/bin/../lib/gcc/arm-elf/4.1.1/../../../../arm-elf/lib/thumb/interwork\libc.a(impure.o)
 .text          0x00010ac8       0x78 c:/asctec_arm_sdk/winarm/bin/../lib/gcc/arm-elf/4.1.1/../../../../arm-elf/lib/thumb/interwork\libc.a(locale.o)
                0x00010adc                _setlocale_r
                0x00010ac8                __locale_charset
                0x00010ad4                _localeconv_r
                0x00010b1c                setlocale
                0x00010b38                localeconv
 .text          0x00010b40       0xd8 c:/asctec_arm_sdk/winarm/bin/../lib/gcc/arm-elf/4.1.1/../../../../arm-elf/lib/thumb/interwork\libc.a(makebuf.o)
                0x00010b40                __smakebuf
 .text          0x00010c18      0x4ac c:/asctec_arm_sdk/winarm/bin/../lib/gcc/arm-elf/4.1.1/../../../../arm-elf/lib/thumb/interwork\libc.a(mallocr.o)
                0x00010c18                _malloc_r
 .text          0x000110c4       0x18 c:/asctec_arm_sdk/winarm/bin/../lib/gcc/arm-elf/4.1.1/../../../../arm-elf/lib/thumb/interwork\libc.a(memchr.o)
                0x000110c4                memchr
 .text          0x000110dc       0x38 c:/asctec_arm_sdk/winarm/bin/../lib/gcc/arm-elf/4.1.1/../../../../arm-elf/lib/thumb/interwork\libc.a(memmove.o)
                0x000110dc                memmove
 .text          0x00011114       0x10 c:/asctec_arm_sdk/winarm/bin/../lib/gcc/arm-elf/4.1.1/../../../../arm-elf/lib/thumb/interwork\libc.a(memset.o)
                0x00011114                memset
 .text          0x00011124        0x8 c:/asctec_arm_sdk/winarm/bin/../lib/gcc/arm-elf/4.1.1/../../../../arm-elf/lib/thumb/interwork\libc.a(mlock.o)
                0x00011128                __malloc_unlock
                0x00011124                __malloc_lock
 .text          0x0001112c      0x834 c:/asctec_arm_sdk/winarm/bin/../lib/gcc/arm-elf/4.1.1/../../../../arm-elf/lib/thumb/interwork\libc.a(mprec.o)
                0x0001139c                _mprec_log10
                0x00011144                _hi0bits
                0x000113e0                _Balloc
                0x0001143c                _d2b
                0x00011680                _multiply
                0x00011348                _ratio
                0x000118dc                _s2b
                0x000117ac                _i2b
                0x0001118c                _lo0bits
                0x000111f8                __mcmp
                0x00011850                _pow5mult
                0x00011238                _ulp
                0x00011288                _b2d
                0x000117c4                _multadd
                0x00011510                __mdiff
                0x000115f0                _lshift
                0x0001112c                _Bfree
 .text          0x00011960      0x308 c:/asctec_arm_sdk/winarm/bin/../lib/gcc/arm-elf/4.1.1/../../../../arm-elf/lib/thumb/interwork\libc.a(reallocr.o)
                0x00011960                _realloc_r
 .text          0x00011c68       0x2c c:/asctec_arm_sdk/winarm/bin/../lib/gcc/arm-elf/4.1.1/../../../../arm-elf/lib/thumb/interwork\libc.a(s_isinf.o)
                0x00011c68                isinf
 .text          0x00011c94       0x24 c:/asctec_arm_sdk/winarm/bin/../lib/gcc/arm-elf/4.1.1/../../../../arm-elf/lib/thumb/interwork\libc.a(s_isnan.o)
                0x00011c94                isnan
 .text          0x00011cb8       0xd0 c:/asctec_arm_sdk/winarm/bin/../lib/gcc/arm-elf/4.1.1/../../../../arm-elf/lib/thumb/interwork\libc.a(stdio.o)
                0x00011cd0                __sseek
                0x00011d50                __sread
                0x00011cb8                __sclose
                0x00011d0c                __swrite
 .text          0x00011d88       0x18 c:/asctec_arm_sdk/winarm/bin/../lib/gcc/arm-elf/4.1.1/../../../../arm-elf/lib/thumb/interwork\libc.a(strcmp.o)
                0x00011d88                strcmp
 .text          0x00011da0       0x5c c:/asctec_arm_sdk/winarm/bin/../lib/gcc/arm-elf/4.1.1/../../../../arm-elf/lib/thumb/interwork\libc.a(callocr.o)
                0x00011da0                _calloc_r
 .text          0x00011dfc       0xb8 c:/asctec_arm_sdk/winarm/bin/../lib/gcc/arm-elf/4.1.1/../../../../arm-elf/lib/thumb/interwork\libc.a(fclose.o)
                0x00011dfc                _fclose_r
                0x00011e9c                fclose
 .text          0x00011eb4       0x8c c:/asctec_arm_sdk/winarm/bin/../lib/gcc/arm-elf/4.1.1/thumb/interwork\libgcc.a(_udivsi3.o)
                0x00011eb4                __udivsi3
                0x00011eb4                __aeabi_uidiv
                0x00011f30                __aeabi_uidivmod
 .text          0x00011f40       0xa4 c:/asctec_arm_sdk/winarm/bin/../lib/gcc/arm-elf/4.1.1/thumb/interwork\libgcc.a(_divsi3.o)
                0x00011f40                __aeabi_idiv
                0x00011f40                __divsi3
                0x00011fd4                __aeabi_idivmod
 .text          0x00011fe4       0xc8 c:/asctec_arm_sdk/winarm/bin/../lib/gcc/arm-elf/4.1.1/thumb/interwork\libgcc.a(_umodsi3.o)
                0x00011fe4                __umodsi3
 .text          0x000120ac       0xd8 c:/asctec_arm_sdk/winarm/bin/../lib/gcc/arm-elf/4.1.1/thumb/interwork\libgcc.a(_modsi3.o)
                0x000120ac                __modsi3
 .text          0x00012184        0x4 c:/asctec_arm_sdk/winarm/bin/../lib/gcc/arm-elf/4.1.1/thumb/interwork\libgcc.a(_dvmd_tls.o)
                0x00012184                __aeabi_ldiv0
                0x00012184                __div0
                0x00012184                __aeabi_idiv0
 .text          0x00012188      0x430 c:/asctec_arm_sdk/winarm/bin/../lib/gcc/arm-elf/4.1.1/thumb/interwork\libgcc.a(_addsubdf3.o)
                0x0001254c                __floatdidf
                0x000124cc                __floatsidf
                0x000124a4                __aeabi_ui2d
                0x00012188                __aeabi_drsub
                0x000124f8                __extendsfdf2
                0x00012194                __adddf3
                0x000124a4                __floatunsidf
                0x00012194                __aeabi_dadd
                0x00012538                __aeabi_ul2d
                0x00012190                __aeabi_dsub
                0x00012538                __floatundidf
                0x000124cc                __aeabi_i2d
                0x0001254c                __aeabi_l2d
                0x000124f8                __aeabi_f2d
                0x00012190                __subdf3
 .text          0x000125b8      0x49c c:/asctec_arm_sdk/winarm/bin/../lib/gcc/arm-elf/4.1.1/thumb/interwork\libgcc.a(_muldivdf3.o)
                0x00012848                __aeabi_ddiv
                0x000125b8                __aeabi_dmul
                0x00012848                __divdf3
                0x000125b8                __muldf3
 .text          0x00012a54      0x140 c:/asctec_arm_sdk/winarm/bin/../lib/gcc/arm-elf/4.1.1/thumb/interwork\libgcc.a(_cmpdf2.o)
                0x00012b4c                __aeabi_dcmple
                0x00012a64                __cmpdf2
                0x00012a64                __eqdf2
                0x00012a54                __gtdf2
                0x00012b04                __aeabi_cdcmple
                0x00012ae8                __aeabi_cdrcmple
                0x00012a5c                __ltdf2
                0x00012b34                __aeabi_dcmplt
                0x00012a5c                __ledf2
                0x00012b7c                __aeabi_dcmpgt
                0x00012b64                __aeabi_dcmpge
                0x00012a64                __nedf2
                0x00012b1c                __aeabi_dcmpeq
                0x00012b04                __aeabi_cdcmpeq
                0x00012a54                __gedf2
 .text          0x00012b94       0x5c c:/asctec_arm_sdk/winarm/bin/../lib/gcc/arm-elf/4.1.1/thumb/interwork\libgcc.a(_fixdfsi.o)
                0x00012b94                __fixdfsi
                0x00012b94                __aeabi_d2iz
 .text          0x00012bf0       0xa0 c:/asctec_arm_sdk/winarm/bin/../lib/gcc/arm-elf/4.1.1/thumb/interwork\libgcc.a(_truncdfsf2.o)
                0x00012bf0                __aeabi_d2f
                0x00012bf0                __truncdfsf2
 .text          0x00012c90      0x2ac c:/asctec_arm_sdk/winarm/bin/../lib/gcc/arm-elf/4.1.1/thumb/interwork\libgcc.a(_addsubsf3.o)
                0x00012c9c                __aeabi_fadd
                0x00012c98                __subsf3
                0x00012e60                __aeabi_i2f
                0x00012c98                __aeabi_fsub
                0x00012e90                __floatdisf
                0x00012e60                __floatsisf
                0x00012e80                __floatundisf
                0x00012e58                __aeabi_ui2f
                0x00012e90                __aeabi_l2f
                0x00012e80                __aeabi_ul2f
                0x00012c90                __aeabi_frsub
                0x00012e58                __floatunsisf
                0x00012c9c                __addsf3
 .text          0x00012f3c      0x2f8 c:/asctec_arm_sdk/winarm/bin/../lib/gcc/arm-elf/4.1.1/thumb/interwork\libgcc.a(_muldivsf3.o)
                0x000130d4                __divsf3
                0x000130d4                __aeabi_fdiv
                0x00012f3c                __mulsf3
                0x00012f3c                __aeabi_fmul
 .text          0x00013234      0x110 c:/asctec_arm_sdk/winarm/bin/../lib/gcc/arm-elf/4.1.1/thumb/interwork\libgcc.a(_cmpsf2.o)
                0x0001332c                __aeabi_fcmpgt
                0x0001323c                __lesf2
                0x00013244                __nesf2
                0x00013314                __aeabi_fcmpge
                0x00013234                __gtsf2
                0x000132fc                __aeabi_fcmple
                0x00013244                __eqsf2
                0x00013244                __cmpsf2
                0x0001323c                __ltsf2
                0x000132b4                __aeabi_cfcmple
                0x00013234                __gesf2
                0x000132cc                __aeabi_fcmpeq
                0x000132a4                __aeabi_cfrcmple
                0x000132e4                __aeabi_fcmplt
                0x000132b4                __aeabi_cfcmpeq
 .text          0x00013344       0x54 c:/asctec_arm_sdk/winarm/bin/../lib/gcc/arm-elf/4.1.1/thumb/interwork\libgcc.a(_fixunssfsi.o)
                0x00013344                __aeabi_f2uiz
                0x00013344                __fixunssfsi
 .text          0x00013398     0x3250 ./\libdeclination.a(declination.o)
                0x00015e44                geomg1
                0x00015eb4                getDeclination
                0x00015ddc                geomag
 .text          0x000165e8     0x1e88 ./\libublox.a(ublox.o)
                0x00017110                uBloxReceiveHandler
                0x00016800                pollMessageRate
                0x000177d4                uBloxReceiveEngine
                0x00016958                uBloxHandleMessage
                0x000168bc                uBloxResetConfiguration
                0x00016858                setMessageRate
                0x000165e8                uBloxSendMessage
 .text          0x00018470       0xa8 c:/asctec_arm_sdk/winarm/bin/../lib/gcc/arm-elf/4.1.1/../../../../arm-elf/lib/thumb/interwork\libm.a(s_cos.o)
                0x00018470                cos
 .text          0x00018518       0xac c:/asctec_arm_sdk/winarm/bin/../lib/gcc/arm-elf/4.1.1/../../../../arm-elf/lib/thumb/interwork\libm.a(s_sin.o)
                0x00018518                sin
 .text          0x000185c4       0xc0 c:/asctec_arm_sdk/winarm/bin/../lib/gcc/arm-elf/4.1.1/../../../../arm-elf/lib/thumb/interwork\libm.a(w_atan2.o)
                0x000185c4                atan2
 .text          0x00018684      0x33c c:/asctec_arm_sdk/winarm/bin/../lib/gcc/arm-elf/4.1.1/../../../../arm-elf/lib/thumb/interwork\libm.a(w_pow.o)
                0x00018684                pow
 .text          0x000189c0       0xb8 c:/asctec_arm_sdk/winarm/bin/../lib/gcc/arm-elf/4.1.1/../../../../arm-elf/lib/thumb/interwork\libm.a(w_sqrt.o)
                0x000189c0                sqrt
 .text          0x00018a78       0xc0 c:/asctec_arm_sdk/winarm/bin/../lib/gcc/arm-elf/4.1.1/../../../../arm-elf/lib/thumb/interwork\libm.a(wf_fmod.o)
                0x00018a78                fmodf
 .text          0x00018b38      0x2dc c:/asctec_arm_sdk/winarm/bin/../lib/gcc/arm-elf/4.1.1/../../../../arm-elf/lib/thumb/interwork\libm.a(wf_pow.o)
                0x00018b38                powf
 .text          0x00018e14      0x20c c:/asctec_arm_sdk/winarm/bin/../lib/gcc/arm-elf/4.1.1/../../../../arm-elf/lib/thumb/interwork\libm.a(e_atan2.o)
                0x00018e14                __ieee754_atan2
 .text          0x00019020      0xb0c c:/asctec_arm_sdk/winarm/bin/../lib/gcc/arm-elf/4.1.1/../../../../arm-elf/lib/thumb/interwork\libm.a(e_pow.o)
                0x00019020                __ieee754_pow
 .text          0x00019b2c      0x420 c:/asctec_arm_sdk/winarm/bin/../lib/gcc/arm-elf/4.1.1/../../../../arm-elf/lib/thumb/interwork\libm.a(e_rem_pio2.o)
                0x00019b2c                __ieee754_rem_pio2
 .text          0x00019f4c      0x1a0 c:/asctec_arm_sdk/winarm/bin/../lib/gcc/arm-elf/4.1.1/../../../../arm-elf/lib/thumb/interwork\libm.a(e_sqrt.o)
                0x00019f4c                __ieee754_sqrt
 .text          0x0001a0ec      0x128 c:/asctec_arm_sdk/winarm/bin/../lib/gcc/arm-elf/4.1.1/../../../../arm-elf/lib/thumb/interwork\libm.a(ef_fmod.o)
                0x0001a0ec                __ieee754_fmodf
 .text          0x0001a214      0x720 c:/asctec_arm_sdk/winarm/bin/../lib/gcc/arm-elf/4.1.1/../../../../arm-elf/lib/thumb/interwork\libm.a(ef_pow.o)
                0x0001a214                __ieee754_powf
 .text          0x0001a934       0xb4 c:/asctec_arm_sdk/winarm/bin/../lib/gcc/arm-elf/4.1.1/../../../../arm-elf/lib/thumb/interwork\libm.a(ef_sqrt.o)
                0x0001a934                __ieee754_sqrtf
 .text          0x0001a9e8      0x264 c:/asctec_arm_sdk/winarm/bin/../lib/gcc/arm-elf/4.1.1/../../../../arm-elf/lib/thumb/interwork\libm.a(k_cos.o)
                0x0001a9e8                __kernel_cos
 .text          0x0001ac4c      0x744 c:/asctec_arm_sdk/winarm/bin/../lib/gcc/arm-elf/4.1.1/../../../../arm-elf/lib/thumb/interwork\libm.a(k_rem_pio2.o)
                0x0001ac4c                __kernel_rem_pio2
 .text          0x0001b390      0x178 c:/asctec_arm_sdk/winarm/bin/../lib/gcc/arm-elf/4.1.1/../../../../arm-elf/lib/thumb/interwork\libm.a(k_sin.o)
                0x0001b390                __kernel_sin
 .text          0x0001b508      0x35c c:/asctec_arm_sdk/winarm/bin/../lib/gcc/arm-elf/4.1.1/../../../../arm-elf/lib/thumb/interwork\libm.a(s_atan.o)
                0x0001b508                atan
 .text          0x0001b864       0x18 c:/asctec_arm_sdk/winarm/bin/../lib/gcc/arm-elf/4.1.1/../../../../arm-elf/lib/thumb/interwork\libm.a(s_fabs.o)
                0x0001b864                fabs
 .text          0x0001b87c       0x1c c:/asctec_arm_sdk/winarm/bin/../lib/gcc/arm-elf/4.1.1/../../../../arm-elf/lib/thumb/interwork\libm.a(s_finite.o)
                0x0001b87c                finite
 .text          0x0001b898      0x12c c:/asctec_arm_sdk/winarm/bin/../lib/gcc/arm-elf/4.1.1/../../../../arm-elf/lib/thumb/interwork\libm.a(s_floor.o)
                0x0001b898                floor
 .text          0x0001b9c4        0x0 c:/asctec_arm_sdk/winarm/bin/../lib/gcc/arm-elf/4.1.1/../../../../arm-elf/lib/thumb/interwork\libm.a(s_lib_ver.o)
 .text          0x0001b9c4        0x4 c:/asctec_arm_sdk/winarm/bin/../lib/gcc/arm-elf/4.1.1/../../../../arm-elf/lib/thumb/interwork\libm.a(s_matherr.o)
                0x0001b9c4                matherr
 .text          0x0001b9c8      0x14c c:/asctec_arm_sdk/winarm/bin/../lib/gcc/arm-elf/4.1.1/../../../../arm-elf/lib/thumb/interwork\libm.a(s_rint.o)
                0x0001b9c8                rint
 .text          0x0001bb14      0x110 c:/asctec_arm_sdk/winarm/bin/../lib/gcc/arm-elf/4.1.1/../../../../arm-elf/lib/thumb/interwork\libm.a(s_scalbn.o)
                0x0001bb14                scalbn
 .text          0x0001bc24        0xc c:/asctec_arm_sdk/winarm/bin/../lib/gcc/arm-elf/4.1.1/../../../../arm-elf/lib/thumb/interwork\libm.a(sf_fabs.o)
                0x0001bc24                fabsf
 .text          0x0001bc30       0x1c c:/asctec_arm_sdk/winarm/bin/../lib/gcc/arm-elf/4.1.1/../../../../arm-elf/lib/thumb/interwork\libm.a(sf_finite.o)
                0x0001bc30                finitef
 .text          0x0001bc4c       0x18 c:/asctec_arm_sdk/winarm/bin/../lib/gcc/arm-elf/4.1.1/../../../../arm-elf/lib/thumb/interwork\libm.a(sf_isnan.o)
                0x0001bc4c                isnanf
 .text          0x0001bc64       0xc0 c:/asctec_arm_sdk/winarm/bin/../lib/gcc/arm-elf/4.1.1/../../../../arm-elf/lib/thumb/interwork\libm.a(sf_scalbn.o)
                0x0001bc64                scalbnf
 .text          0x0001bd24       0x24 c:/asctec_arm_sdk/winarm/bin/../lib/gcc/arm-elf/4.1.1/../../../../arm-elf/lib/thumb/interwork\libm.a(s_copysign.o)
                0x0001bd24                copysign
 .text          0x0001bd48       0x14 c:/asctec_arm_sdk/winarm/bin/../lib/gcc/arm-elf/4.1.1/../../../../arm-elf/lib/thumb/interwork\libm.a(sf_copysign.o)
                0x0001bd48                copysignf
 .text          0x0001bd5c       0x5c c:/asctec_arm_sdk/winarm/bin/../lib/gcc/arm-elf/4.1.1/thumb/interwork\libgcc.a(_fixsfsi.o)
                0x0001bd5c                __fixsfsi
                0x0001bd5c                __aeabi_f2iz
 .text          0x0001bdb8        0xc c:/asctec_arm_sdk/winarm/bin/../lib/gcc/arm-elf/4.1.1/../../../../arm-elf/lib/thumb/interwork\libg.a(errno.o)
                0x0001bdb8                __errno
 *(.gnu.linkonce.t.*)
 *(.glue_7)
 .glue_7        0x0001bdc4        0x0 Common_WinARM/src/Startup.o
 .glue_7        0x0001bdc4        0x0 Common_WinARM/src/swi_handler.o
 .glue_7        0x0001bdc4        0x0 LL_HL_comm.o
 .glue_7        0x0001bdc4        0x0 mymath.o
 .glue_7        0x0001bdc4        0x0 gpsmath.o
 .glue_7        0x0001bdc4        0x0 sdk.o
 .glue_7        0x0001bdc4        0x0 sdk_telemetry.o
 .glue_7        0x0001bdc4        0x0 buzzer.o
 .glue_7        0x0001bdc4        0x0 lpc_aci_eeprom.o
 .glue_7        0x0001bdc4        0x0 asctecCommIntfOnboard.o
 .glue_7        0x0001bdc4        0x0 buildInfoSetup.o
 .glue_7        0x0001bdc4        0x0 main.o
 .glue_7        0x0001bdc4        0x0 hardware.o
 .glue_7        0x0001bdc4        0x0 system.o
 .glue_7        0x0001bdc4        0x0 uart.o
 .glue_7        0x0001bdc4        0x0 syscalls.o
 .glue_7        0x0001bdc4        0x0 i2c.o
 .glue_7        0x0001bdc4        0x0 i2c1.o
 .glue_7        0x0001bdc4        0x0 Common_WinARM/src/irq.o
 .glue_7        0x0001bdc4        0x0 adc.o
 .glue_7        0x0001bdc4        0x0 ssp.o
 .glue_7        0x0001bdc4        0x0 pelican_ptu.o
 .glue_7        0x0001bdc4        0x0 jetiTelemetry.o
 .glue_7        0x0001bdc4        0x0 LPC2k_ee.o
 .glue_7        0x0001bdc4        0x0 lab.o
 .glue_7        0x0001bdc4        0x0 Utilites.o
 .glue_7        0x0001bdc4        0x0 c:/asctec_arm_sdk/winarm/bin/../lib/gcc/arm-elf/4.1.1/../../../../arm-elf/lib/thumb/interwork\libc.a(memcpy.o)
 .glue_7        0x0001bdc4        0x0 c:/asctec_arm_sdk/winarm/bin/../lib/gcc/arm-elf/4.1.1/../../../../arm-elf/lib/thumb/interwork\libc.a(sprintf.o)
 .glue_7        0x0001bdc4        0x0 c:/asctec_arm_sdk/winarm/bin/../lib/gcc/arm-elf/4.1.1/../../../../arm-elf/lib/thumb/interwork\libc.a(strcpy.o)
 .glue_7        0x0001bdc4        0x0 c:/asctec_arm_sdk/winarm/bin/../lib/gcc/arm-elf/4.1.1/../../../../arm-elf/lib/thumb/interwork\libc.a(strlen.o)
 .glue_7        0x0001bdc4        0x0 c:/asctec_arm_sdk/winarm/bin/../lib/gcc/arm-elf/4.1.1/../../../../arm-elf/lib/thumb/interwork\libc.a(vfprintf.o)
 .glue_7        0x0001bdc4        0x0 c:/asctec_arm_sdk/winarm/bin/../lib/gcc/arm-elf/4.1.1/../../../../arm-elf/lib/thumb/interwork\libc.a(wcrtomb.o)
 .glue_7        0x0001bdc4        0x0 c:/asctec_arm_sdk/winarm/bin/../lib/gcc/arm-elf/4.1.1/../../../../arm-elf/lib/thumb/interwork\libc.a(wcsrtombs.o)
 .glue_7        0x0001bdc4        0x0 c:/asctec_arm_sdk/winarm/bin/../lib/gcc/arm-elf/4.1.1/../../../../arm-elf/lib/thumb/interwork\libc.a(wctomb_r.o)
 .glue_7        0x0001bdc4        0x0 c:/asctec_arm_sdk/winarm/bin/../lib/gcc/arm-elf/4.1.1/../../../../arm-elf/lib/thumb/interwork\libc.a(wsetup.o)
 .glue_7        0x0001bdc4        0x0 c:/asctec_arm_sdk/winarm/bin/../lib/gcc/arm-elf/4.1.1/../../../../arm-elf/lib/thumb/interwork\libc.a(dtoa.o)
 .glue_7        0x0001bdc4        0x0 c:/asctec_arm_sdk/winarm/bin/../lib/gcc/arm-elf/4.1.1/../../../../arm-elf/lib/thumb/interwork\libc.a(fflush.o)
 .glue_7        0x0001bdc4        0x0 c:/asctec_arm_sdk/winarm/bin/../lib/gcc/arm-elf/4.1.1/../../../../arm-elf/lib/thumb/interwork\libc.a(findfp.o)
 .glue_7        0x0001bdc4        0x0 c:/asctec_arm_sdk/winarm/bin/../lib/gcc/arm-elf/4.1.1/../../../../arm-elf/lib/thumb/interwork\libc.a(freer.o)
 .glue_7        0x0001bdc4        0x0 c:/asctec_arm_sdk/winarm/bin/../lib/gcc/arm-elf/4.1.1/../../../../arm-elf/lib/thumb/interwork\libc.a(fvwrite.o)
 .glue_7        0x0001bdc4        0x0 c:/asctec_arm_sdk/winarm/bin/../lib/gcc/arm-elf/4.1.1/../../../../arm-elf/lib/thumb/interwork\libc.a(fwalk.o)
 .glue_7        0x0001bdc4        0x0 c:/asctec_arm_sdk/winarm/bin/../lib/gcc/arm-elf/4.1.1/../../../../arm-elf/lib/thumb/interwork\libc.a(impure.o)
 .glue_7        0x0001bdc4        0x0 c:/asctec_arm_sdk/winarm/bin/../lib/gcc/arm-elf/4.1.1/../../../../arm-elf/lib/thumb/interwork\libc.a(locale.o)
 .glue_7        0x0001bdc4        0x0 c:/asctec_arm_sdk/winarm/bin/../lib/gcc/arm-elf/4.1.1/../../../../arm-elf/lib/thumb/interwork\libc.a(makebuf.o)
 .glue_7        0x0001bdc4        0x0 c:/asctec_arm_sdk/winarm/bin/../lib/gcc/arm-elf/4.1.1/../../../../arm-elf/lib/thumb/interwork\libc.a(mallocr.o)
 .glue_7        0x0001bdc4        0x0 c:/asctec_arm_sdk/winarm/bin/../lib/gcc/arm-elf/4.1.1/../../../../arm-elf/lib/thumb/interwork\libc.a(memchr.o)
 .glue_7        0x0001bdc4        0x0 c:/asctec_arm_sdk/winarm/bin/../lib/gcc/arm-elf/4.1.1/../../../../arm-elf/lib/thumb/interwork\libc.a(memmove.o)
 .glue_7        0x0001bdc4        0x0 c:/asctec_arm_sdk/winarm/bin/../lib/gcc/arm-elf/4.1.1/../../../../arm-elf/lib/thumb/interwork\libc.a(memset.o)
 .glue_7        0x0001bdc4        0x0 c:/asctec_arm_sdk/winarm/bin/../lib/gcc/arm-elf/4.1.1/../../../../arm-elf/lib/thumb/interwork\libc.a(mlock.o)
 .glue_7        0x0001bdc4        0x0 c:/asctec_arm_sdk/winarm/bin/../lib/gcc/arm-elf/4.1.1/../../../../arm-elf/lib/thumb/interwork\libc.a(mprec.o)
 .glue_7        0x0001bdc4        0x0 c:/asctec_arm_sdk/winarm/bin/../lib/gcc/arm-elf/4.1.1/../../../../arm-elf/lib/thumb/interwork\libc.a(reallocr.o)
 .glue_7        0x0001bdc4        0x0 c:/asctec_arm_sdk/winarm/bin/../lib/gcc/arm-elf/4.1.1/../../../../arm-elf/lib/thumb/interwork\libc.a(s_isinf.o)
 .glue_7        0x0001bdc4        0x0 c:/asctec_arm_sdk/winarm/bin/../lib/gcc/arm-elf/4.1.1/../../../../arm-elf/lib/thumb/interwork\libc.a(s_isnan.o)
 .glue_7        0x0001bdc4        0x0 c:/asctec_arm_sdk/winarm/bin/../lib/gcc/arm-elf/4.1.1/../../../../arm-elf/lib/thumb/interwork\libc.a(stdio.o)
 .glue_7        0x0001bdc4        0x0 c:/asctec_arm_sdk/winarm/bin/../lib/gcc/arm-elf/4.1.1/../../../../arm-elf/lib/thumb/interwork\libc.a(strcmp.o)
 .glue_7        0x0001bdc4        0x0 c:/asctec_arm_sdk/winarm/bin/../lib/gcc/arm-elf/4.1.1/../../../../arm-elf/lib/thumb/interwork\libc.a(callocr.o)
 .glue_7        0x0001bdc4        0x0 c:/asctec_arm_sdk/winarm/bin/../lib/gcc/arm-elf/4.1.1/../../../../arm-elf/lib/thumb/interwork\libc.a(fclose.o)
 .glue_7        0x0001bdc4        0x0 c:/asctec_arm_sdk/winarm/bin/../lib/gcc/arm-elf/4.1.1/thumb/interwork\libgcc.a(_udivsi3.o)
 .glue_7        0x0001bdc4        0x0 c:/asctec_arm_sdk/winarm/bin/../lib/gcc/arm-elf/4.1.1/thumb/interwork\libgcc.a(_divsi3.o)
 .glue_7        0x0001bdc4        0x0 c:/asctec_arm_sdk/winarm/bin/../lib/gcc/arm-elf/4.1.1/thumb/interwork\libgcc.a(_umodsi3.o)
 .glue_7        0x0001bdc4        0x0 c:/asctec_arm_sdk/winarm/bin/../lib/gcc/arm-elf/4.1.1/thumb/interwork\libgcc.a(_modsi3.o)
 .glue_7        0x0001bdc4        0x0 c:/asctec_arm_sdk/winarm/bin/../lib/gcc/arm-elf/4.1.1/thumb/interwork\libgcc.a(_dvmd_tls.o)
 .glue_7        0x0001bdc4        0x0 c:/asctec_arm_sdk/winarm/bin/../lib/gcc/arm-elf/4.1.1/thumb/interwork\libgcc.a(_addsubdf3.o)
 .glue_7        0x0001bdc4        0x0 c:/asctec_arm_sdk/winarm/bin/../lib/gcc/arm-elf/4.1.1/thumb/interwork\libgcc.a(_muldivdf3.o)
 .glue_7        0x0001bdc4        0x0 c:/asctec_arm_sdk/winarm/bin/../lib/gcc/arm-elf/4.1.1/thumb/interwork\libgcc.a(_cmpdf2.o)
 .glue_7        0x0001bdc4        0x0 c:/asctec_arm_sdk/winarm/bin/../lib/gcc/arm-elf/4.1.1/thumb/interwork\libgcc.a(_fixdfsi.o)
 .glue_7        0x0001bdc4        0x0 c:/asctec_arm_sdk/winarm/bin/../lib/gcc/arm-elf/4.1.1/thumb/interwork\libgcc.a(_truncdfsf2.o)
 .glue_7        0x0001bdc4        0x0 c:/asctec_arm_sdk/winarm/bin/../lib/gcc/arm-elf/4.1.1/thumb/interwork\libgcc.a(_addsubsf3.o)
 .glue_7        0x0001bdc4        0x0 c:/asctec_arm_sdk/winarm/bin/../lib/gcc/arm-elf/4.1.1/thumb/interwork\libgcc.a(_muldivsf3.o)
 .glue_7        0x0001bdc4        0x0 c:/asctec_arm_sdk/winarm/bin/../lib/gcc/arm-elf/4.1.1/thumb/interwork\libgcc.a(_cmpsf2.o)
 .glue_7        0x0001bdc4        0x0 c:/asctec_arm_sdk/winarm/bin/../lib/gcc/arm-elf/4.1.1/thumb/interwork\libgcc.a(_fixunssfsi.o)
 .glue_7        0x0001bdc4        0x0 ./\libdeclination.a(declination.o)
 .glue_7        0x0001bdc4        0x0 ./\libublox.a(ublox.o)
 .glue_7        0x0001bdc4        0x0 c:/asctec_arm_sdk/winarm/bin/../lib/gcc/arm-elf/4.1.1/../../../../arm-elf/lib/thumb/interwork\libm.a(s_cos.o)
 .glue_7        0x0001bdc4        0x0 c:/asctec_arm_sdk/winarm/bin/../lib/gcc/arm-elf/4.1.1/../../../../arm-elf/lib/thumb/interwork\libm.a(s_sin.o)
 .glue_7        0x0001bdc4        0x0 c:/asctec_arm_sdk/winarm/bin/../lib/gcc/arm-elf/4.1.1/../../../../arm-elf/lib/thumb/interwork\libm.a(w_atan2.o)
 .glue_7        0x0001bdc4        0x0 c:/asctec_arm_sdk/winarm/bin/../lib/gcc/arm-elf/4.1.1/../../../../arm-elf/lib/thumb/interwork\libm.a(w_pow.o)
 .glue_7        0x0001bdc4        0x0 c:/asctec_arm_sdk/winarm/bin/../lib/gcc/arm-elf/4.1.1/../../../../arm-elf/lib/thumb/interwork\libm.a(w_sqrt.o)
 .glue_7        0x0001bdc4        0x0 c:/asctec_arm_sdk/winarm/bin/../lib/gcc/arm-elf/4.1.1/../../../../arm-elf/lib/thumb/interwork\libm.a(wf_fmod.o)
 .glue_7        0x0001bdc4        0x0 c:/asctec_arm_sdk/winarm/bin/../lib/gcc/arm-elf/4.1.1/../../../../arm-elf/lib/thumb/interwork\libm.a(wf_pow.o)
 .glue_7        0x0001bdc4        0x0 c:/asctec_arm_sdk/winarm/bin/../lib/gcc/arm-elf/4.1.1/../../../../arm-elf/lib/thumb/interwork\libm.a(e_atan2.o)
 .glue_7        0x0001bdc4        0x0 c:/asctec_arm_sdk/winarm/bin/../lib/gcc/arm-elf/4.1.1/../../../../arm-elf/lib/thumb/interwork\libm.a(e_pow.o)
 .glue_7        0x0001bdc4        0x0 c:/asctec_arm_sdk/winarm/bin/../lib/gcc/arm-elf/4.1.1/../../../../arm-elf/lib/thumb/interwork\libm.a(e_rem_pio2.o)
 .glue_7        0x0001bdc4        0x0 c:/asctec_arm_sdk/winarm/bin/../lib/gcc/arm-elf/4.1.1/../../../../arm-elf/lib/thumb/interwork\libm.a(e_sqrt.o)
 .glue_7        0x0001bdc4        0x0 c:/asctec_arm_sdk/winarm/bin/../lib/gcc/arm-elf/4.1.1/../../../../arm-elf/lib/thumb/interwork\libm.a(ef_fmod.o)
 .glue_7        0x0001bdc4        0x0 c:/asctec_arm_sdk/winarm/bin/../lib/gcc/arm-elf/4.1.1/../../../../arm-elf/lib/thumb/interwork\libm.a(ef_pow.o)
 .glue_7        0x0001bdc4        0x0 c:/asctec_arm_sdk/winarm/bin/../lib/gcc/arm-elf/4.1.1/../../../../arm-elf/lib/thumb/interwork\libm.a(ef_sqrt.o)
 .glue_7        0x0001bdc4        0x0 c:/asctec_arm_sdk/winarm/bin/../lib/gcc/arm-elf/4.1.1/../../../../arm-elf/lib/thumb/interwork\libm.a(k_cos.o)
 .glue_7        0x0001bdc4        0x0 c:/asctec_arm_sdk/winarm/bin/../lib/gcc/arm-elf/4.1.1/../../../../arm-elf/lib/thumb/interwork\libm.a(k_rem_pio2.o)
 .glue_7        0x0001bdc4        0x0 c:/asctec_arm_sdk/winarm/bin/../lib/gcc/arm-elf/4.1.1/../../../../arm-elf/lib/thumb/interwork\libm.a(k_sin.o)
 .glue_7        0x0001bdc4        0x0 c:/asctec_arm_sdk/winarm/bin/../lib/gcc/arm-elf/4.1.1/../../../../arm-elf/lib/thumb/interwork\libm.a(s_atan.o)
 .glue_7        0x0001bdc4        0x0 c:/asctec_arm_sdk/winarm/bin/../lib/gcc/arm-elf/4.1.1/../../../../arm-elf/lib/thumb/interwork\libm.a(s_fabs.o)
 .glue_7        0x0001bdc4        0x0 c:/asctec_arm_sdk/winarm/bin/../lib/gcc/arm-elf/4.1.1/../../../../arm-elf/lib/thumb/interwork\libm.a(s_finite.o)
 .glue_7        0x0001bdc4        0x0 c:/asctec_arm_sdk/winarm/bin/../lib/gcc/arm-elf/4.1.1/../../../../arm-elf/lib/thumb/interwork\libm.a(s_floor.o)
 .glue_7        0x0001bdc4        0x0 c:/asctec_arm_sdk/winarm/bin/../lib/gcc/arm-elf/4.1.1/../../../../arm-elf/lib/thumb/interwork\libm.a(s_lib_ver.o)
 .glue_7        0x0001bdc4        0x0 c:/asctec_arm_sdk/winarm/bin/../lib/gcc/arm-elf/4.1.1/../../../../arm-elf/lib/thumb/interwork\libm.a(s_matherr.o)
 .glue_7        0x0001bdc4        0x0 c:/asctec_arm_sdk/winarm/bin/../lib/gcc/arm-elf/4.1.1/../../../../arm-elf/lib/thumb/interwork\libm.a(s_rint.o)
 .glue_7        0x0001bdc4        0x0 c:/asctec_arm_sdk/winarm/bin/../lib/gcc/arm-elf/4.1.1/../../../../arm-elf/lib/thumb/interwork\libm.a(s_scalbn.o)
 .glue_7        0x0001bdc4        0x0 c:/asctec_arm_sdk/winarm/bin/../lib/gcc/arm-elf/4.1.1/../../../../arm-elf/lib/thumb/interwork\libm.a(sf_fabs.o)
 .glue_7        0x0001bdc4        0x0 c:/asctec_arm_sdk/winarm/bin/../lib/gcc/arm-elf/4.1.1/../../../../arm-elf/lib/thumb/interwork\libm.a(sf_finite.o)
 .glue_7        0x0001bdc4        0x0 c:/asctec_arm_sdk/winarm/bin/../lib/gcc/arm-elf/4.1.1/../../../../arm-elf/lib/thumb/interwork\libm.a(sf_isnan.o)
 .glue_7        0x0001bdc4        0x0 c:/asctec_arm_sdk/winarm/bin/../lib/gcc/arm-elf/4.1.1/../../../../arm-elf/lib/thumb/interwork\libm.a(sf_scalbn.o)
 .glue_7        0x0001bdc4        0x0 c:/asctec_arm_sdk/winarm/bin/../lib/gcc/arm-elf/4.1.1/../../../../arm-elf/lib/thumb/interwork\libm.a(s_copysign.o)
 .glue_7        0x0001bdc4        0x0 c:/asctec_arm_sdk/winarm/bin/../lib/gcc/arm-elf/4.1.1/../../../../arm-elf/lib/thumb/interwork\libm.a(sf_copysign.o)
 .glue_7        0x0001bdc4        0x0 c:/asctec_arm_sdk/winarm/bin/../lib/gcc/arm-elf/4.1.1/thumb/interwork\libgcc.a(_fixsfsi.o)
 .glue_7        0x0001bdc4       0x9c c:/asctec_arm_sdk/winarm/bin/../lib/gcc/arm-elf/4.1.1/../../../../arm-elf/lib/thumb/interwork\libg.a(errno.o)
                0x0001be0c                __strcpy_from_arm
                0x0001be54                __atan2_from_arm
                0x0001be00                __strlen_from_arm
                0x0001bddc                __cos_from_arm
                0x0001be3c                __powf_from_arm
                0x0001bdf4                ____udivsi3_from_arm
                0x0001bde8                __sprintf_from_arm
                0x0001bdd0                ____divsi3_from_arm
                0x0001bdc4                __memcpy_from_arm
                0x0001be48                __sin_from_arm
                0x0001be24                __fmodf_from_arm
                0x0001be18                __sqrt_from_arm
                0x0001be30                __pow_from_arm
 *(.glue_7t)
 .glue_7t       0x0001be60        0x0 Common_WinARM/src/Startup.o
 .glue_7t       0x0001be60        0x0 Common_WinARM/src/swi_handler.o
 .glue_7t       0x0001be60        0x0 LL_HL_comm.o
 .glue_7t       0x0001be60        0x0 mymath.o
 .glue_7t       0x0001be60        0x0 gpsmath.o
 .glue_7t       0x0001be60        0x0 sdk.o
 .glue_7t       0x0001be60        0x0 sdk_telemetry.o
 .glue_7t       0x0001be60        0x0 buzzer.o
 .glue_7t       0x0001be60        0x0 lpc_aci_eeprom.o
 .glue_7t       0x0001be60        0x0 asctecCommIntfOnboard.o
 .glue_7t       0x0001be60        0x0 buildInfoSetup.o
 .glue_7t       0x0001be60        0x0 main.o
 .glue_7t       0x0001be60        0x0 hardware.o
 .glue_7t       0x0001be60        0x0 system.o
 .glue_7t       0x0001be60        0x0 uart.o
 .glue_7t       0x0001be60        0x0 syscalls.o
 .glue_7t       0x0001be60        0x0 i2c.o
 .glue_7t       0x0001be60        0x0 i2c1.o
 .glue_7t       0x0001be60        0x0 Common_WinARM/src/irq.o
 .glue_7t       0x0001be60        0x0 adc.o
 .glue_7t       0x0001be60        0x0 ssp.o
 .glue_7t       0x0001be60        0x0 pelican_ptu.o
 .glue_7t       0x0001be60        0x0 jetiTelemetry.o
 .glue_7t       0x0001be60        0x0 LPC2k_ee.o
 .glue_7t       0x0001be60        0x0 lab.o
 .glue_7t       0x0001be60        0x0 Utilites.o
 .glue_7t       0x0001be60        0x0 c:/asctec_arm_sdk/winarm/bin/../lib/gcc/arm-elf/4.1.1/../../../../arm-elf/lib/thumb/interwork\libc.a(memcpy.o)
 .glue_7t       0x0001be60        0x0 c:/asctec_arm_sdk/winarm/bin/../lib/gcc/arm-elf/4.1.1/../../../../arm-elf/lib/thumb/interwork\libc.a(sprintf.o)
 .glue_7t       0x0001be60        0x0 c:/asctec_arm_sdk/winarm/bin/../lib/gcc/arm-elf/4.1.1/../../../../arm-elf/lib/thumb/interwork\libc.a(strcpy.o)
 .glue_7t       0x0001be60        0x0 c:/asctec_arm_sdk/winarm/bin/../lib/gcc/arm-elf/4.1.1/../../../../arm-elf/lib/thumb/interwork\libc.a(strlen.o)
 .glue_7t       0x0001be60        0x0 c:/asctec_arm_sdk/winarm/bin/../lib/gcc/arm-elf/4.1.1/../../../../arm-elf/lib/thumb/interwork\libc.a(vfprintf.o)
 .glue_7t       0x0001be60        0x0 c:/asctec_arm_sdk/winarm/bin/../lib/gcc/arm-elf/4.1.1/../../../../arm-elf/lib/thumb/interwork\libc.a(wcrtomb.o)
 .glue_7t       0x0001be60        0x0 c:/asctec_arm_sdk/winarm/bin/../lib/gcc/arm-elf/4.1.1/../../../../arm-elf/lib/thumb/interwork\libc.a(wcsrtombs.o)
 .glue_7t       0x0001be60        0x0 c:/asctec_arm_sdk/winarm/bin/../lib/gcc/arm-elf/4.1.1/../../../../arm-elf/lib/thumb/interwork\libc.a(wctomb_r.o)
 .glue_7t       0x0001be60        0x0 c:/asctec_arm_sdk/winarm/bin/../lib/gcc/arm-elf/4.1.1/../../../../arm-elf/lib/thumb/interwork\libc.a(wsetup.o)
 .glue_7t       0x0001be60        0x0 c:/asctec_arm_sdk/winarm/bin/../lib/gcc/arm-elf/4.1.1/../../../../arm-elf/lib/thumb/interwork\libc.a(dtoa.o)
 .glue_7t       0x0001be60        0x0 c:/asctec_arm_sdk/winarm/bin/../lib/gcc/arm-elf/4.1.1/../../../../arm-elf/lib/thumb/interwork\libc.a(fflush.o)
 .glue_7t       0x0001be60        0x0 c:/asctec_arm_sdk/winarm/bin/../lib/gcc/arm-elf/4.1.1/../../../../arm-elf/lib/thumb/interwork\libc.a(findfp.o)
 .glue_7t       0x0001be60        0x0 c:/asctec_arm_sdk/winarm/bin/../lib/gcc/arm-elf/4.1.1/../../../../arm-elf/lib/thumb/interwork\libc.a(freer.o)
 .glue_7t       0x0001be60        0x0 c:/asctec_arm_sdk/winarm/bin/../lib/gcc/arm-elf/4.1.1/../../../../arm-elf/lib/thumb/interwork\libc.a(fvwrite.o)
 .glue_7t       0x0001be60        0x0 c:/asctec_arm_sdk/winarm/bin/../lib/gcc/arm-elf/4.1.1/../../../../arm-elf/lib/thumb/interwork\libc.a(fwalk.o)
 .glue_7t       0x0001be60        0x0 c:/asctec_arm_sdk/winarm/bin/../lib/gcc/arm-elf/4.1.1/../../../../arm-elf/lib/thumb/interwork\libc.a(impure.o)
 .glue_7t       0x0001be60        0x0 c:/asctec_arm_sdk/winarm/bin/../lib/gcc/arm-elf/4.1.1/../../../../arm-elf/lib/thumb/interwork\libc.a(locale.o)
 .glue_7t       0x0001be60        0x0 c:/asctec_arm_sdk/winarm/bin/../lib/gcc/arm-elf/4.1.1/../../../../arm-elf/lib/thumb/interwork\libc.a(makebuf.o)
 .glue_7t       0x0001be60        0x0 c:/asctec_arm_sdk/winarm/bin/../lib/gcc/arm-elf/4.1.1/../../../../arm-elf/lib/thumb/interwork\libc.a(mallocr.o)
 .glue_7t       0x0001be60        0x0 c:/asctec_arm_sdk/winarm/bin/../lib/gcc/arm-elf/4.1.1/../../../../arm-elf/lib/thumb/interwork\libc.a(memchr.o)
 .glue_7t       0x0001be60        0x0 c:/asctec_arm_sdk/winarm/bin/../lib/gcc/arm-elf/4.1.1/../../../../arm-elf/lib/thumb/interwork\libc.a(memmove.o)
 .glue_7t       0x0001be60        0x0 c:/asctec_arm_sdk/winarm/bin/../lib/gcc/arm-elf/4.1.1/../../../../arm-elf/lib/thumb/interwork\libc.a(memset.o)
 .glue_7t       0x0001be60        0x0 c:/asctec_arm_sdk/winarm/bin/../lib/gcc/arm-elf/4.1.1/../../../../arm-elf/lib/thumb/interwork\libc.a(mlock.o)
 .glue_7t       0x0001be60        0x0 c:/asctec_arm_sdk/winarm/bin/../lib/gcc/arm-elf/4.1.1/../../../../arm-elf/lib/thumb/interwork\libc.a(mprec.o)
 .glue_7t       0x0001be60        0x0 c:/asctec_arm_sdk/winarm/bin/../lib/gcc/arm-elf/4.1.1/../../../../arm-elf/lib/thumb/interwork\libc.a(reallocr.o)
 .glue_7t       0x0001be60        0x0 c:/asctec_arm_sdk/winarm/bin/../lib/gcc/arm-elf/4.1.1/../../../../arm-elf/lib/thumb/interwork\libc.a(s_isinf.o)
 .glue_7t       0x0001be60        0x0 c:/asctec_arm_sdk/winarm/bin/../lib/gcc/arm-elf/4.1.1/../../../../arm-elf/lib/thumb/interwork\libc.a(s_isnan.o)
 .glue_7t       0x0001be60        0x0 c:/asctec_arm_sdk/winarm/bin/../lib/gcc/arm-elf/4.1.1/../../../../arm-elf/lib/thumb/interwork\libc.a(stdio.o)
 .glue_7t       0x0001be60        0x0 c:/asctec_arm_sdk/winarm/bin/../lib/gcc/arm-elf/4.1.1/../../../../arm-elf/lib/thumb/interwork\libc.a(strcmp.o)
 .glue_7t       0x0001be60        0x0 c:/asctec_arm_sdk/winarm/bin/../lib/gcc/arm-elf/4.1.1/../../../../arm-elf/lib/thumb/interwork\libc.a(callocr.o)
 .glue_7t       0x0001be60        0x0 c:/asctec_arm_sdk/winarm/bin/../lib/gcc/arm-elf/4.1.1/../../../../arm-elf/lib/thumb/interwork\libc.a(fclose.o)
 .glue_7t       0x0001be60        0x0 c:/asctec_arm_sdk/winarm/bin/../lib/gcc/arm-elf/4.1.1/thumb/interwork\libgcc.a(_udivsi3.o)
 .glue_7t       0x0001be60        0x0 c:/asctec_arm_sdk/winarm/bin/../lib/gcc/arm-elf/4.1.1/thumb/interwork\libgcc.a(_divsi3.o)
 .glue_7t       0x0001be60        0x0 c:/asctec_arm_sdk/winarm/bin/../lib/gcc/arm-elf/4.1.1/thumb/interwork\libgcc.a(_umodsi3.o)
 .glue_7t       0x0001be60        0x0 c:/asctec_arm_sdk/winarm/bin/../lib/gcc/arm-elf/4.1.1/thumb/interwork\libgcc.a(_modsi3.o)
 .glue_7t       0x0001be60        0x0 c:/asctec_arm_sdk/winarm/bin/../lib/gcc/arm-elf/4.1.1/thumb/interwork\libgcc.a(_dvmd_tls.o)
 .glue_7t       0x0001be60        0x0 c:/asctec_arm_sdk/winarm/bin/../lib/gcc/arm-elf/4.1.1/thumb/interwork\libgcc.a(_addsubdf3.o)
 .glue_7t       0x0001be60        0x0 c:/asctec_arm_sdk/winarm/bin/../lib/gcc/arm-elf/4.1.1/thumb/interwork\libgcc.a(_muldivdf3.o)
 .glue_7t       0x0001be60        0x0 c:/asctec_arm_sdk/winarm/bin/../lib/gcc/arm-elf/4.1.1/thumb/interwork\libgcc.a(_cmpdf2.o)
 .glue_7t       0x0001be60        0x0 c:/asctec_arm_sdk/winarm/bin/../lib/gcc/arm-elf/4.1.1/thumb/interwork\libgcc.a(_fixdfsi.o)
 .glue_7t       0x0001be60        0x0 c:/asctec_arm_sdk/winarm/bin/../lib/gcc/arm-elf/4.1.1/thumb/interwork\libgcc.a(_truncdfsf2.o)
 .glue_7t       0x0001be60        0x0 c:/asctec_arm_sdk/winarm/bin/../lib/gcc/arm-elf/4.1.1/thumb/interwork\libgcc.a(_addsubsf3.o)
 .glue_7t       0x0001be60        0x0 c:/asctec_arm_sdk/winarm/bin/../lib/gcc/arm-elf/4.1.1/thumb/interwork\libgcc.a(_muldivsf3.o)
 .glue_7t       0x0001be60        0x0 c:/asctec_arm_sdk/winarm/bin/../lib/gcc/arm-elf/4.1.1/thumb/interwork\libgcc.a(_cmpsf2.o)
 .glue_7t       0x0001be60        0x0 c:/asctec_arm_sdk/winarm/bin/../lib/gcc/arm-elf/4.1.1/thumb/interwork\libgcc.a(_fixunssfsi.o)
 .glue_7t       0x0001be60        0x0 ./\libdeclination.a(declination.o)
 .glue_7t       0x0001be60        0x0 ./\libublox.a(ublox.o)
 .glue_7t       0x0001be60        0x0 c:/asctec_arm_sdk/winarm/bin/../lib/gcc/arm-elf/4.1.1/../../../../arm-elf/lib/thumb/interwork\libm.a(s_cos.o)
 .glue_7t       0x0001be60        0x0 c:/asctec_arm_sdk/winarm/bin/../lib/gcc/arm-elf/4.1.1/../../../../arm-elf/lib/thumb/interwork\libm.a(s_sin.o)
 .glue_7t       0x0001be60        0x0 c:/asctec_arm_sdk/winarm/bin/../lib/gcc/arm-elf/4.1.1/../../../../arm-elf/lib/thumb/interwork\libm.a(w_atan2.o)
 .glue_7t       0x0001be60        0x0 c:/asctec_arm_sdk/winarm/bin/../lib/gcc/arm-elf/4.1.1/../../../../arm-elf/lib/thumb/interwork\libm.a(w_pow.o)
 .glue_7t       0x0001be60        0x0 c:/asctec_arm_sdk/winarm/bin/../lib/gcc/arm-elf/4.1.1/../../../../arm-elf/lib/thumb/interwork\libm.a(w_sqrt.o)
 .glue_7t       0x0001be60        0x0 c:/asctec_arm_sdk/winarm/bin/../lib/gcc/arm-elf/4.1.1/../../../../arm-elf/lib/thumb/interwork\libm.a(wf_fmod.o)
 .glue_7t       0x0001be60        0x0 c:/asctec_arm_sdk/winarm/bin/../lib/gcc/arm-elf/4.1.1/../../../../arm-elf/lib/thumb/interwork\libm.a(wf_pow.o)
 .glue_7t       0x0001be60        0x0 c:/asctec_arm_sdk/winarm/bin/../lib/gcc/arm-elf/4.1.1/../../../../arm-elf/lib/thumb/interwork\libm.a(e_atan2.o)
 .glue_7t       0x0001be60        0x0 c:/asctec_arm_sdk/winarm/bin/../lib/gcc/arm-elf/4.1.1/../../../../arm-elf/lib/thumb/interwork\libm.a(e_pow.o)
 .glue_7t       0x0001be60        0x0 c:/asctec_arm_sdk/winarm/bin/../lib/gcc/arm-elf/4.1.1/../../../../arm-elf/lib/thumb/interwork\libm.a(e_rem_pio2.o)
 .glue_7t       0x0001be60        0x0 c:/asctec_arm_sdk/winarm/bin/../lib/gcc/arm-elf/4.1.1/../../../../arm-elf/lib/thumb/interwork\libm.a(e_sqrt.o)
 .glue_7t       0x0001be60        0x0 c:/asctec_arm_sdk/winarm/bin/../lib/gcc/arm-elf/4.1.1/../../../../arm-elf/lib/thumb/interwork\libm.a(ef_fmod.o)
 .glue_7t       0x0001be60        0x0 c:/asctec_arm_sdk/winarm/bin/../lib/gcc/arm-elf/4.1.1/../../../../arm-elf/lib/thumb/interwork\libm.a(ef_pow.o)
 .glue_7t       0x0001be60        0x0 c:/asctec_arm_sdk/winarm/bin/../lib/gcc/arm-elf/4.1.1/../../../../arm-elf/lib/thumb/interwork\libm.a(ef_sqrt.o)
 .glue_7t       0x0001be60        0x0 c:/asctec_arm_sdk/winarm/bin/../lib/gcc/arm-elf/4.1.1/../../../../arm-elf/lib/thumb/interwork\libm.a(k_cos.o)
 .glue_7t       0x0001be60        0x0 c:/asctec_arm_sdk/winarm/bin/../lib/gcc/arm-elf/4.1.1/../../../../arm-elf/lib/thumb/interwork\libm.a(k_rem_pio2.o)
 .glue_7t       0x0001be60        0x0 c:/asctec_arm_sdk/winarm/bin/../lib/gcc/arm-elf/4.1.1/../../../../arm-elf/lib/thumb/interwork\libm.a(k_sin.o)
 .glue_7t       0x0001be60        0x0 c:/asctec_arm_sdk/winarm/bin/../lib/gcc/arm-elf/4.1.1/../../../../arm-elf/lib/thumb/interwork\libm.a(s_atan.o)
 .glue_7t       0x0001be60        0x0 c:/asctec_arm_sdk/winarm/bin/../lib/gcc/arm-elf/4.1.1/../../../../arm-elf/lib/thumb/interwork\libm.a(s_fabs.o)
 .glue_7t       0x0001be60        0x0 c:/asctec_arm_sdk/winarm/bin/../lib/gcc/arm-elf/4.1.1/../../../../arm-elf/lib/thumb/interwork\libm.a(s_finite.o)
 .glue_7t       0x0001be60        0x0 c:/asctec_arm_sdk/winarm/bin/../lib/gcc/arm-elf/4.1.1/../../../../arm-elf/lib/thumb/interwork\libm.a(s_floor.o)
 .glue_7t       0x0001be60        0x0 c:/asctec_arm_sdk/winarm/bin/../lib/gcc/arm-elf/4.1.1/../../../../arm-elf/lib/thumb/interwork\libm.a(s_lib_ver.o)
 .glue_7t       0x0001be60        0x0 c:/asctec_arm_sdk/winarm/bin/../lib/gcc/arm-elf/4.1.1/../../../../arm-elf/lib/thumb/interwork\libm.a(s_matherr.o)
 .glue_7t       0x0001be60        0x0 c:/asctec_arm_sdk/winarm/bin/../lib/gcc/arm-elf/4.1.1/../../../../arm-elf/lib/thumb/interwork\libm.a(s_rint.o)
 .glue_7t       0x0001be60        0x0 c:/asctec_arm_sdk/winarm/bin/../lib/gcc/arm-elf/4.1.1/../../../../arm-elf/lib/thumb/interwork\libm.a(s_scalbn.o)
 .glue_7t       0x0001be60        0x0 c:/asctec_arm_sdk/winarm/bin/../lib/gcc/arm-elf/4.1.1/../../../../arm-elf/lib/thumb/interwork\libm.a(sf_fabs.o)
 .glue_7t       0x0001be60        0x0 c:/asctec_arm_sdk/winarm/bin/../lib/gcc/arm-elf/4.1.1/../../../../arm-elf/lib/thumb/interwork\libm.a(sf_finite.o)
 .glue_7t       0x0001be60        0x0 c:/asctec_arm_sdk/winarm/bin/../lib/gcc/arm-elf/4.1.1/../../../../arm-elf/lib/thumb/interwork\libm.a(sf_isnan.o)
 .glue_7t       0x0001be60        0x0 c:/asctec_arm_sdk/winarm/bin/../lib/gcc/arm-elf/4.1.1/../../../../arm-elf/lib/thumb/interwork\libm.a(sf_scalbn.o)
 .glue_7t       0x0001be60        0x0 c:/asctec_arm_sdk/winarm/bin/../lib/gcc/arm-elf/4.1.1/../../../../arm-elf/lib/thumb/interwork\libm.a(s_copysign.o)
 .glue_7t       0x0001be60        0x0 c:/asctec_arm_sdk/winarm/bin/../lib/gcc/arm-elf/4.1.1/../../../../arm-elf/lib/thumb/interwork\libm.a(sf_copysign.o)
 .glue_7t       0x0001be60        0x0 c:/asctec_arm_sdk/winarm/bin/../lib/gcc/arm-elf/4.1.1/thumb/interwork\libgcc.a(_fixsfsi.o)
 .glue_7t       0x0001be60       0xf0 c:/asctec_arm_sdk/winarm/bin/../lib/gcc/arm-elf/4.1.1/../../../../arm-elf/lib/thumb/interwork\libg.a(errno.o)
                0x0001bebc                ___sbrk_r_change_to_arm
                0x0001bee8                ___read_r_from_thumb
                0x0001bf48                ____lesf2_from_thumb
                0x0001bea8                ____gtdf2_from_thumb
                0x0001bf20                ____divsf3_from_thumb
                0x0001be88                ____subdf3_from_thumb
                0x0001be64                ____ltdf2_change_to_arm
                0x0001bef4                ____eqsf2_change_to_arm
                0x0001bf18                ____ledf2_from_thumb
                0x0001bf2c                ____addsf3_change_to_arm
                0x0001be8c                ____subdf3_change_to_arm
                0x0001bf38                ____floatsisf_from_thumb
                0x0001bef8                ____extendsfdf2_from_thumb
                0x0001beb4                ____gedf2_change_to_arm
                0x0001bec0                ___fstat_r_from_thumb
                0x0001becc                __isatty_change_to_arm
                0x0001be70                ____eqdf2_from_thumb
                0x0001bed4                ___close_r_change_to_arm
                0x0001beec                ___read_r_change_to_arm
                0x0001bf08                ____ltsf2_from_thumb
                0x0001be98                ____fixdfsi_from_thumb
                0x0001bea4                ____divdf3_change_to_arm
                0x0001bf4c                ____lesf2_change_to_arm
                0x0001beb0                ____gedf2_from_thumb
                0x0001bec4                ___fstat_r_change_to_arm
                0x0001bf00                ____truncdfsf2_from_thumb
                0x0001be94                ____muldf3_change_to_arm
                0x0001bedc                ___lseek_r_change_to_arm
                0x0001bf24                ____divsf3_change_to_arm
                0x0001be9c                ____fixdfsi_change_to_arm
                0x0001bea0                ____divdf3_from_thumb
                0x0001bf40                ____gtsf2_from_thumb
                0x0001bf14                ____mulsf3_change_to_arm
                0x0001be84                ____adddf3_change_to_arm
                0x0001beac                ____gtdf2_change_to_arm
                0x0001bee4                ___write_r_change_to_arm
                0x0001bed8                ___lseek_r_from_thumb
                0x0001bf04                ____truncdfsf2_change_to_arm
                0x0001befc                ____extendsfdf2_change_to_arm
                0x0001be78                ____floatsidf_from_thumb
                0x0001be60                ____ltdf2_from_thumb
                0x0001bf3c                ____floatsisf_change_to_arm
                0x0001be6c                ____nedf2_change_to_arm
                0x0001bf30                ____subsf3_from_thumb
                0x0001be80                ____adddf3_from_thumb
                0x0001bed0                ___close_r_from_thumb
                0x0001bf44                ____gtsf2_change_to_arm
                0x0001be74                ____eqdf2_change_to_arm
                0x0001bf0c                ____ltsf2_change_to_arm
                0x0001bf10                ____mulsf3_from_thumb
                0x0001bf28                ____addsf3_from_thumb
                0x0001beb8                ___sbrk_r_from_thumb
                0x0001be90                ____muldf3_from_thumb
                0x0001bef0                ____eqsf2_from_thumb
                0x0001bf34                ____subsf3_change_to_arm
                0x0001be68                ____nedf2_from_thumb
                0x0001bf1c                ____ledf2_change_to_arm
                0x0001bee0                ___write_r_from_thumb
                0x0001be7c                ____floatsidf_change_to_arm
                0x0001bec8                __isatty_from_thumb
 *(.gcc_except_table)
 *(.rodata)
 .rodata        0x0001bf50        0x6 asctecCommIntfOnboard.o
 .rodata        0x0001bf56       0x24 buildInfoSetup.o
 *fill*         0x0001bf7a        0x2 00
 .rodata        0x0001bf7c      0x288 main.o
 .rodata        0x0001c204      0x184 c:/asctec_arm_sdk/winarm/bin/../lib/gcc/arm-elf/4.1.1/../../../../arm-elf/lib/thumb/interwork\libc.a(vfprintf.o)
 .rodata        0x0001c388       0x18 c:/asctec_arm_sdk/winarm/bin/../lib/gcc/arm-elf/4.1.1/../../../../arm-elf/lib/thumb/interwork\libc.a(dtoa.o)
 .rodata        0x0001c3a0        0x4 c:/asctec_arm_sdk/winarm/bin/../lib/gcc/arm-elf/4.1.1/../../../../arm-elf/lib/thumb/interwork\libc.a(impure.o)
                0x0001c3a0                _global_impure_ptr
 .rodata        0x0001c3a4       0x34 c:/asctec_arm_sdk/winarm/bin/../lib/gcc/arm-elf/4.1.1/../../../../arm-elf/lib/thumb/interwork\libc.a(locale.o)
 .rodata        0x0001c3d8      0x124 c:/asctec_arm_sdk/winarm/bin/../lib/gcc/arm-elf/4.1.1/../../../../arm-elf/lib/thumb/interwork\libc.a(mprec.o)
                0x0001c4c8                __mprec_tinytens
                0x0001c3d8                __mprec_tens
                0x0001c4a0                __mprec_bigtens
 .rodata        0x0001c4fc       0xe2 ./\libublox.a(ublox.o)
 *fill*         0x0001c5de        0x2 00
 .rodata        0x0001c5e0       0x30 c:/asctec_arm_sdk/winarm/bin/../lib/gcc/arm-elf/4.1.1/../../../../arm-elf/lib/thumb/interwork\libm.a(e_pow.o)
 .rodata        0x0001c610      0x188 c:/asctec_arm_sdk/winarm/bin/../lib/gcc/arm-elf/4.1.1/../../../../arm-elf/lib/thumb/interwork\libm.a(e_rem_pio2.o)
 .rodata        0x0001c798        0x8 c:/asctec_arm_sdk/winarm/bin/../lib/gcc/arm-elf/4.1.1/../../../../arm-elf/lib/thumb/interwork\libm.a(ef_fmod.o)
 .rodata        0x0001c7a0       0x18 c:/asctec_arm_sdk/winarm/bin/../lib/gcc/arm-elf/4.1.1/../../../../arm-elf/lib/thumb/interwork\libm.a(ef_pow.o)
 .rodata        0x0001c7b8       0x50 c:/asctec_arm_sdk/winarm/bin/../lib/gcc/arm-elf/4.1.1/../../../../arm-elf/lib/thumb/interwork\libm.a(k_rem_pio2.o)
 .rodata        0x0001c808       0x40 c:/asctec_arm_sdk/winarm/bin/../lib/gcc/arm-elf/4.1.1/../../../../arm-elf/lib/thumb/interwork\libm.a(s_atan.o)
 .rodata        0x0001c848        0x4 c:/asctec_arm_sdk/winarm/bin/../lib/gcc/arm-elf/4.1.1/../../../../arm-elf/lib/thumb/interwork\libm.a(s_lib_ver.o)
                0x0001c848                __fdlib_version
 .rodata        0x0001c84c       0x10 c:/asctec_arm_sdk/winarm/bin/../lib/gcc/arm-elf/4.1.1/../../../../arm-elf/lib/thumb/interwork\libm.a(s_rint.o)
 *(.rodata*)
 .rodata.str1.4
                0x0001c85c      0x1ff sdk_telemetry.o
                                0x204 (size before relaxing)
 *fill*         0x0001ca5b        0x1 00
 .rodata.str1.4
                0x0001ca5c        0xc buildInfoSetup.o
 .rodata.str1.4
                0x0001ca68       0x63 c:/asctec_arm_sdk/winarm/bin/../lib/gcc/arm-elf/4.1.1/../../../../arm-elf/lib/thumb/interwork\libc.a(vfprintf.o)
                                 0x64 (size before relaxing)
 *fill*         0x0001cacb        0x1 00
 .rodata.str1.4
                0x0001cacc       0x1e c:/asctec_arm_sdk/winarm/bin/../lib/gcc/arm-elf/4.1.1/../../../../arm-elf/lib/thumb/interwork\libc.a(wctomb_r.o)
                                 0x20 (size before relaxing)
 *fill*         0x0001caea        0x2 00
 .rodata.str1.4
                0x0001caec       0x10 c:/asctec_arm_sdk/winarm/bin/../lib/gcc/arm-elf/4.1.1/../../../../arm-elf/lib/thumb/interwork\libc.a(dtoa.o)
                                 0x14 (size before relaxing)
 .rodata.str1.4
                0x0001cafc        0x2 c:/asctec_arm_sdk/winarm/bin/../lib/gcc/arm-elf/4.1.1/../../../../arm-elf/lib/thumb/interwork\libc.a(impure.o)
                                  0x4 (size before relaxing)
 *fill*         0x0001cafe        0x2 00
 .rodata.str1.4
                0x0001cb00        0xb c:/asctec_arm_sdk/winarm/bin/../lib/gcc/arm-elf/4.1.1/../../../../arm-elf/lib/thumb/interwork\libc.a(locale.o)
                                 0x18 (size before relaxing)
 *fill*         0x0001cb0b        0x1 00
 .rodata.str1.4
                0x0001cb0c        0x6 c:/asctec_arm_sdk/winarm/bin/../lib/gcc/arm-elf/4.1.1/../../../../arm-elf/lib/thumb/interwork\libm.a(w_atan2.o)
                                  0x8 (size before relaxing)
 *fill*         0x0001cb12        0x2 00
 .rodata.str1.4
                0x0001cb14        0x4 c:/asctec_arm_sdk/winarm/bin/../lib/gcc/arm-elf/4.1.1/../../../../arm-elf/lib/thumb/interwork\libm.a(w_pow.o)
 .rodata.str1.4
                0x0001cb18        0x5 c:/asctec_arm_sdk/winarm/bin/../lib/gcc/arm-elf/4.1.1/../../../../arm-elf/lib/thumb/interwork\libm.a(w_sqrt.o)
                                  0x8 (size before relaxing)
 *fill*         0x0001cb1d        0x3 00
 .rodata.str1.4
                0x0001cb20        0x6 c:/asctec_arm_sdk/winarm/bin/../lib/gcc/arm-elf/4.1.1/../../../../arm-elf/lib/thumb/interwork\libm.a(wf_fmod.o)
                                  0x8 (size before relaxing)
 *fill*         0x0001cb26        0x2 00
 .rodata.str1.4
                0x0001cb28        0x8 c:/asctec_arm_sdk/winarm/bin/../lib/gcc/arm-elf/4.1.1/../../../../arm-elf/lib/thumb/interwork\libm.a(wf_pow.o)
 *(.gnu.linkonce.r.*)
                0x0001cb30                . = ALIGN (0x4)
                0x0001cb30                . = ALIGN (0x4)

.ctors          0x0001cb30        0x0
                0x0001cb30                PROVIDE (__ctors_start__, .)
 *(SORT(.ctors.*))
 *(.ctors)
                0x0001cb30                . = ALIGN (0x4)
                0x0001cb30                PROVIDE (__ctors_end__, .)
                0x0001cb30                . = ALIGN (0x4)

.dtors          0x0001cb30        0x0
                0x0001cb30                PROVIDE (__dtors_start__, .)
 *(SORT(.dtors.*))
 *(.dtors)
                0x0001cb30                . = ALIGN (0x4)
                0x0001cb30                PROVIDE (__dtors_end__, .)
                0x0001cb30                . = ALIGN (0x4)
                0x0001cb30                . = ALIGN (0x4)
                0x0001cb30                _etext = .
                0x0001cb30                PROVIDE (etext, .)

.data           0x40000000      0xdc4 load address 0x0001cb30
                0x40000000                _data = .
 *(.vectmapped)
                0x40000000                . = ALIGN (0x4)
 *(.fastrun)
                0x40000000                . = ALIGN (0x4)
                0x40000000                . = ALIGN (0x4)
 *(.data)
 .data          0x40000000        0x0 Common_WinARM/src/Startup.o
 .data          0x40000000        0x0 Common_WinARM/src/swi_handler.o
 .data          0x40000000        0x0 LL_HL_comm.o
 .data          0x40000000        0x0 mymath.o
 .data          0x40000000        0x0 gpsmath.o
 .data          0x40000000        0x0 sdk.o
 .data          0x40000000        0x0 sdk_telemetry.o
 .data          0x40000000        0xc buzzer.o
                0x40000004                ALARM_battery_warning_voltage_low
                0x40000002                ALARM_battery_warning_voltage_high
                0x40000000                buzzer_warnings
 .data          0x4000000c        0x0 lpc_aci_eeprom.o
 .data          0x4000000c       0x14 asctecCommIntfOnboard.o
                0x4000000c                aciVarPacketTransmissionRate
                0x4000001e                aciMagicCodePar
                0x40000012                entry_exist
                0x4000001c                aciMagicCodeCmd
                0x40000018                aciHeartBeatTimeout
                0x4000001a                aciMagicCodeVar
                0x40000014                aciEngineRate
 .data          0x40000020        0x0 buildInfoSetup.o
 .data          0x40000020        0x3 main.o
                0x40000020                DataOutputsPerSecond
                0x40000021                PTU_cam_option_4_version
 .data          0x40000023        0x0 hardware.o
 .data          0x40000023        0x0 system.o
 .data          0x40000023        0x7 uart.o
                0x40000027                stopstring
                0x40000024                startstring
                0x40000023                chksum_trigger
 .data          0x4000002a        0x0 syscalls.o
 .data          0x4000002a        0x0 i2c.o
 .data          0x4000002a        0x0 i2c1.o
 .data          0x4000002a        0x0 Common_WinARM/src/irq.o
 .data          0x4000002a        0x0 adc.o
 .data          0x4000002a        0x3 ssp.o
                0x4000002b                SSP_receiption_complete
                0x4000002c                data_sent_to_HL
                0x4000002a                data_sent_to_LL
 .data          0x4000002d        0x0 pelican_ptu.o
 .data          0x4000002d        0x0 jetiTelemetry.o
 .data          0x4000002d        0x0 LPC2k_ee.o
 *fill*         0x4000002d        0x3 00
 .data          0x40000030       0x1c lab.o
                0x40000034                kF
                0x40000048                g
                0x4000003c                l
                0x40000040                MAXPHI2
                0x40000038                kM
                0x40000044                MINPHI2
                0x40000030                mass
 .data          0x4000004c        0x0 Utilites.o
 .data          0x4000004c        0x0 c:/asctec_arm_sdk/winarm/bin/../lib/gcc/arm-elf/4.1.1/../../../../arm-elf/lib/thumb/interwork\libc.a(memcpy.o)
 .data          0x4000004c        0x0 c:/asctec_arm_sdk/winarm/bin/../lib/gcc/arm-elf/4.1.1/../../../../arm-elf/lib/thumb/interwork\libc.a(sprintf.o)
 .data          0x4000004c        0x0 c:/asctec_arm_sdk/winarm/bin/../lib/gcc/arm-elf/4.1.1/../../../../arm-elf/lib/thumb/interwork\libc.a(strcpy.o)
 .data          0x4000004c        0x0 c:/asctec_arm_sdk/winarm/bin/../lib/gcc/arm-elf/4.1.1/../../../../arm-elf/lib/thumb/interwork\libc.a(strlen.o)
 .data          0x4000004c        0x0 c:/asctec_arm_sdk/winarm/bin/../lib/gcc/arm-elf/4.1.1/../../../../arm-elf/lib/thumb/interwork\libc.a(vfprintf.o)
 .data          0x4000004c        0x0 c:/asctec_arm_sdk/winarm/bin/../lib/gcc/arm-elf/4.1.1/../../../../arm-elf/lib/thumb/interwork\libc.a(wcrtomb.o)
 .data          0x4000004c        0x0 c:/asctec_arm_sdk/winarm/bin/../lib/gcc/arm-elf/4.1.1/../../../../arm-elf/lib/thumb/interwork\libc.a(wcsrtombs.o)
 .data          0x4000004c        0x0 c:/asctec_arm_sdk/winarm/bin/../lib/gcc/arm-elf/4.1.1/../../../../arm-elf/lib/thumb/interwork\libc.a(wctomb_r.o)
 .data          0x4000004c        0x0 c:/asctec_arm_sdk/winarm/bin/../lib/gcc/arm-elf/4.1.1/../../../../arm-elf/lib/thumb/interwork\libc.a(wsetup.o)
 .data          0x4000004c        0x0 c:/asctec_arm_sdk/winarm/bin/../lib/gcc/arm-elf/4.1.1/../../../../arm-elf/lib/thumb/interwork\libc.a(dtoa.o)
 .data          0x4000004c        0x0 c:/asctec_arm_sdk/winarm/bin/../lib/gcc/arm-elf/4.1.1/../../../../arm-elf/lib/thumb/interwork\libc.a(fflush.o)
 .data          0x4000004c        0x0 c:/asctec_arm_sdk/winarm/bin/../lib/gcc/arm-elf/4.1.1/../../../../arm-elf/lib/thumb/interwork\libc.a(findfp.o)
 .data          0x4000004c        0x0 c:/asctec_arm_sdk/winarm/bin/../lib/gcc/arm-elf/4.1.1/../../../../arm-elf/lib/thumb/interwork\libc.a(freer.o)
 .data          0x4000004c        0x0 c:/asctec_arm_sdk/winarm/bin/../lib/gcc/arm-elf/4.1.1/../../../../arm-elf/lib/thumb/interwork\libc.a(fvwrite.o)
 .data          0x4000004c        0x0 c:/asctec_arm_sdk/winarm/bin/../lib/gcc/arm-elf/4.1.1/../../../../arm-elf/lib/thumb/interwork\libc.a(fwalk.o)
 .data          0x4000004c      0x404 c:/asctec_arm_sdk/winarm/bin/../lib/gcc/arm-elf/4.1.1/../../../../arm-elf/lib/thumb/interwork\libc.a(impure.o)
                0x4000004c                _impure_ptr
 .data          0x40000450       0x10 c:/asctec_arm_sdk/winarm/bin/../lib/gcc/arm-elf/4.1.1/../../../../arm-elf/lib/thumb/interwork\libc.a(locale.o)
                0x40000450                __mb_cur_max
                0x40000454                __lc_ctype
 .data          0x40000460        0x0 c:/asctec_arm_sdk/winarm/bin/../lib/gcc/arm-elf/4.1.1/../../../../arm-elf/lib/thumb/interwork\libc.a(makebuf.o)
 .data          0x40000460      0x410 c:/asctec_arm_sdk/winarm/bin/../lib/gcc/arm-elf/4.1.1/../../../../arm-elf/lib/thumb/interwork\libc.a(mallocr.o)
                0x4000086c                __malloc_sbrk_base
                0x40000460                __malloc_av_
                0x40000868                __malloc_trim_threshold
 .data          0x40000870        0x0 c:/asctec_arm_sdk/winarm/bin/../lib/gcc/arm-elf/4.1.1/../../../../arm-elf/lib/thumb/interwork\libc.a(memchr.o)
 .data          0x40000870        0x0 c:/asctec_arm_sdk/winarm/bin/../lib/gcc/arm-elf/4.1.1/../../../../arm-elf/lib/thumb/interwork\libc.a(memmove.o)
 .data          0x40000870        0x0 c:/asctec_arm_sdk/winarm/bin/../lib/gcc/arm-elf/4.1.1/../../../../arm-elf/lib/thumb/interwork\libc.a(memset.o)
 .data          0x40000870        0x0 c:/asctec_arm_sdk/winarm/bin/../lib/gcc/arm-elf/4.1.1/../../../../arm-elf/lib/thumb/interwork\libc.a(mlock.o)
 .data          0x40000870        0x0 c:/asctec_arm_sdk/winarm/bin/../lib/gcc/arm-elf/4.1.1/../../../../arm-elf/lib/thumb/interwork\libc.a(mprec.o)
 .data          0x40000870        0x0 c:/asctec_arm_sdk/winarm/bin/../lib/gcc/arm-elf/4.1.1/../../../../arm-elf/lib/thumb/interwork\libc.a(reallocr.o)
 .data          0x40000870        0x0 c:/asctec_arm_sdk/winarm/bin/../lib/gcc/arm-elf/4.1.1/../../../../arm-elf/lib/thumb/interwork\libc.a(s_isinf.o)
 .data          0x40000870        0x0 c:/asctec_arm_sdk/winarm/bin/../lib/gcc/arm-elf/4.1.1/../../../../arm-elf/lib/thumb/interwork\libc.a(s_isnan.o)
 .data          0x40000870        0x0 c:/asctec_arm_sdk/winarm/bin/../lib/gcc/arm-elf/4.1.1/../../../../arm-elf/lib/thumb/interwork\libc.a(stdio.o)
 .data          0x40000870        0x0 c:/asctec_arm_sdk/winarm/bin/../lib/gcc/arm-elf/4.1.1/../../../../arm-elf/lib/thumb/interwork\libc.a(strcmp.o)
 .data          0x40000870        0x0 c:/asctec_arm_sdk/winarm/bin/../lib/gcc/arm-elf/4.1.1/../../../../arm-elf/lib/thumb/interwork\libc.a(callocr.o)
 .data          0x40000870        0x0 c:/asctec_arm_sdk/winarm/bin/../lib/gcc/arm-elf/4.1.1/../../../../arm-elf/lib/thumb/interwork\libc.a(fclose.o)
 .data          0x40000870        0x0 c:/asctec_arm_sdk/winarm/bin/../lib/gcc/arm-elf/4.1.1/thumb/interwork\libgcc.a(_udivsi3.o)
 .data          0x40000870        0x0 c:/asctec_arm_sdk/winarm/bin/../lib/gcc/arm-elf/4.1.1/thumb/interwork\libgcc.a(_divsi3.o)
 .data          0x40000870        0x0 c:/asctec_arm_sdk/winarm/bin/../lib/gcc/arm-elf/4.1.1/thumb/interwork\libgcc.a(_umodsi3.o)
 .data          0x40000870        0x0 c:/asctec_arm_sdk/winarm/bin/../lib/gcc/arm-elf/4.1.1/thumb/interwork\libgcc.a(_modsi3.o)
 .data          0x40000870        0x0 c:/asctec_arm_sdk/winarm/bin/../lib/gcc/arm-elf/4.1.1/thumb/interwork\libgcc.a(_dvmd_tls.o)
 .data          0x40000870        0x0 c:/asctec_arm_sdk/winarm/bin/../lib/gcc/arm-elf/4.1.1/thumb/interwork\libgcc.a(_addsubdf3.o)
 .data          0x40000870        0x0 c:/asctec_arm_sdk/winarm/bin/../lib/gcc/arm-elf/4.1.1/thumb/interwork\libgcc.a(_muldivdf3.o)
 .data          0x40000870        0x0 c:/asctec_arm_sdk/winarm/bin/../lib/gcc/arm-elf/4.1.1/thumb/interwork\libgcc.a(_cmpdf2.o)
 .data          0x40000870        0x0 c:/asctec_arm_sdk/winarm/bin/../lib/gcc/arm-elf/4.1.1/thumb/interwork\libgcc.a(_fixdfsi.o)
 .data          0x40000870        0x0 c:/asctec_arm_sdk/winarm/bin/../lib/gcc/arm-elf/4.1.1/thumb/interwork\libgcc.a(_truncdfsf2.o)
 .data          0x40000870        0x0 c:/asctec_arm_sdk/winarm/bin/../lib/gcc/arm-elf/4.1.1/thumb/interwork\libgcc.a(_addsubsf3.o)
 .data          0x40000870        0x0 c:/asctec_arm_sdk/winarm/bin/../lib/gcc/arm-elf/4.1.1/thumb/interwork\libgcc.a(_muldivsf3.o)
 .data          0x40000870        0x0 c:/asctec_arm_sdk/winarm/bin/../lib/gcc/arm-elf/4.1.1/thumb/interwork\libgcc.a(_cmpsf2.o)
 .data          0x40000870        0x0 c:/asctec_arm_sdk/winarm/bin/../lib/gcc/arm-elf/4.1.1/thumb/interwork\libgcc.a(_fixunssfsi.o)
 .data          0x40000870      0x54c ./\libdeclination.a(declination.o)
 .data          0x40000dbc        0x8 ./\libublox.a(ublox.o)
                0x40000dbc                gpsLEDTrigger
 .data          0x40000dc4        0x0 c:/asctec_arm_sdk/winarm/bin/../lib/gcc/arm-elf/4.1.1/../../../../arm-elf/lib/thumb/interwork\libm.a(s_cos.o)
 .data          0x40000dc4        0x0 c:/asctec_arm_sdk/winarm/bin/../lib/gcc/arm-elf/4.1.1/../../../../arm-elf/lib/thumb/interwork\libm.a(s_sin.o)
 .data          0x40000dc4        0x0 c:/asctec_arm_sdk/winarm/bin/../lib/gcc/arm-elf/4.1.1/../../../../arm-elf/lib/thumb/interwork\libm.a(w_atan2.o)
 .data          0x40000dc4        0x0 c:/asctec_arm_sdk/winarm/bin/../lib/gcc/arm-elf/4.1.1/../../../../arm-elf/lib/thumb/interwork\libm.a(w_pow.o)
 .data          0x40000dc4        0x0 c:/asctec_arm_sdk/winarm/bin/../lib/gcc/arm-elf/4.1.1/../../../../arm-elf/lib/thumb/interwork\libm.a(w_sqrt.o)
 .data          0x40000dc4        0x0 c:/asctec_arm_sdk/winarm/bin/../lib/gcc/arm-elf/4.1.1/../../../../arm-elf/lib/thumb/interwork\libm.a(wf_fmod.o)
 .data          0x40000dc4        0x0 c:/asctec_arm_sdk/winarm/bin/../lib/gcc/arm-elf/4.1.1/../../../../arm-elf/lib/thumb/interwork\libm.a(wf_pow.o)
 .data          0x40000dc4        0x0 c:/asctec_arm_sdk/winarm/bin/../lib/gcc/arm-elf/4.1.1/../../../../arm-elf/lib/thumb/interwork\libm.a(e_atan2.o)
 .data          0x40000dc4        0x0 c:/asctec_arm_sdk/winarm/bin/../lib/gcc/arm-elf/4.1.1/../../../../arm-elf/lib/thumb/interwork\libm.a(e_pow.o)
 .data          0x40000dc4        0x0 c:/asctec_arm_sdk/winarm/bin/../lib/gcc/arm-elf/4.1.1/../../../../arm-elf/lib/thumb/interwork\libm.a(e_rem_pio2.o)
 .data          0x40000dc4        0x0 c:/asctec_arm_sdk/winarm/bin/../lib/gcc/arm-elf/4.1.1/../../../../arm-elf/lib/thumb/interwork\libm.a(e_sqrt.o)
 .data          0x40000dc4        0x0 c:/asctec_arm_sdk/winarm/bin/../lib/gcc/arm-elf/4.1.1/../../../../arm-elf/lib/thumb/interwork\libm.a(ef_fmod.o)
 .data          0x40000dc4        0x0 c:/asctec_arm_sdk/winarm/bin/../lib/gcc/arm-elf/4.1.1/../../../../arm-elf/lib/thumb/interwork\libm.a(ef_pow.o)
 .data          0x40000dc4        0x0 c:/asctec_arm_sdk/winarm/bin/../lib/gcc/arm-elf/4.1.1/../../../../arm-elf/lib/thumb/interwork\libm.a(ef_sqrt.o)
 .data          0x40000dc4        0x0 c:/asctec_arm_sdk/winarm/bin/../lib/gcc/arm-elf/4.1.1/../../../../arm-elf/lib/thumb/interwork\libm.a(k_cos.o)
 .data          0x40000dc4        0x0 c:/asctec_arm_sdk/winarm/bin/../lib/gcc/arm-elf/4.1.1/../../../../arm-elf/lib/thumb/interwork\libm.a(k_rem_pio2.o)
 .data          0x40000dc4        0x0 c:/asctec_arm_sdk/winarm/bin/../lib/gcc/arm-elf/4.1.1/../../../../arm-elf/lib/thumb/interwork\libm.a(k_sin.o)
 .data          0x40000dc4        0x0 c:/asctec_arm_sdk/winarm/bin/../lib/gcc/arm-elf/4.1.1/../../../../arm-elf/lib/thumb/interwork\libm.a(s_atan.o)
 .data          0x40000dc4        0x0 c:/asctec_arm_sdk/winarm/bin/../lib/gcc/arm-elf/4.1.1/../../../../arm-elf/lib/thumb/interwork\libm.a(s_fabs.o)
 .data          0x40000dc4        0x0 c:/asctec_arm_sdk/winarm/bin/../lib/gcc/arm-elf/4.1.1/../../../../arm-elf/lib/thumb/interwork\libm.a(s_finite.o)
 .data          0x40000dc4        0x0 c:/asctec_arm_sdk/winarm/bin/../lib/gcc/arm-elf/4.1.1/../../../../arm-elf/lib/thumb/interwork\libm.a(s_floor.o)
 .data          0x40000dc4        0x0 c:/asctec_arm_sdk/winarm/bin/../lib/gcc/arm-elf/4.1.1/../../../../arm-elf/lib/thumb/interwork\libm.a(s_lib_ver.o)
 .data          0x40000dc4        0x0 c:/asctec_arm_sdk/winarm/bin/../lib/gcc/arm-elf/4.1.1/../../../../arm-elf/lib/thumb/interwork\libm.a(s_matherr.o)
 .data          0x40000dc4        0x0 c:/asctec_arm_sdk/winarm/bin/../lib/gcc/arm-elf/4.1.1/../../../../arm-elf/lib/thumb/interwork\libm.a(s_rint.o)
 .data          0x40000dc4        0x0 c:/asctec_arm_sdk/winarm/bin/../lib/gcc/arm-elf/4.1.1/../../../../arm-elf/lib/thumb/interwork\libm.a(s_scalbn.o)
 .data          0x40000dc4        0x0 c:/asctec_arm_sdk/winarm/bin/../lib/gcc/arm-elf/4.1.1/../../../../arm-elf/lib/thumb/interwork\libm.a(sf_fabs.o)
 .data          0x40000dc4        0x0 c:/asctec_arm_sdk/winarm/bin/../lib/gcc/arm-elf/4.1.1/../../../../arm-elf/lib/thumb/interwork\libm.a(sf_finite.o)
 .data          0x40000dc4        0x0 c:/asctec_arm_sdk/winarm/bin/../lib/gcc/arm-elf/4.1.1/../../../../arm-elf/lib/thumb/interwork\libm.a(sf_isnan.o)
 .data          0x40000dc4        0x0 c:/asctec_arm_sdk/winarm/bin/../lib/gcc/arm-elf/4.1.1/../../../../arm-elf/lib/thumb/interwork\libm.a(sf_scalbn.o)
 .data          0x40000dc4        0x0 c:/asctec_arm_sdk/winarm/bin/../lib/gcc/arm-elf/4.1.1/../../../../arm-elf/lib/thumb/interwork\libm.a(s_copysign.o)
 .data          0x40000dc4        0x0 c:/asctec_arm_sdk/winarm/bin/../lib/gcc/arm-elf/4.1.1/../../../../arm-elf/lib/thumb/interwork\libm.a(sf_copysign.o)
 .data          0x40000dc4        0x0 c:/asctec_arm_sdk/winarm/bin/../lib/gcc/arm-elf/4.1.1/thumb/interwork\libgcc.a(_fixsfsi.o)
 .data          0x40000dc4        0x0 c:/asctec_arm_sdk/winarm/bin/../lib/gcc/arm-elf/4.1.1/../../../../arm-elf/lib/thumb/interwork\libg.a(errno.o)
 *(.data.*)
 *(.gnu.linkonce.d*)
                0x40000dc4                . = ALIGN (0x4)
                0x40000dc4                . = ALIGN (0x4)
                0x40000dc4                _edata = .
                0x40000dc4                PROVIDE (edata, .)

.bss            0x40000dc4     0x4900
                0x40000dc4                __bss_start = .
                0x40000dc4                __bss_start__ = .
 *(.bss)
 .bss           0x40000dc4        0x0 Common_WinARM/src/Startup.o
 .bss           0x40000dc4        0x0 Common_WinARM/src/swi_handler.o
 .bss           0x40000dc4       0x24 LL_HL_comm.o
                0x40000dce                transmitBuildInfoTrigger
                0x40000dca                wpCtrlNavStatus
                0x40000dc8                wpCtrlAckTrigger
                0x40000dc7                wpCtrlWpCmdUpdated
                0x40000dcc                wpCtrlDistToWp
                0x40000dc6                wpCtrlWpCmd
                0x40000dc4                SSP_ack
 .bss           0x40000de8        0x0 mymath.o
 .bss           0x40000de8        0x4 gpsmath.o
                0x40000de8                gpsDataOkTrigger
 .bss           0x40000dec       0x20 sdk.o
                0x40000ded                wpExampleActive
                0x40000dee                emergencyModeUpdate
                0x40000dec                wpExampleWpNr
 .bss           0x40000e0c        0x3 sdk_telemetry.o
 *fill*         0x40000e0f        0x1 00
 .bss           0x40000e10       0x14 buzzer.o
 .bss           0x40000e24        0x4 lpc_aci_eeprom.o
                0x40000e24                anz_param_saved
 .bss           0x40000e28       0x74 asctecCommIntfOnboard.o
                0x40000e74                aciHeartBeatCnt
                0x40000e80                aciAddDatatoFlashCallback
                0x40000e2c                aciListCmdCount
                0x40000e56                aciParPacketMagicCode
                0x40000e90                aciSendSingleCount
                0x40000e7c                aciReadWriteEndCallback
                0x40000e4a                aciCmdPacketMagicCode
                0x40000e84                aciReadParafromFlashCallback
                0x40000e76                aciInhibitPacketTransmission
                0x40000e28                aciListVarCount
                0x40000e4d                aciCmdPacketWithACK
                0x40000e72                aciTxRingBufferReadPtr
                0x40000e50                aciCmdPacketSendAck
                0x40000e92                aciSendSingleNextBufferCount
                0x40000e64                aciEngineRateCounter
                0x40000e53                aciCmdPacketReceived
                0x40000e78                aciReadWriteStartCallback
                0x40000e30                aciListParCount
                0x40000e38                aciVarPacketCurrentSize
                0x40000e62                aciParamSaveIt
                0x40000e59                aciParPacketSendAck
                0x40000e3e                aciVarPacketNumberOfVars
                0x40000e70                aciTxRingBufferWritePtr
                0x40000e34                aciVarPacketMagicCode
                0x40000e44                aciVarPacketUpdated
                0x40000e8c                aciWriteParatoFlashCallback
                0x40000e5c                aciParamPacketReceived
                0x40000e5f                aciParPacketRequest
                0x40000e88                aciSaveParaCallback
 .bss           0x40000e9c        0x0 buildInfoSetup.o
 .bss           0x40000e9c       0x28 main.o
                0x40000eac                GPS_timeout
                0x40000ea0                cnt
                0x40000ea4                mainloop_cnt
                0x40000eb5                fireflyLedEnabled
                0x40000e9c                int_cnt
                0x40000eb4                SYSTEM_initialized
                0x40000eb0                trigger_cnt
                0x40000ea8                mainloop_trigger
                0x40000eb6                mainloop_overflows
 .bss           0x40000ec4        0x0 hardware.o
 .bss           0x40000ec4        0x0 system.o
 .bss           0x40000ec4      0x32c uart.o
                0x40000ecb                UART1_syncstate
                0x40000ec9                baudrate1_change
                0x40000ec6                transmission_running
                0x40000ec8                trigger_transmission
                0x40000ed0                UART1_rxcount
                0x40000ec4                data_requested
                0x40000ec5                chksum_to_check
                0x40000ecc                UART_rxcount
                0x40000eca                UART_syncstate
                0x40000ec7                transmission1_running
                0x40000ed4                UART_CalibDoneFlag
 .bss           0x400011f0        0x4 syscalls.o
 .bss           0x400011f4       0x14 i2c.o
                0x40001200                RdIndex
                0x400011f4                I2CMasterState
                0x400011f8                I2CSlaveState
                0x400011fc                I2CCount
                0x40001204                WrIndex
 .bss           0x40001208       0x14 i2c1.o
                0x40001210                WrIndex1
                0x4000120c                I2C1Count
                0x40001208                I2C1MasterState
                0x40001214                lastI2c1Error
 .bss           0x4000121c        0x0 Common_WinARM/src/irq.o
 .bss           0x4000121c        0x8 adc.o
                0x40001220                ADC1IntDone
                0x4000121c                ADC0IntDone
 .bss           0x40001224        0x4 ssp.o
                0x40001224                SSP_trans_cnt
 .bss           0x40001228       0x24 pelican_ptu.o
                0x40001230                PTU_enable_plain_ch7_to_servo
                0x40001228                PTU_cam_angle_roll_offset
                0x4000122c                PTU_cam_angle_pitch_offset
 .bss           0x4000124c        0x5 jetiTelemetry.o
                0x4000124e                jetiTriggerTextSync
                0x40001250                jetiKey
                0x4000124d                jetiAlarmType
                0x4000124f                jetiKeyChanged
                0x4000124c                jetiAlarm
 .bss           0x40001251        0x0 LPC2k_ee.o
 .bss           0x40001251        0x0 lab.o
 .bss           0x40001251        0x0 Utilites.o
 .bss           0x40001251        0x0 c:/asctec_arm_sdk/winarm/bin/../lib/gcc/arm-elf/4.1.1/../../../../arm-elf/lib/thumb/interwork\libc.a(memcpy.o)
 .bss           0x40001251        0x0 c:/asctec_arm_sdk/winarm/bin/../lib/gcc/arm-elf/4.1.1/../../../../arm-elf/lib/thumb/interwork\libc.a(sprintf.o)
 .bss           0x40001251        0x0 c:/asctec_arm_sdk/winarm/bin/../lib/gcc/arm-elf/4.1.1/../../../../arm-elf/lib/thumb/interwork\libc.a(strcpy.o)
 .bss           0x40001251        0x0 c:/asctec_arm_sdk/winarm/bin/../lib/gcc/arm-elf/4.1.1/../../../../arm-elf/lib/thumb/interwork\libc.a(strlen.o)
 .bss           0x40001251        0x0 c:/asctec_arm_sdk/winarm/bin/../lib/gcc/arm-elf/4.1.1/../../../../arm-elf/lib/thumb/interwork\libc.a(vfprintf.o)
 .bss           0x40001251        0x0 c:/asctec_arm_sdk/winarm/bin/../lib/gcc/arm-elf/4.1.1/../../../../arm-elf/lib/thumb/interwork\libc.a(wcrtomb.o)
 .bss           0x40001251        0x0 c:/asctec_arm_sdk/winarm/bin/../lib/gcc/arm-elf/4.1.1/../../../../arm-elf/lib/thumb/interwork\libc.a(wcsrtombs.o)
 .bss           0x40001251        0x0 c:/asctec_arm_sdk/winarm/bin/../lib/gcc/arm-elf/4.1.1/../../../../arm-elf/lib/thumb/interwork\libc.a(wctomb_r.o)
 .bss           0x40001251        0x0 c:/asctec_arm_sdk/winarm/bin/../lib/gcc/arm-elf/4.1.1/../../../../arm-elf/lib/thumb/interwork\libc.a(wsetup.o)
 .bss           0x40001251        0x0 c:/asctec_arm_sdk/winarm/bin/../lib/gcc/arm-elf/4.1.1/../../../../arm-elf/lib/thumb/interwork\libc.a(dtoa.o)
 .bss           0x40001251        0x0 c:/asctec_arm_sdk/winarm/bin/../lib/gcc/arm-elf/4.1.1/../../../../arm-elf/lib/thumb/interwork\libc.a(fflush.o)