Archive member included because of file (symbol)

c:/asctec_arm_sdk/winarm/bin/../lib/gcc/arm-elf/4.1.1/../../../../arm-elf/lib/thumb/interwork\libc.a(memcpy.o)
                              LL_HL_comm.o (memcpy)
c:/asctec_arm_sdk/winarm/bin/../lib/gcc/arm-elf/4.1.1/../../../../arm-elf/lib/thumb/interwork\libc.a(sprintf.o)
                              sdk_telemetry.o (sprintf)
c:/asctec_arm_sdk/winarm/bin/../lib/gcc/arm-elf/4.1.1/../../../../arm-elf/lib/thumb/interwork\libc.a(strcpy.o)
                              asctecCommIntfOnboard.o (strcpy)
c:/asctec_arm_sdk/winarm/bin/../lib/gcc/arm-elf/4.1.1/../../../../arm-elf/lib/thumb/interwork\libc.a(strlen.o)
                              asctecCommIntfOnboard.o (strlen)
c:/asctec_arm_sdk/winarm/bin/../lib/gcc/arm-elf/4.1.1/../../../../arm-elf/lib/thumb/interwork\libc.a(vfprintf.o)
                              c:/asctec_arm_sdk/winarm/bin/../lib/gcc/arm-elf/4.1.1/../../../../arm-elf/lib/thumb/interwork\libc.a(sprintf.o) (_vfprintf_r)
c:/asctec_arm_sdk/winarm/bin/../lib/gcc/arm-elf/4.1.1/../../../../arm-elf/lib/thumb/interwork\libc.a(wcrtomb.o)
                              c:/asctec_arm_sdk/winarm/bin/../lib/gcc/arm-elf/4.1.1/../../../../arm-elf/lib/thumb/interwork\libc.a(vfprintf.o) (_wcrtomb_r)
c:/asctec_arm_sdk/winarm/bin/../lib/gcc/arm-elf/4.1.1/../../../../arm-elf/lib/thumb/interwork\libc.a(wcsrtombs.o)
                              c:/asctec_arm_sdk/winarm/bin/../lib/gcc/arm-elf/4.1.1/../../../../arm-elf/lib/thumb/interwork\libc.a(vfprintf.o) (_wcsrtombs_r)
c:/asctec_arm_sdk/winarm/bin/../lib/gcc/arm-elf/4.1.1/../../../../arm-elf/lib/thumb/interwork\libc.a(wctomb_r.o)
                              c:/asctec_arm_sdk/winarm/bin/../lib/gcc/arm-elf/4.1.1/../../../../arm-elf/lib/thumb/interwork\libc.a(wcrtomb.o) (_wctomb_r)
c:/asctec_arm_sdk/winarm/bin/../lib/gcc/arm-elf/4.1.1/../../../../arm-elf/lib/thumb/interwork\libc.a(wsetup.o)
                              c:/asctec_arm_sdk/winarm/bin/../lib/gcc/arm-elf/4.1.1/../../../../arm-elf/lib/thumb/interwork\libc.a(vfprintf.o) (__swsetup)
c:/asctec_arm_sdk/winarm/bin/../lib/gcc/arm-elf/4.1.1/../../../../arm-elf/lib/thumb/interwork\libc.a(dtoa.o)
                              c:/asctec_arm_sdk/winarm/bin/../lib/gcc/arm-elf/4.1.1/../../../../arm-elf/lib/thumb/interwork\libc.a(vfprintf.o) (_dtoa_r)
c:/asctec_arm_sdk/winarm/bin/../lib/gcc/arm-elf/4.1.1/../../../../arm-elf/lib/thumb/interwork\libc.a(fflush.o)
                              c:/asctec_arm_sdk/winarm/bin/../lib/gcc/arm-elf/4.1.1/../../../../arm-elf/lib/thumb/interwork\libc.a(vfprintf.o) (fflush)
c:/asctec_arm_sdk/winarm/bin/../lib/gcc/arm-elf/4.1.1/../../../../arm-elf/lib/thumb/interwork\libc.a(findfp.o)
                              c:/asctec_arm_sdk/winarm/bin/../lib/gcc/arm-elf/4.1.1/../../../../arm-elf/lib/thumb/interwork\libc.a(vfprintf.o) (__sinit)
c:/asctec_arm_sdk/winarm/bin/../lib/gcc/arm-elf/4.1.1/../../../../arm-elf/lib/thumb/interwork\libc.a(freer.o)
                              c:/asctec_arm_sdk/winarm/bin/../lib/gcc/arm-elf/4.1.1/../../../../arm-elf/lib/thumb/interwork\libc.a(vfprintf.o) (_free_r)
c:/asctec_arm_sdk/winarm/bin/../lib/gcc/arm-elf/4.1.1/../../../../arm-elf/lib/thumb/interwork\libc.a(fvwrite.o)
                              c:/asctec_arm_sdk/winarm/bin/../lib/gcc/arm-elf/4.1.1/../../../../arm-elf/lib/thumb/interwork\libc.a(vfprintf.o) (__sfvwrite)
c:/asctec_arm_sdk/winarm/bin/../lib/gcc/arm-elf/4.1.1/../../../../arm-elf/lib/thumb/interwork\libc.a(fwalk.o)
                              c:/asctec_arm_sdk/winarm/bin/../lib/gcc/arm-elf/4.1.1/../../../../arm-elf/lib/thumb/interwork\libc.a(fflush.o) (_fwalk)
c:/asctec_arm_sdk/winarm/bin/../lib/gcc/arm-elf/4.1.1/../../../../arm-elf/lib/thumb/interwork\libc.a(impure.o)
                              c:/asctec_arm_sdk/winarm/bin/../lib/gcc/arm-elf/4.1.1/../../../../arm-elf/lib/thumb/interwork\libc.a(sprintf.o) (_impure_ptr)
c:/asctec_arm_sdk/winarm/bin/../lib/gcc/arm-elf/4.1.1/../../../../arm-elf/lib/thumb/interwork\libc.a(locale.o)
                              c:/asctec_arm_sdk/winarm/bin/../lib/gcc/arm-elf/4.1.1/../../../../arm-elf/lib/thumb/interwork\libc.a(vfprintf.o) (localeconv)
c:/asctec_arm_sdk/winarm/bin/../lib/gcc/arm-elf/4.1.1/../../../../arm-elf/lib/thumb/interwork\libc.a(makebuf.o)
                              c:/asctec_arm_sdk/winarm/bin/../lib/gcc/arm-elf/4.1.1/../../../../arm-elf/lib/thumb/interwork\libc.a(wsetup.o) (__smakebuf)
c:/asctec_arm_sdk/winarm/bin/../lib/gcc/arm-elf/4.1.1/../../../../arm-elf/lib/thumb/interwork\libc.a(mallocr.o)
                              c:/asctec_arm_sdk/winarm/bin/../lib/gcc/arm-elf/4.1.1/../../../../arm-elf/lib/thumb/interwork\libc.a(vfprintf.o) (_malloc_r)
c:/asctec_arm_sdk/winarm/bin/../lib/gcc/arm-elf/4.1.1/../../../../arm-elf/lib/thumb/interwork\libc.a(memchr.o)
                              c:/asctec_arm_sdk/winarm/bin/../lib/gcc/arm-elf/4.1.1/../../../../arm-elf/lib/thumb/interwork\libc.a(vfprintf.o) (memchr)
[...]
Memory Configuration

Name             Origin             Length             Attributes
ROM              0x00000000         0x00080000         xr
RAM              0x40000000         0x00008000         rw
*default*        0x00000000         0xffffffff

Linker script and memory map

LOAD Common_WinARM/src/Startup.o
LOAD Common_WinARM/src/swi_handler.o
LOAD LL_HL_comm.o
LOAD mymath.o
LOAD gpsmath.o
LOAD sdk.o
LOAD sdk_telemetry.o
LOAD buzzer.o
LOAD lpc_aci_eeprom.o
LOAD asctecCommIntfOnboard.o
LOAD buildInfoSetup.o
LOAD main.o
LOAD hardware.o
LOAD system.o
LOAD uart.o
LOAD syscalls.o
LOAD i2c.o
LOAD i2c1.o
LOAD Common_WinARM/src/irq.o
LOAD adc.o
LOAD ssp.o
LOAD pelican_ptu.o
LOAD jetiTelemetry.o
LOAD LPC2k_ee.o
LOAD lab.o
LOAD Utilites.o
LOAD c:/asctec_arm_sdk/winarm/bin/../lib/gcc/arm-elf/4.1.1/../../../../arm-elf/lib/thumb/interwork\libc.a
LOAD c:/asctec_arm_sdk/winarm/bin/../lib/gcc/arm-elf/4.1.1/../../../../arm-elf/lib/thumb/interwork\libc.a
LOAD c:/asctec_arm_sdk/winarm/bin/../lib/gcc/arm-elf/4.1.1/thumb/interwork\libgcc.a
LOAD ./\libdeclination.a
LOAD ./\libublox.a
LOAD c:/asctec_arm_sdk/winarm/bin/../lib/gcc/arm-elf/4.1.1/../../../../arm-elf/lib/thumb/interwork\libm.a
START GROUP
LOAD c:/asctec_arm_sdk/winarm/bin/../lib/gcc/arm-elf/4.1.1/thumb/interwork\libgcc.a
LOAD c:/asctec_arm_sdk/winarm/bin/../lib/gcc/arm-elf/4.1.1/../../../../arm-elf/lib/thumb/interwork\libg.a
LOAD c:/asctec_arm_sdk/winarm/bin/../lib/gcc/arm-elf/4.1.1/../../../../arm-elf/lib/thumb/interwork\libc.a
END GROUP

.text           0x00000000    0x1e064
 *(.vectorg)
 .vectorg       0x00000000       0x98 Common_WinARM/src/Startup.o
                0x00000050                __IRQ_Wrapper
 .vectorg       0x00000098       0xd0 Common_WinARM/src/swi_handler.o
                0x00000098                SoftwareInterrupt
                0x00000168                . = ALIGN (0x4)
 *(.init)
 .init          0x00000168      0x168 Common_WinARM/src/Startup.o
                0x00000294                __exit_THUMB
                0x00000168                __startup
                0x00000290                __exit_ARM
 *(.text .text.*)
 .text          0x000002d0        0x0 Common_WinARM/src/Startup.o
 .text          0x000002d0       0x38 Common_WinARM/src/swi_handler.o
                0x000002e0                IntGetCPSR
                0x00000300                FiqDisable
                0x000002d0                IntRestore
                0x000002f0                IntDisable
                0x000002d8                FiqRestore
                0x000002e8                IntEnable
                0x000002f8                FiqEnable
 .text          0x00000308     0x12fc LL_HL_comm.o
                0x00000dbc                SSP_data_distribution_HL
                0x00000308                LL_write_ctrl_data
                0x00000424                HL2LL_write_cycle
                0x0000112c                SSP_rx_handler_HL
 .text          0x00001604       0x64 mymath.o
                0x00001610                fast_sqrt
                0x00001604                fast_abs
 .text          0x00001668      0x104 gpsmath.o
                0x00001668                xy2latlon
 .text          0x0000176c     0x1028 sdk.o
                0x00001a08                SDK_Init
                0x00001cd0                SDK_EXAMPLE_attitude_commands
                0x00001c24                SDK_EXAMPLE_direct_motor_commands_with_standard_output_mapping
                0x000024cc                SDK_mainloop
                0x0000176c                SPI0Handler
                0x00001b20                SDK_SetEmergencyMode
                0x00001b5c                SDK_EXAMPLE_direct_individual_motor_commands
                0x00001d94                SDK_EXAMPLE_turn_motors_off
                0x00001d04                SDK_EXAMPLE_turn_motors_on
                0x00001e24                SDK_EXAMPLE_gps_waypoint_control
 .text          0x00002794      0x7ec sdk_telemetry.o
                0x00002794                SDK_jetiAscTecExampleUpdateDisplay
                0x00002b28                SDK_jetiAscTecExampleKeyChange
                0x000028f4                SDK_jetiAscTecExampleInit
                0x00002cc4                SDK_jetiAscTecExampleRun
 .text          0x00002f80      0x5e4 buzzer.o
                0x00002fa8                buzzer_handler
                0x00002f80                buzzer
 .text          0x00003564      0x3a0 lpc_aci_eeprom.o
                0x00003710                lpc_aci_ReadParafromFlash
                0x000035d0                lpc_aci_SavePara
                0x000038b8                lpc_aci_init
                0x00003564                lpc_aci_WriteParatoFlash
 .text          0x00003904     0x2b5c asctecCommIntfOnboard.o
                0x00003a5c                aciTxRingBufferReset
                0x000049c0                aciSyncVar
                0x00004298                aciSendVar
                0x00003ef0                aciPublishVariableInt
                0x00003b98                aciPublishParameterInt
                0x00005e70                aciReceiveHandler
                0x000040ac                aciSetSaveParaCallback
                0x00006050                aciSingleSend
                0x0000409c                aciSetReadParafromFlashCallback
                0x00004830                aciSyncCmd
                0x00003ad4                aciTxRingBufferGetNextByte
                0x000041c0                aciTxSendPacket
                0x00004a64                aciRxHandleMessage
                0x000040cc                aciTxRingBufferAddData
                0x00003904                aciInit
                0x000062e0                aciEngine
                0x00003b58                aciUpdateCrc16
                0x00003d44                aciPublishCommandInt
                0x00003a4c                aciSetStartTxCallback
                0x00003a7c                aciTxRingBufferGetFreeSpace
                0x000040bc                aciSetWriteParatoFlashCallback
                0x000061f0                aciSendSingleWithAck
                0x000046a0                aciSyncPar
                0x00003b2c                aciCrcUpdate
                0x00003abc                aciTxRingBufferByteAvailable
 .text          0x00006460      0x1bc buildInfoSetup.o
                0x00006460                generateBuildInfo
 .text          0x0000661c      0xbf8 main.o
                0x0000661c                timer0ISR
                0x00006a8c                mainloop
                0x00006704                main
                0x00006e98                ACISDK
 .text          0x00007214       0x8c hardware.o
                0x00007214                LED
 .text          0x000072a0      0x5b8 system.o
                0x000074a8                init_timer0
                0x0000763c                init_spi1
                0x00007550                PWM_Init
                0x00007400                init_ports
                0x000072a0                init
                0x00007604                init_spi
                0x00007328                init_interrupts
                0x00007810                delay
                0x00007758                processorClockFrequency
                0x00007718                pll_feed
                0x000076d8                pll_init
                0x00007778                peripheralClockFrequency
 .text          0x00007858      0xeb4 uart.o
                0x00007d24                UARTWriteChar
                0x00007c78                UART1Initialize
                0x00007fe8                UART_send_ringbuffer
                0x00007e54                __putchar
                0x00007dc4                UARTReadChar
                0x00007e0c                UART1ReadChar
                0x00007858                uart1ISR
                0x00007e98                UART_send
                0x000082a0                crc16
                0x000081b0                crc_update
                0x00008520                ringbuffer1
                0x00007928                uart0ISR
                0x000080b8                UART_SendPacket
                0x00008334                ringbuffer
                0x00007bcc                UARTInitialize
                0x00007d74                UART1WriteChar
                0x00008050                UART1_send_ringbuffer
                0x00007f54                UART1_send
 .text          0x0000870c      0x2b4 syscalls.o
                0x000088b4                _lseek_r
                0x000088e8                _fstat_r
                0x00008924                isatty
                0x0000894c                _sbrk_r
                0x0000870c                _read_r
                0x00008888                _close_r
                0x000087ec                _write_r
 .text          0x000089c0      0x750 i2c.o
                0x00008e5c                I2C0_send_motordata
                0x00009080                I2CEngine
                0x000089c0                I2C0MasterHandler
                0x00008f08                I2CStart
                0x00008f9c                I2CStop
                0x00008ff8                I2CInit
 .text          0x00009110     0x1048 i2c1.o
                0x00009404                fireFlyLedHandler
                0x00009110                I2C1MasterHandler
                0x00009f40                I2C1_setRGBLed
                0x0000a12c                I2C1State
                0x0000a0b8                I2C1Engine
                0x0000a044                I2C1Init
 .text          0x0000a158      0x2d8 Common_WinARM/src/irq.o
                0x0000a244                install_irq
                0x0000a338                uninstall_irq
                0x0000a180                init_VIC
 .text          0x0000a430      0x3ec adc.o
                0x0000a740                ADC0getSamplingResults
                0x0000a430                ADCInit
                0x0000a5f4                ADC1Read
                0x0000a4b8                ADC0Read
                0x0000a6fc                ADC0triggerSampling
 .text          0x0000a81c      0x420 ssp.o
                0x0000aa34                LL_write
                0x0000a9f4                LL_write_init
                0x0000a81c                SSPHandler
 .text          0x0000ac3c      0x928 pelican_ptu.o
                0x0000ac3c                PTU_init
                0x0000b140                SERVO_roll_move
                0x0000b220                PTU_update_middle_positions_by_stick
                0x0000ad5c                PTU_update
                0x0000b058                SERVO_pitch_move
 .text          0x0000b564     0x1090 jetiTelemetry.o
                0x0000c0a8                jetiSetValueDate
                0x0000b6ac                jetiSetDeviceName
                0x0000bbf8                jetiSetValue6B
                0x0000b910                jetiSetValue30B
                0x0000ba80                jetiSetValue22B
                0x0000b7ec                jetiDeactivateValue
                0x0000bee0                jetiSetValueTime
                0x0000c29c                jetiSetTextDisplay
                0x0000b608                jetiSetAlarm
                0x0000bd68                jetiSetValue14B
                0x0000b868                jetiSetDecimalPoint
                0x0000b5a8                jetiCheckForKeyChange
                0x0000b564                jetiSetKeyChanged
                0x0000b764                jetiActivateValue
                0x0000c3e8                jetiInitValue
 .text          0x0000c5f4      0x69c LPC2k_ee.o
                0x0000cc08                enter_isp
                0x0000c5f4                ee_erase
                0x0000c954                ee_read
                0x0000c730                ee_write
                0x0000ca4c                ee_count
                0x0000c9e4                ee_readn
                0x0000cac0                ee_locate
 .text          0x0000cc90     0x1520 lab.o
                0x0000cc90                lab
                0x0000ccf0                VelocityEst
                0x0000dab4                lab2
                0x0000dbf0                Command
                0x0000d208                lab3
                0x0000e140                Bens_Control_Law
                0x0000e158                Bens_Command
 .text          0x0000e1b0      0xfbc Utilites.o
                0x0000e434                matrix_scalar_mult
                0x0000e5a4                matrix_transpose
                0x0000edc8                cofactors
                0x0000e510                vector_scalar_mult
                0x0000e930                determinant
                0x0000e330                matrix_add
                0x0000e670                matrix_multiply
                0x0000ec64                vector_copy
                0x0000f02c                inverse
                0x0000e804                vector_multiply
                0x0000e284                vector_add
                0x0000ece4                make_identity
                0x0000e1b0                angle_diff
 .text          0x0000f16c       0x20 c:/asctec_arm_sdk/winarm/bin/../lib/gcc/arm-elf/4.1.1/../../../../arm-elf/lib/thumb/interwork\libc.a(memcpy.o)
                0x0000f16c                memcpy
 .text          0x0000f18c       0x84 c:/asctec_arm_sdk/winarm/bin/../lib/gcc/arm-elf/4.1.1/../../../../arm-elf/lib/thumb/interwork\libc.a(sprintf.o)
                0x0000f1d0                _sprintf_r
                0x0000f18c                sprintf
 .text          0x0000f210       0x10 c:/asctec_arm_sdk/winarm/bin/../lib/gcc/arm-elf/4.1.1/../../../../arm-elf/lib/thumb/interwork\libc.a(strcpy.o)
                0x0000f210                strcpy
 .text          0x0000f220       0x10 c:/asctec_arm_sdk/winarm/bin/../lib/gcc/arm-elf/4.1.1/../../../../arm-elf/lib/thumb/interwork\libc.a(strlen.o)
                0x0000f220                strlen
 .text          0x0000f230     0x1460 c:/asctec_arm_sdk/winarm/bin/../lib/gcc/arm-elf/4.1.1/../../../../arm-elf/lib/thumb/interwork\libc.a(vfprintf.o)
                0x0000f250                _vfprintf_r
                0x00010670                vfprintf
 .text          0x00010690       0x50 c:/asctec_arm_sdk/winarm/bin/../lib/gcc/arm-elf/4.1.1/../../../../arm-elf/lib/thumb/interwork\libc.a(wcrtomb.o)
                0x00010690                _wcrtomb_r
                0x000106c0                wcrtomb
 .text          0x000106e0       0xd8 c:/asctec_arm_sdk/winarm/bin/../lib/gcc/arm-elf/4.1.1/../../../../arm-elf/lib/thumb/interwork\libc.a(wcsrtombs.o)
                0x000106e0                _wcsrtombs_r
                0x00010790                wcsrtombs
 .text          0x000107b8      0x2b0 c:/asctec_arm_sdk/winarm/bin/../lib/gcc/arm-elf/4.1.1/../../../../arm-elf/lib/thumb/interwork\libc.a(wctomb_r.o)
                0x000107b8                _wctomb_r
 .text          0x00010a68       0x94 c:/asctec_arm_sdk/winarm/bin/../lib/gcc/arm-elf/4.1.1/../../../../arm-elf/lib/thumb/interwork\libc.a(wsetup.o)
                0x00010a68                __swsetup
 .text          0x00010afc      0xd30 c:/asctec_arm_sdk/winarm/bin/../lib/gcc/arm-elf/4.1.1/../../../../arm-elf/lib/thumb/interwork\libc.a(dtoa.o)
                0x00010c30                _dtoa_r
 .text          0x0001182c       0x88 c:/asctec_arm_sdk/winarm/bin/../lib/gcc/arm-elf/4.1.1/../../../../arm-elf/lib/thumb/interwork\libc.a(fflush.o)
                0x0001182c                fflush
 .text          0x000118b4      0x1b0 c:/asctec_arm_sdk/winarm/bin/../lib/gcc/arm-elf/4.1.1/../../../../arm-elf/lib/thumb/interwork\libc.a(findfp.o)
                0x000118ec                __sinit
                0x00011984                __sfmoreglue
                0x00011970                _cleanup
                0x00011960                _cleanup_r
                0x000119d4                __fp_lock_all
                0x00011948                __sfp_lock_acquire
                0x000119ec                __sfp
                0x00011954                __sinit_lock_release
                0x000119bc                __fp_unlock_all
                0x0001194c                __sfp_lock_release
                0x00011950                __sinit_lock_acquire
 .text          0x00011a64      0x248 c:/asctec_arm_sdk/winarm/bin/../lib/gcc/arm-elf/4.1.1/../../../../arm-elf/lib/thumb/interwork\libc.a(freer.o)
                0x00011b04                _free_r
                0x00011a64                _malloc_trim_r
 .text          0x00011cac      0x25c c:/asctec_arm_sdk/winarm/bin/../lib/gcc/arm-elf/4.1.1/../../../../arm-elf/lib/thumb/interwork\libc.a(fvwrite.o)
                0x00011cac                __sfvwrite
 .text          0x00011f08       0xb4 c:/asctec_arm_sdk/winarm/bin/../lib/gcc/arm-elf/4.1.1/../../../../arm-elf/lib/thumb/interwork\libc.a(fwalk.o)
                0x00011f64                _fwalk
                0x00011f08                _fwalk_reent
 .text          0x00011fbc        0x0 c:/asctec_arm_sdk/winarm/bin/../lib/gcc/arm-elf/4.1.1/../../../../arm-elf/lib/thumb/interwork\libc.a(impure.o)
 .text          0x00011fbc       0x78 c:/asctec_arm_sdk/winarm/bin/../lib/gcc/arm-elf/4.1.1/../../../../arm-elf/lib/thumb/interwork\libc.a(locale.o)
                0x00011fd0                _setlocale_r
                0x00011fbc                __locale_charset
                0x00011fc8                _localeconv_r
                0x00012010                setlocale
                0x0001202c                localeconv
 .text          0x00012034       0xd8 c:/asctec_arm_sdk/winarm/bin/../lib/gcc/arm-elf/4.1.1/../../../../arm-elf/lib/thumb/interwork\libc.a(makebuf.o)
                0x00012034                __smakebuf
 .text          0x0001210c      0x4ac c:/asctec_arm_sdk/winarm/bin/../lib/gcc/arm-elf/4.1.1/../../../../arm-elf/lib/thumb/interwork\libc.a(mallocr.o)
                0x0001210c                _malloc_r
 .text          0x000125b8       0x18 c:/asctec_arm_sdk/winarm/bin/../lib/gcc/arm-elf/4.1.1/../../../../arm-elf/lib/thumb/interwork\libc.a(memchr.o)
                0x000125b8                memchr
 .text          0x000125d0       0x38 c:/asctec_arm_sdk/winarm/bin/../lib/gcc/arm-elf/4.1.1/../../../../arm-elf/lib/thumb/interwork\libc.a(memmove.o)
                0x000125d0                memmove
 .text          0x00012608       0x10 c:/asctec_arm_sdk/winarm/bin/../lib/gcc/arm-elf/4.1.1/../../../../arm-elf/lib/thumb/interwork\libc.a(memset.o)
                0x00012608                memset
 .text          0x00012618        0x8 c:/asctec_arm_sdk/winarm/bin/../lib/gcc/arm-elf/4.1.1/../../../../arm-elf/lib/thumb/interwork\libc.a(mlock.o)
                0x0001261c                __malloc_unlock
                0x00012618                __malloc_lock
 .text          0x00012620      0x834 c:/asctec_arm_sdk/winarm/bin/../lib/gcc/arm-elf/4.1.1/../../../../arm-elf/lib/thumb/interwork\libc.a(mprec.o)
                0x00012890                _mprec_log10
                0x00012638                _hi0bits
                0x000128d4                _Balloc
                0x00012930                _d2b
                0x00012b74                _multiply
                0x0001283c                _ratio
                0x00012dd0                _s2b
                0x00012ca0                _i2b
                0x00012680                _lo0bits
                0x000126ec                __mcmp
                0x00012d44                _pow5mult
                0x0001272c                _ulp
                0x0001277c                _b2d
                0x00012cb8                _multadd
                0x00012a04                __mdiff
                0x00012ae4                _lshift
                0x00012620                _Bfree
 .text          0x00012e54      0x308 c:/asctec_arm_sdk/winarm/bin/../lib/gcc/arm-elf/4.1.1/../../../../arm-elf/lib/thumb/interwork\libc.a(reallocr.o)
                0x00012e54                _realloc_r
 .text          0x0001315c       0x2c c:/asctec_arm_sdk/winarm/bin/../lib/gcc/arm-elf/4.1.1/../../../../arm-elf/lib/thumb/interwork\libc.a(s_isinf.o)
                0x0001315c                isinf
 .text          0x00013188       0x24 c:/asctec_arm_sdk/winarm/bin/../lib/gcc/arm-elf/4.1.1/../../../../arm-elf/lib/thumb/interwork\libc.a(s_isnan.o)
                0x00013188                isnan
 .text          0x000131ac       0xd0 c:/asctec_arm_sdk/winarm/bin/../lib/gcc/arm-elf/4.1.1/../../../../arm-elf/lib/thumb/interwork\libc.a(stdio.o)
                0x000131c4                __sseek
                0x00013244                __sread
                0x000131ac                __sclose
                0x00013200                __swrite
 .text          0x0001327c       0x18 c:/asctec_arm_sdk/winarm/bin/../lib/gcc/arm-elf/4.1.1/../../../../arm-elf/lib/thumb/interwork\libc.a(strcmp.o)
                0x0001327c                strcmp
 .text          0x00013294       0x5c c:/asctec_arm_sdk/winarm/bin/../lib/gcc/arm-elf/4.1.1/../../../../arm-elf/lib/thumb/interwork\libc.a(callocr.o)
                0x00013294                _calloc_r
 .text          0x000132f0       0xb8 c:/asctec_arm_sdk/winarm/bin/../lib/gcc/arm-elf/4.1.1/../../../../arm-elf/lib/thumb/interwork\libc.a(fclose.o)
                0x000132f0                _fclose_r
                0x00013390                fclose
 .text          0x000133a8       0x8c c:/asctec_arm_sdk/winarm/bin/../lib/gcc/arm-elf/4.1.1/thumb/interwork\libgcc.a(_udivsi3.o)
                0x000133a8                __udivsi3
                0x000133a8                __aeabi_uidiv
                0x00013424                __aeabi_uidivmod
 .text          0x00013434       0xa4 c:/asctec_arm_sdk/winarm/bin/../lib/gcc/arm-elf/4.1.1/thumb/interwork\libgcc.a(_divsi3.o)
                0x00013434                __aeabi_idiv
                0x00013434                __divsi3
                0x000134c8                __aeabi_idivmod
 .text          0x000134d8       0xc8 c:/asctec_arm_sdk/winarm/bin/../lib/gcc/arm-elf/4.1.1/thumb/interwork\libgcc.a(_umodsi3.o)
                0x000134d8                __umodsi3
 .text          0x000135a0       0xd8 c:/asctec_arm_sdk/winarm/bin/../lib/gcc/arm-elf/4.1.1/thumb/interwork\libgcc.a(_modsi3.o)
                0x000135a0                __modsi3
 .text          0x00013678        0x4 c:/asctec_arm_sdk/winarm/bin/../lib/gcc/arm-elf/4.1.1/thumb/interwork\libgcc.a(_dvmd_tls.o)
                0x00013678                __aeabi_ldiv0
                0x00013678                __div0
                0x00013678                __aeabi_idiv0
 .text          0x0001367c      0x430 c:/asctec_arm_sdk/winarm/bin/../lib/gcc/arm-elf/4.1.1/thumb/interwork\libgcc.a(_addsubdf3.o)
                0x00013a40                __floatdidf
                0x000139c0                __floatsidf
                0x00013998                __aeabi_ui2d
                0x0001367c                __aeabi_drsub
                0x000139ec                __extendsfdf2
                0x00013688                __adddf3
                0x00013998                __floatunsidf
                0x00013688                __aeabi_dadd
                0x00013a2c                __aeabi_ul2d
                0x00013684                __aeabi_dsub
                0x00013a2c                __floatundidf
                0x000139c0                __aeabi_i2d
                0x00013a40                __aeabi_l2d
                0x000139ec                __aeabi_f2d
                0x00013684                __subdf3
 .text          0x00013aac      0x49c c:/asctec_arm_sdk/winarm/bin/../lib/gcc/arm-elf/4.1.1/thumb/interwork\libgcc.a(_muldivdf3.o)
                0x00013d3c                __aeabi_ddiv
                0x00013aac                __aeabi_dmul
                0x00013d3c                __divdf3
                0x00013aac                __muldf3
 .text          0x00013f48      0x140 c:/asctec_arm_sdk/winarm/bin/../lib/gcc/arm-elf/4.1.1/thumb/interwork\libgcc.a(_cmpdf2.o)
                0x00014040                __aeabi_dcmple
                0x00013f58                __cmpdf2
                0x00013f58                __eqdf2
                0x00013f48                __gtdf2
                0x00013ff8                __aeabi_cdcmple
                0x00013fdc                __aeabi_cdrcmple
                0x00013f50                __ltdf2
                0x00014028                __aeabi_dcmplt
                0x00013f50                __ledf2
                0x00014070                __aeabi_dcmpgt
                0x00014058                __aeabi_dcmpge
                0x00013f58                __nedf2
                0x00014010                __aeabi_dcmpeq
                0x00013ff8                __aeabi_cdcmpeq
                0x00013f48                __gedf2
 .text          0x00014088       0x5c c:/asctec_arm_sdk/winarm/bin/../lib/gcc/arm-elf/4.1.1/thumb/interwork\libgcc.a(_fixdfsi.o)
                0x00014088                __fixdfsi
                0x00014088                __aeabi_d2iz
 .text          0x000140e4       0xa0 c:/asctec_arm_sdk/winarm/bin/../lib/gcc/arm-elf/4.1.1/thumb/interwork\libgcc.a(_truncdfsf2.o)
                0x000140e4                __aeabi_d2f
                0x000140e4                __truncdfsf2
 .text          0x00014184      0x2ac c:/asctec_arm_sdk/winarm/bin/../lib/gcc/arm-elf/4.1.1/thumb/interwork\libgcc.a(_addsubsf3.o)
                0x00014190                __aeabi_fadd
                0x0001418c                __subsf3
                0x00014354                __aeabi_i2f
                0x0001418c                __aeabi_fsub
                0x00014384                __floatdisf
                0x00014354                __floatsisf
                0x00014374                __floatundisf
                0x0001434c                __aeabi_ui2f
                0x00014384                __aeabi_l2f
                0x00014374                __aeabi_ul2f
                0x00014184                __aeabi_frsub
                0x0001434c                __floatunsisf
                0x00014190                __addsf3
 .text          0x00014430      0x2f8 c:/asctec_arm_sdk/winarm/bin/../lib/gcc/arm-elf/4.1.1/thumb/interwork\libgcc.a(_muldivsf3.o)
                0x000145c8                __divsf3
                0x000145c8                __aeabi_fdiv
                0x00014430                __mulsf3
                0x00014430                __aeabi_fmul
 .text          0x00014728      0x110 c:/asctec_arm_sdk/winarm/bin/../lib/gcc/arm-elf/4.1.1/thumb/interwork\libgcc.a(_cmpsf2.o)
                0x00014820                __aeabi_fcmpgt
                0x00014730                __lesf2
                0x00014738                __nesf2
                0x00014808                __aeabi_fcmpge
                0x00014728                __gtsf2
                0x000147f0                __aeabi_fcmple
                0x00014738                __eqsf2
                0x00014738                __cmpsf2
                0x00014730                __ltsf2
                0x000147a8                __aeabi_cfcmple
                0x00014728                __gesf2
                0x000147c0                __aeabi_fcmpeq
                0x00014798                __aeabi_cfrcmple
                0x000147d8                __aeabi_fcmplt
                0x000147a8                __aeabi_cfcmpeq
 .text          0x00014838       0x54 c:/asctec_arm_sdk/winarm/bin/../lib/gcc/arm-elf/4.1.1/thumb/interwork\libgcc.a(_fixunssfsi.o)
                0x00014838                __aeabi_f2uiz
                0x00014838                __fixunssfsi
 .text          0x0001488c     0x3250 ./\libdeclination.a(declination.o)
                0x00017338                geomg1
                0x000173a8                getDeclination
                0x000172d0                geomag
 .text          0x00017adc     0x1e88 ./\libublox.a(ublox.o)
                0x00018604                uBloxReceiveHandler
                0x00017cf4                pollMessageRate
                0x00018cc8                uBloxReceiveEngine
                0x00017e4c                uBloxHandleMessage
                0x00017db0                uBloxResetConfiguration
                0x00017d4c                setMessageRate
                0x00017adc                uBloxSendMessage
 .text          0x00019964       0xa8 c:/asctec_arm_sdk/winarm/bin/../lib/gcc/arm-elf/4.1.1/../../../../arm-elf/lib/thumb/interwork\libm.a(s_cos.o)
                0x00019964                cos
 .text          0x00019a0c       0xac c:/asctec_arm_sdk/winarm/bin/../lib/gcc/arm-elf/4.1.1/../../../../arm-elf/lib/thumb/interwork\libm.a(s_sin.o)
                0x00019a0c                sin
 .text          0x00019ab8       0xc0 c:/asctec_arm_sdk/winarm/bin/../lib/gcc/arm-elf/4.1.1/../../../../arm-elf/lib/thumb/interwork\libm.a(w_atan2.o)
                0x00019ab8                atan2
 .text          0x00019b78      0x33c c:/asctec_arm_sdk/winarm/bin/../lib/gcc/arm-elf/4.1.1/../../../../arm-elf/lib/thumb/interwork\libm.a(w_pow.o)
                0x00019b78                pow
 .text          0x00019eb4       0xb8 c:/asctec_arm_sdk/winarm/bin/../lib/gcc/arm-elf/4.1.1/../../../../arm-elf/lib/thumb/interwork\libm.a(w_sqrt.o)
                0x00019eb4                sqrt
 .text          0x00019f6c       0xc0 c:/asctec_arm_sdk/winarm/bin/../lib/gcc/arm-elf/4.1.1/../../../../arm-elf/lib/thumb/interwork\libm.a(wf_fmod.o)
                0x00019f6c                fmodf
 .text          0x0001a02c      0x2dc c:/asctec_arm_sdk/winarm/bin/../lib/gcc/arm-elf/4.1.1/../../../../arm-elf/lib/thumb/interwork\libm.a(wf_pow.o)
                0x0001a02c                powf
 .text          0x0001a308      0x20c c:/asctec_arm_sdk/winarm/bin/../lib/gcc/arm-elf/4.1.1/../../../../arm-elf/lib/thumb/interwork\libm.a(e_atan2.o)
                0x0001a308                __ieee754_atan2
 .text          0x0001a514      0xb0c c:/asctec_arm_sdk/winarm/bin/../lib/gcc/arm-elf/4.1.1/../../../../arm-elf/lib/thumb/interwork\libm.a(e_pow.o)
                0x0001a514                __ieee754_pow
 .text          0x0001b020      0x420 c:/asctec_arm_sdk/winarm/bin/../lib/gcc/arm-elf/4.1.1/../../../../arm-elf/lib/thumb/interwork\libm.a(e_rem_pio2.o)
                0x0001b020                __ieee754_rem_pio2
 .text          0x0001b440      0x1a0 c:/asctec_arm_sdk/winarm/bin/../lib/gcc/arm-elf/4.1.1/../../../../arm-elf/lib/thumb/interwork\libm.a(e_sqrt.o)
                0x0001b440                __ieee754_sqrt
 .text          0x0001b5e0      0x128 c:/asctec_arm_sdk/winarm/bin/../lib/gcc/arm-elf/4.1.1/../../../../arm-elf/lib/thumb/interwork\libm.a(ef_fmod.o)
                0x0001b5e0                __ieee754_fmodf
 .text          0x0001b708      0x720 c:/asctec_arm_sdk/winarm/bin/../lib/gcc/arm-elf/4.1.1/../../../../arm-elf/lib/thumb/interwork\libm.a(ef_pow.o)
                0x0001b708                __ieee754_powf
 .text          0x0001be28       0xb4 c:/asctec_arm_sdk/winarm/bin/../lib/gcc/arm-elf/4.1.1/../../../../arm-elf/lib/thumb/interwork\libm.a(ef_sqrt.o)
                0x0001be28                __ieee754_sqrtf
 .text          0x0001bedc      0x264 c:/asctec_arm_sdk/winarm/bin/../lib/gcc/arm-elf/4.1.1/../../../../arm-elf/lib/thumb/interwork\libm.a(k_cos.o)
                0x0001bedc                __kernel_cos
 .text          0x0001c140      0x744 c:/asctec_arm_sdk/winarm/bin/../lib/gcc/arm-elf/4.1.1/../../../../arm-elf/lib/thumb/interwork\libm.a(k_rem_pio2.o)
                0x0001c140                __kernel_rem_pio2
 .text          0x0001c884      0x178 c:/asctec_arm_sdk/winarm/bin/../lib/gcc/arm-elf/4.1.1/../../../../arm-elf/lib/thumb/interwork\libm.a(k_sin.o)
                0x0001c884                __kernel_sin
 .text          0x0001c9fc      0x35c c:/asctec_arm_sdk/winarm/bin/../lib/gcc/arm-elf/4.1.1/../../../../arm-elf/lib/thumb/interwork\libm.a(s_atan.o)
                0x0001c9fc                atan
 .text          0x0001cd58       0x18 c:/asctec_arm_sdk/winarm/bin/../lib/gcc/arm-elf/4.1.1/../../../../arm-elf/lib/thumb/interwork\libm.a(s_fabs.o)
                0x0001cd58                fabs
 .text          0x0001cd70       0x1c c:/asctec_arm_sdk/winarm/bin/../lib/gcc/arm-elf/4.1.1/../../../../arm-elf/lib/thumb/interwork\libm.a(s_finite.o)
                0x0001cd70                finite
 .text          0x0001cd8c      0x12c c:/asctec_arm_sdk/winarm/bin/../lib/gcc/arm-elf/4.1.1/../../../../arm-elf/lib/thumb/interwork\libm.a(s_floor.o)
                0x0001cd8c                floor
 .text          0x0001ceb8        0x0 c:/asctec_arm_sdk/winarm/bin/../lib/gcc/arm-elf/4.1.1/../../../../arm-elf/lib/thumb/interwork\libm.a(s_lib_ver.o)
 .text          0x0001ceb8        0x4 c:/asctec_arm_sdk/winarm/bin/../lib/gcc/arm-elf/4.1.1/../../../../arm-elf/lib/thumb/interwork\libm.a(s_matherr.o)
                0x0001ceb8                matherr
 .text          0x0001cebc      0x14c c:/asctec_arm_sdk/winarm/bin/../lib/gcc/arm-elf/4.1.1/../../../../arm-elf/lib/thumb/interwork\libm.a(s_rint.o)
                0x0001cebc                rint
 .text          0x0001d008      0x110 c:/asctec_arm_sdk/winarm/bin/../lib/gcc/arm-elf/4.1.1/../../../../arm-elf/lib/thumb/interwork\libm.a(s_scalbn.o)
                0x0001d008                scalbn
 .text          0x0001d118        0xc c:/asctec_arm_sdk/winarm/bin/../lib/gcc/arm-elf/4.1.1/../../../../arm-elf/lib/thumb/interwork\libm.a(sf_fabs.o)
                0x0001d118                fabsf
 .text          0x0001d124       0x1c c:/asctec_arm_sdk/winarm/bin/../lib/gcc/arm-elf/4.1.1/../../../../arm-elf/lib/thumb/interwork\libm.a(sf_finite.o)
                0x0001d124                finitef
 .text          0x0001d140       0x18 c:/asctec_arm_sdk/winarm/bin/../lib/gcc/arm-elf/4.1.1/../../../../arm-elf/lib/thumb/interwork\libm.a(sf_isnan.o)
                0x0001d140                isnanf
 .text          0x0001d158       0xc0 c:/asctec_arm_sdk/winarm/bin/../lib/gcc/arm-elf/4.1.1/../../../../arm-elf/lib/thumb/interwork\libm.a(sf_scalbn.o)
                0x0001d158                scalbnf
 .text          0x0001d218       0x24 c:/asctec_arm_sdk/winarm/bin/../lib/gcc/arm-elf/4.1.1/../../../../arm-elf/lib/thumb/interwork\libm.a(s_copysign.o)
                0x0001d218                copysign
 .text          0x0001d23c       0x14 c:/asctec_arm_sdk/winarm/bin/../lib/gcc/arm-elf/4.1.1/../../../../arm-elf/lib/thumb/interwork\libm.a(sf_copysign.o)
                0x0001d23c                copysignf
 .text          0x0001d250       0x5c c:/asctec_arm_sdk/winarm/bin/../lib/gcc/arm-elf/4.1.1/thumb/interwork\libgcc.a(_fixsfsi.o)
                0x0001d250                __fixsfsi
                0x0001d250                __aeabi_f2iz
 .text          0x0001d2ac        0xc c:/asctec_arm_sdk/winarm/bin/../lib/gcc/arm-elf/4.1.1/../../../../arm-elf/lib/thumb/interwork\libg.a(errno.o)
                0x0001d2ac                __errno
 *(.gnu.linkonce.t.*)
 *(.glue_7)
 .glue_7        0x0001d2b8        0x0 Common_WinARM/src/Startup.o
 .glue_7        0x0001d2b8        0x0 Common_WinARM/src/swi_handler.o
 .glue_7        0x0001d2b8        0x0 LL_HL_comm.o
 .glue_7        0x0001d2b8        0x0 mymath.o
 .glue_7        0x0001d2b8        0x0 gpsmath.o
 .glue_7        0x0001d2b8        0x0 sdk.o
 .glue_7        0x0001d2b8        0x0 sdk_telemetry.o
 .glue_7        0x0001d2b8        0x0 buzzer.o
 .glue_7        0x0001d2b8        0x0 lpc_aci_eeprom.o
 .glue_7        0x0001d2b8        0x0 asctecCommIntfOnboard.o
 .glue_7        0x0001d2b8        0x0 buildInfoSetup.o
 .glue_7        0x0001d2b8        0x0 main.o
 .glue_7        0x0001d2b8        0x0 hardware.o
 .glue_7        0x0001d2b8        0x0 system.o
 .glue_7        0x0001d2b8        0x0 uart.o
 .glue_7        0x0001d2b8        0x0 syscalls.o
 .glue_7        0x0001d2b8        0x0 i2c.o
 .glue_7        0x0001d2b8        0x0 i2c1.o
 .glue_7        0x0001d2b8        0x0 Common_WinARM/src/irq.o
 .glue_7        0x0001d2b8        0x0 adc.o
 .glue_7        0x0001d2b8        0x0 ssp.o
 .glue_7        0x0001d2b8        0x0 pelican_ptu.o
 .glue_7        0x0001d2b8        0x0 jetiTelemetry.o
 .glue_7        0x0001d2b8        0x0 LPC2k_ee.o
 .glue_7        0x0001d2b8        0x0 lab.o
 .glue_7        0x0001d2b8        0x0 Utilites.o
 .glue_7        0x0001d2b8        0x0 c:/asctec_arm_sdk/winarm/bin/../lib/gcc/arm-elf/4.1.1/../../../../arm-elf/lib/thumb/interwork\libc.a(memcpy.o)
 .glue_7        0x0001d2b8        0x0 c:/asctec_arm_sdk/winarm/bin/../lib/gcc/arm-elf/4.1.1/../../../../arm-elf/lib/thumb/interwork\libc.a(sprintf.o)
 .glue_7        0x0001d2b8        0x0 c:/asctec_arm_sdk/winarm/bin/../lib/gcc/arm-elf/4.1.1/../../../../arm-elf/lib/thumb/interwork\libc.a(strcpy.o)
 .glue_7        0x0001d2b8        0x0 c:/asctec_arm_sdk/winarm/bin/../lib/gcc/arm-elf/4.1.1/../../../../arm-elf/lib/thumb/interwork\libc.a(strlen.o)
 .glue_7        0x0001d2b8        0x0 c:/asctec_arm_sdk/winarm/bin/../lib/gcc/arm-elf/4.1.1/../../../../arm-elf/lib/thumb/interwork\libc.a(vfprintf.o)
 .glue_7        0x0001d2b8        0x0 c:/asctec_arm_sdk/winarm/bin/../lib/gcc/arm-elf/4.1.1/../../../../arm-elf/lib/thumb/interwork\libc.a(wcrtomb.o)
 .glue_7        0x0001d2b8        0x0 c:/asctec_arm_sdk/winarm/bin/../lib/gcc/arm-elf/4.1.1/../../../../arm-elf/lib/thumb/interwork\libc.a(wcsrtombs.o)
 .glue_7        0x0001d2b8        0x0 c:/asctec_arm_sdk/winarm/bin/../lib/gcc/arm-elf/4.1.1/../../../../arm-elf/lib/thumb/interwork\libc.a(wctomb_r.o)
 .glue_7        0x0001d2b8        0x0 c:/asctec_arm_sdk/winarm/bin/../lib/gcc/arm-elf/4.1.1/../../../../arm-elf/lib/thumb/interwork\libc.a(wsetup.o)
 .glue_7        0x0001d2b8        0x0 c:/asctec_arm_sdk/winarm/bin/../lib/gcc/arm-elf/4.1.1/../../../../arm-elf/lib/thumb/interwork\libc.a(dtoa.o)
 .glue_7        0x0001d2b8        0x0 c:/asctec_arm_sdk/winarm/bin/../lib/gcc/arm-elf/4.1.1/../../../../arm-elf/lib/thumb/interwork\libc.a(fflush.o)
 .glue_7        0x0001d2b8        0x0 c:/asctec_arm_sdk/winarm/bin/../lib/gcc/arm-elf/4.1.1/../../../../arm-elf/lib/thumb/interwork\libc.a(findfp.o)
 .glue_7        0x0001d2b8        0x0 c:/asctec_arm_sdk/winarm/bin/../lib/gcc/arm-elf/4.1.1/../../../../arm-elf/lib/thumb/interwork\libc.a(freer.o)
 .glue_7        0x0001d2b8        0x0 c:/asctec_arm_sdk/winarm/bin/../lib/gcc/arm-elf/4.1.1/../../../../arm-elf/lib/thumb/interwork\libc.a(fvwrite.o)
 .glue_7        0x0001d2b8        0x0 c:/asctec_arm_sdk/winarm/bin/../lib/gcc/arm-elf/4.1.1/../../../../arm-elf/lib/thumb/interwork\libc.a(fwalk.o)
 .glue_7        0x0001d2b8        0x0 c:/asctec_arm_sdk/winarm/bin/../lib/gcc/arm-elf/4.1.1/../../../../arm-elf/lib/thumb/interwork\libc.a(impure.o)
 .glue_7        0x0001d2b8        0x0 c:/asctec_arm_sdk/winarm/bin/../lib/gcc/arm-elf/4.1.1/../../../../arm-elf/lib/thumb/interwork\libc.a(locale.o)
 .glue_7        0x0001d2b8        0x0 c:/asctec_arm_sdk/winarm/bin/../lib/gcc/arm-elf/4.1.1/../../../../arm-elf/lib/thumb/interwork\libc.a(makebuf.o)
 .glue_7        0x0001d2b8        0x0 c:/asctec_arm_sdk/winarm/bin/../lib/gcc/arm-elf/4.1.1/../../../../arm-elf/lib/thumb/interwork\libc.a(mallocr.o)
 .glue_7        0x0001d2b8        0x0 c:/asctec_arm_sdk/winarm/bin/../lib/gcc/arm-elf/4.1.1/../../../../arm-elf/lib/thumb/interwork\libc.a(memchr.o)
 .glue_7        0x0001d2b8        0x0 c:/asctec_arm_sdk/winarm/bin/../lib/gcc/arm-elf/4.1.1/../../../../arm-elf/lib/thumb/interwork\libc.a(memmove.o)
 .glue_7        0x0001d2b8        0x0 c:/asctec_arm_sdk/winarm/bin/../lib/gcc/arm-elf/4.1.1/../../../../arm-elf/lib/thumb/interwork\libc.a(memset.o)
 .glue_7        0x0001d2b8        0x0 c:/asctec_arm_sdk/winarm/bin/../lib/gcc/arm-elf/4.1.1/../../../../arm-elf/lib/thumb/interwork\libc.a(mlock.o)
 .glue_7        0x0001d2b8        0x0 c:/asctec_arm_sdk/winarm/bin/../lib/gcc/arm-elf/4.1.1/../../../../arm-elf/lib/thumb/interwork\libc.a(mprec.o)
 .glue_7        0x0001d2b8        0x0 c:/asctec_arm_sdk/winarm/bin/../lib/gcc/arm-elf/4.1.1/../../../../arm-elf/lib/thumb/interwork\libc.a(reallocr.o)
 .glue_7        0x0001d2b8        0x0 c:/asctec_arm_sdk/winarm/bin/../lib/gcc/arm-elf/4.1.1/../../../../arm-elf/lib/thumb/interwork\libc.a(s_isinf.o)
 .glue_7        0x0001d2b8        0x0 c:/asctec_arm_sdk/winarm/bin/../lib/gcc/arm-elf/4.1.1/../../../../arm-elf/lib/thumb/interwork\libc.a(s_isnan.o)
 .glue_7        0x0001d2b8        0x0 c:/asctec_arm_sdk/winarm/bin/../lib/gcc/arm-elf/4.1.1/../../../../arm-elf/lib/thumb/interwork\libc.a(stdio.o)
 .glue_7        0x0001d2b8        0x0 c:/asctec_arm_sdk/winarm/bin/../lib/gcc/arm-elf/4.1.1/../../../../arm-elf/lib/thumb/interwork\libc.a(strcmp.o)
 .glue_7        0x0001d2b8        0x0 c:/asctec_arm_sdk/winarm/bin/../lib/gcc/arm-elf/4.1.1/../../../../arm-elf/lib/thumb/interwork\libc.a(callocr.o)
 .glue_7        0x0001d2b8        0x0 c:/asctec_arm_sdk/winarm/bin/../lib/gcc/arm-elf/4.1.1/../../../../arm-elf/lib/thumb/interwork\libc.a(fclose.o)
 .glue_7        0x0001d2b8        0x0 c:/asctec_arm_sdk/winarm/bin/../lib/gcc/arm-elf/4.1.1/thumb/interwork\libgcc.a(_udivsi3.o)
 .glue_7        0x0001d2b8        0x0 c:/asctec_arm_sdk/winarm/bin/../lib/gcc/arm-elf/4.1.1/thumb/interwork\libgcc.a(_divsi3.o)
 .glue_7        0x0001d2b8        0x0 c:/asctec_arm_sdk/winarm/bin/../lib/gcc/arm-elf/4.1.1/thumb/interwork\libgcc.a(_umodsi3.o)
 .glue_7        0x0001d2b8        0x0 c:/asctec_arm_sdk/winarm/bin/../lib/gcc/arm-elf/4.1.1/thumb/interwork\libgcc.a(_modsi3.o)
 .glue_7        0x0001d2b8        0x0 c:/asctec_arm_sdk/winarm/bin/../lib/gcc/arm-elf/4.1.1/thumb/interwork\libgcc.a(_dvmd_tls.o)
 .glue_7        0x0001d2b8        0x0 c:/asctec_arm_sdk/winarm/bin/../lib/gcc/arm-elf/4.1.1/thumb/interwork\libgcc.a(_addsubdf3.o)
 .glue_7        0x0001d2b8        0x0 c:/asctec_arm_sdk/winarm/bin/../lib/gcc/arm-elf/4.1.1/thumb/interwork\libgcc.a(_muldivdf3.o)
 .glue_7        0x0001d2b8        0x0 c:/asctec_arm_sdk/winarm/bin/../lib/gcc/arm-elf/4.1.1/thumb/interwork\libgcc.a(_cmpdf2.o)
 .glue_7        0x0001d2b8        0x0 c:/asctec_arm_sdk/winarm/bin/../lib/gcc/arm-elf/4.1.1/thumb/interwork\libgcc.a(_fixdfsi.o)
 .glue_7        0x0001d2b8        0x0 c:/asctec_arm_sdk/winarm/bin/../lib/gcc/arm-elf/4.1.1/thumb/interwork\libgcc.a(_truncdfsf2.o)
 .glue_7        0x0001d2b8        0x0 c:/asctec_arm_sdk/winarm/bin/../lib/gcc/arm-elf/4.1.1/thumb/interwork\libgcc.a(_addsubsf3.o)
 .glue_7        0x0001d2b8        0x0 c:/asctec_arm_sdk/winarm/bin/../lib/gcc/arm-elf/4.1.1/thumb/interwork\libgcc.a(_muldivsf3.o)
 .glue_7        0x0001d2b8        0x0 c:/asctec_arm_sdk/winarm/bin/../lib/gcc/arm-elf/4.1.1/thumb/interwork\libgcc.a(_cmpsf2.o)
 .glue_7        0x0001d2b8        0x0 c:/asctec_arm_sdk/winarm/bin/../lib/gcc/arm-elf/4.1.1/thumb/interwork\libgcc.a(_fixunssfsi.o)
 .glue_7        0x0001d2b8        0x0 ./\libdeclination.a(declination.o)
 .glue_7        0x0001d2b8        0x0 ./\libublox.a(ublox.o)
 .glue_7        0x0001d2b8        0x0 c:/asctec_arm_sdk/winarm/bin/../lib/gcc/arm-elf/4.1.1/../../../../arm-elf/lib/thumb/interwork\libm.a(s_cos.o)
 .glue_7        0x0001d2b8        0x0 c:/asctec_arm_sdk/winarm/bin/../lib/gcc/arm-elf/4.1.1/../../../../arm-elf/lib/thumb/interwork\libm.a(s_sin.o)
 .glue_7        0x0001d2b8        0x0 c:/asctec_arm_sdk/winarm/bin/../lib/gcc/arm-elf/4.1.1/../../../../arm-elf/lib/thumb/interwork\libm.a(w_atan2.o)
 .glue_7        0x0001d2b8        0x0 c:/asctec_arm_sdk/winarm/bin/../lib/gcc/arm-elf/4.1.1/../../../../arm-elf/lib/thumb/interwork\libm.a(w_pow.o)
 .glue_7        0x0001d2b8        0x0 c:/asctec_arm_sdk/winarm/bin/../lib/gcc/arm-elf/4.1.1/../../../../arm-elf/lib/thumb/interwork\libm.a(w_sqrt.o)
 .glue_7        0x0001d2b8        0x0 c:/asctec_arm_sdk/winarm/bin/../lib/gcc/arm-elf/4.1.1/../../../../arm-elf/lib/thumb/interwork\libm.a(wf_fmod.o)
 .glue_7        0x0001d2b8        0x0 c:/asctec_arm_sdk/winarm/bin/../lib/gcc/arm-elf/4.1.1/../../../../arm-elf/lib/thumb/interwork\libm.a(wf_pow.o)
 .glue_7        0x0001d2b8        0x0 c:/asctec_arm_sdk/winarm/bin/../lib/gcc/arm-elf/4.1.1/../../../../arm-elf/lib/thumb/interwork\libm.a(e_atan2.o)
 .glue_7        0x0001d2b8        0x0 c:/asctec_arm_sdk/winarm/bin/../lib/gcc/arm-elf/4.1.1/../../../../arm-elf/lib/thumb/interwork\libm.a(e_pow.o)
 .glue_7        0x0001d2b8        0x0 c:/asctec_arm_sdk/winarm/bin/../lib/gcc/arm-elf/4.1.1/../../../../arm-elf/lib/thumb/interwork\libm.a(e_rem_pio2.o)
 .glue_7        0x0001d2b8        0x0 c:/asctec_arm_sdk/winarm/bin/../lib/gcc/arm-elf/4.1.1/../../../../arm-elf/lib/thumb/interwork\libm.a(e_sqrt.o)
 .glue_7        0x0001d2b8        0x0 c:/asctec_arm_sdk/winarm/bin/../lib/gcc/arm-elf/4.1.1/../../../../arm-elf/lib/thumb/interwork\libm.a(ef_fmod.o)
 .glue_7        0x0001d2b8        0x0 c:/asctec_arm_sdk/winarm/bin/../lib/gcc/arm-elf/4.1.1/../../../../arm-elf/lib/thumb/interwork\libm.a(ef_pow.o)
 .glue_7        0x0001d2b8        0x0 c:/asctec_arm_sdk/winarm/bin/../lib/gcc/arm-elf/4.1.1/../../../../arm-elf/lib/thumb/interwork\libm.a(ef_sqrt.o)
 .glue_7        0x0001d2b8        0x0 c:/asctec_arm_sdk/winarm/bin/../lib/gcc/arm-elf/4.1.1/../../../../arm-elf/lib/thumb/interwork\libm.a(k_cos.o)
 .glue_7        0x0001d2b8        0x0 c:/asctec_arm_sdk/winarm/bin/../lib/gcc/arm-elf/4.1.1/../../../../arm-elf/lib/thumb/interwork\libm.a(k_rem_pio2.o)
 .glue_7        0x0001d2b8        0x0 c:/asctec_arm_sdk/winarm/bin/../lib/gcc/arm-elf/4.1.1/../../../../arm-elf/lib/thumb/interwork\libm.a(k_sin.o)
 .glue_7        0x0001d2b8        0x0 c:/asctec_arm_sdk/winarm/bin/../lib/gcc/arm-elf/4.1.1/../../../../arm-elf/lib/thumb/interwork\libm.a(s_atan.o)
 .glue_7        0x0001d2b8        0x0 c:/asctec_arm_sdk/winarm/bin/../lib/gcc/arm-elf/4.1.1/../../../../arm-elf/lib/thumb/interwork\libm.a(s_fabs.o)
 .glue_7        0x0001d2b8        0x0 c:/asctec_arm_sdk/winarm/bin/../lib/gcc/arm-elf/4.1.1/../../../../arm-elf/lib/thumb/interwork\libm.a(s_finite.o)
 .glue_7        0x0001d2b8        0x0 c:/asctec_arm_sdk/winarm/bin/../lib/gcc/arm-elf/4.1.1/../../../../arm-elf/lib/thumb/interwork\libm.a(s_floor.o)
 .glue_7        0x0001d2b8        0x0 c:/asctec_arm_sdk/winarm/bin/../lib/gcc/arm-elf/4.1.1/../../../../arm-elf/lib/thumb/interwork\libm.a(s_lib_ver.o)
 .glue_7        0x0001d2b8        0x0 c:/asctec_arm_sdk/winarm/bin/../lib/gcc/arm-elf/4.1.1/../../../../arm-elf/lib/thumb/interwork\libm.a(s_matherr.o)
 .glue_7        0x0001d2b8        0x0 c:/asctec_arm_sdk/winarm/bin/../lib/gcc/arm-elf/4.1.1/../../../../arm-elf/lib/thumb/interwork\libm.a(s_rint.o)
 .glue_7        0x0001d2b8        0x0 c:/asctec_arm_sdk/winarm/bin/../lib/gcc/arm-elf/4.1.1/../../../../arm-elf/lib/thumb/interwork\libm.a(s_scalbn.o)
 .glue_7        0x0001d2b8        0x0 c:/asctec_arm_sdk/winarm/bin/../lib/gcc/arm-elf/4.1.1/../../../../arm-elf/lib/thumb/interwork\libm.a(sf_fabs.o)
 .glue_7        0x0001d2b8        0x0 c:/asctec_arm_sdk/winarm/bin/../lib/gcc/arm-elf/4.1.1/../../../../arm-elf/lib/thumb/interwork\libm.a(sf_finite.o)
 .glue_7        0x0001d2b8        0x0 c:/asctec_arm_sdk/winarm/bin/../lib/gcc/arm-elf/4.1.1/../../../../arm-elf/lib/thumb/interwork\libm.a(sf_isnan.o)
 .glue_7        0x0001d2b8        0x0 c:/asctec_arm_sdk/winarm/bin/../lib/gcc/arm-elf/4.1.1/../../../../arm-elf/lib/thumb/interwork\libm.a(sf_scalbn.o)
 .glue_7        0x0001d2b8        0x0 c:/asctec_arm_sdk/winarm/bin/../lib/gcc/arm-elf/4.1.1/../../../../arm-elf/lib/thumb/interwork\libm.a(s_copysign.o)
 .glue_7        0x0001d2b8        0x0 c:/asctec_arm_sdk/winarm/bin/../lib/gcc/arm-elf/4.1.1/../../../../arm-elf/lib/thumb/interwork\libm.a(sf_copysign.o)
 .glue_7        0x0001d2b8        0x0 c:/asctec_arm_sdk/winarm/bin/../lib/gcc/arm-elf/4.1.1/thumb/interwork\libgcc.a(_fixsfsi.o)
 .glue_7        0x0001d2b8       0x9c c:/asctec_arm_sdk/winarm/bin/../lib/gcc/arm-elf/4.1.1/../../../../arm-elf/lib/thumb/interwork\libg.a(errno.o)
                0x0001d300                __strcpy_from_arm
                0x0001d348                __atan2_from_arm
                0x0001d2f4                __strlen_from_arm
                0x0001d2d0                __cos_from_arm
                0x0001d330                __powf_from_arm
                0x0001d2e8                ____udivsi3_from_arm
                0x0001d2dc                __sprintf_from_arm
                0x0001d2c4                ____divsi3_from_arm
                0x0001d2b8                __memcpy_from_arm
                0x0001d33c                __sin_from_arm
                0x0001d318                __fmodf_from_arm
                0x0001d30c                __sqrt_from_arm
                0x0001d324                __pow_from_arm
 *(.glue_7t)
 .glue_7t       0x0001d354        0x0 Common_WinARM/src/Startup.o
 .glue_7t       0x0001d354        0x0 Common_WinARM/src/swi_handler.o
 .glue_7t       0x0001d354        0x0 LL_HL_comm.o
 .glue_7t       0x0001d354        0x0 mymath.o
 .glue_7t       0x0001d354        0x0 gpsmath.o
 .glue_7t       0x0001d354        0x0 sdk.o
 .glue_7t       0x0001d354        0x0 sdk_telemetry.o
 .glue_7t       0x0001d354        0x0 buzzer.o
 .glue_7t       0x0001d354        0x0 lpc_aci_eeprom.o
 .glue_7t       0x0001d354        0x0 asctecCommIntfOnboard.o
 .glue_7t       0x0001d354        0x0 buildInfoSetup.o
 .glue_7t       0x0001d354        0x0 main.o
 .glue_7t       0x0001d354        0x0 hardware.o
 .glue_7t       0x0001d354        0x0 system.o
 .glue_7t       0x0001d354        0x0 uart.o
 .glue_7t       0x0001d354        0x0 syscalls.o
 .glue_7t       0x0001d354        0x0 i2c.o
 .glue_7t       0x0001d354        0x0 i2c1.o
 .glue_7t       0x0001d354        0x0 Common_WinARM/src/irq.o
 .glue_7t       0x0001d354        0x0 adc.o
 .glue_7t       0x0001d354        0x0 ssp.o
 .glue_7t       0x0001d354        0x0 pelican_ptu.o
 .glue_7t       0x0001d354        0x0 jetiTelemetry.o
 .glue_7t       0x0001d354        0x0 LPC2k_ee.o
 .glue_7t       0x0001d354        0x0 lab.o
 .glue_7t       0x0001d354        0x0 Utilites.o
 .glue_7t       0x0001d354        0x0 c:/asctec_arm_sdk/winarm/bin/../lib/gcc/arm-elf/4.1.1/../../../../arm-elf/lib/thumb/interwork\libc.a(memcpy.o)
 .glue_7t       0x0001d354        0x0 c:/asctec_arm_sdk/winarm/bin/../lib/gcc/arm-elf/4.1.1/../../../../arm-elf/lib/thumb/interwork\libc.a(sprintf.o)
 .glue_7t       0x0001d354        0x0 c:/asctec_arm_sdk/winarm/bin/../lib/gcc/arm-elf/4.1.1/../../../../arm-elf/lib/thumb/interwork\libc.a(strcpy.o)
 .glue_7t       0x0001d354        0x0 c:/asctec_arm_sdk/winarm/bin/../lib/gcc/arm-elf/4.1.1/../../../../arm-elf/lib/thumb/interwork\libc.a(strlen.o)
 .glue_7t       0x0001d354        0x0 c:/asctec_arm_sdk/winarm/bin/../lib/gcc/arm-elf/4.1.1/../../../../arm-elf/lib/thumb/interwork\libc.a(vfprintf.o)
 .glue_7t       0x0001d354        0x0 c:/asctec_arm_sdk/winarm/bin/../lib/gcc/arm-elf/4.1.1/../../../../arm-elf/lib/thumb/interwork\libc.a(wcrtomb.o)
 .glue_7t       0x0001d354        0x0 c:/asctec_arm_sdk/winarm/bin/../lib/gcc/arm-elf/4.1.1/../../../../arm-elf/lib/thumb/interwork\libc.a(wcsrtombs.o)
 .glue_7t       0x0001d354        0x0 c:/asctec_arm_sdk/winarm/bin/../lib/gcc/arm-elf/4.1.1/../../../../arm-elf/lib/thumb/interwork\libc.a(wctomb_r.o)
 .glue_7t       0x0001d354        0x0 c:/asctec_arm_sdk/winarm/bin/../lib/gcc/arm-elf/4.1.1/../../../../arm-elf/lib/thumb/interwork\libc.a(wsetup.o)
 .glue_7t       0x0001d354        0x0 c:/asctec_arm_sdk/winarm/bin/../lib/gcc/arm-elf/4.1.1/../../../../arm-elf/lib/thumb/interwork\libc.a(dtoa.o)
 .glue_7t       0x0001d354        0x0 c:/asctec_arm_sdk/winarm/bin/../lib/gcc/arm-elf/4.1.1/../../../../arm-elf/lib/thumb/interwork\libc.a(fflush.o)
 .glue_7t       0x0001d354        0x0 c:/asctec_arm_sdk/winarm/bin/../lib/gcc/arm-elf/4.1.1/../../../../arm-elf/lib/thumb/interwork\libc.a(findfp.o)
 .glue_7t       0x0001d354        0x0 c:/asctec_arm_sdk/winarm/bin/../lib/gcc/arm-elf/4.1.1/../../../../arm-elf/lib/thumb/interwork\libc.a(freer.o)
 .glue_7t       0x0001d354        0x0 c:/asctec_arm_sdk/winarm/bin/../lib/gcc/arm-elf/4.1.1/../../../../arm-elf/lib/thumb/interwork\libc.a(fvwrite.o)
 .glue_7t       0x0001d354        0x0 c:/asctec_arm_sdk/winarm/bin/../lib/gcc/arm-elf/4.1.1/../../../../arm-elf/lib/thumb/interwork\libc.a(fwalk.o)
 .glue_7t       0x0001d354        0x0 c:/asctec_arm_sdk/winarm/bin/../lib/gcc/arm-elf/4.1.1/../../../../arm-elf/lib/thumb/interwork\libc.a(impure.o)
 .glue_7t       0x0001d354        0x0 c:/asctec_arm_sdk/winarm/bin/../lib/gcc/arm-elf/4.1.1/../../../../arm-elf/lib/thumb/interwork\libc.a(locale.o)
 .glue_7t       0x0001d354        0x0 c:/asctec_arm_sdk/winarm/bin/../lib/gcc/arm-elf/4.1.1/../../../../arm-elf/lib/thumb/interwork\libc.a(makebuf.o)
 .glue_7t       0x0001d354        0x0 c:/asctec_arm_sdk/winarm/bin/../lib/gcc/arm-elf/4.1.1/../../../../arm-elf/lib/thumb/interwork\libc.a(mallocr.o)
 .glue_7t       0x0001d354        0x0 c:/asctec_arm_sdk/winarm/bin/../lib/gcc/arm-elf/4.1.1/../../../../arm-elf/lib/thumb/interwork\libc.a(memchr.o)
 .glue_7t       0x0001d354        0x0 c:/asctec_arm_sdk/winarm/bin/../lib/gcc/arm-elf/4.1.1/../../../../arm-elf/lib/thumb/interwork\libc.a(memmove.o)
 .glue_7t       0x0001d354        0x0 c:/asctec_arm_sdk/winarm/bin/../lib/gcc/arm-elf/4.1.1/../../../../arm-elf/lib/thumb/interwork\libc.a(memset.o)
 .glue_7t       0x0001d354        0x0 c:/asctec_arm_sdk/winarm/bin/../lib/gcc/arm-elf/4.1.1/../../../../arm-elf/lib/thumb/interwork\libc.a(mlock.o)
 .glue_7t       0x0001d354        0x0 c:/asctec_arm_sdk/winarm/bin/../lib/gcc/arm-elf/4.1.1/../../../../arm-elf/lib/thumb/interwork\libc.a(mprec.o)
 .glue_7t       0x0001d354        0x0 c:/asctec_arm_sdk/winarm/bin/../lib/gcc/arm-elf/4.1.1/../../../../arm-elf/lib/thumb/interwork\libc.a(reallocr.o)
 .glue_7t       0x0001d354        0x0 c:/asctec_arm_sdk/winarm/bin/../lib/gcc/arm-elf/4.1.1/../../../../arm-elf/lib/thumb/interwork\libc.a(s_isinf.o)
 .glue_7t       0x0001d354        0x0 c:/asctec_arm_sdk/winarm/bin/../lib/gcc/arm-elf/4.1.1/../../../../arm-elf/lib/thumb/interwork\libc.a(s_isnan.o)
 .glue_7t       0x0001d354        0x0 c:/asctec_arm_sdk/winarm/bin/../lib/gcc/arm-elf/4.1.1/../../../../arm-elf/lib/thumb/interwork\libc.a(stdio.o)
 .glue_7t       0x0001d354        0x0 c:/asctec_arm_sdk/winarm/bin/../lib/gcc/arm-elf/4.1.1/../../../../arm-elf/lib/thumb/interwork\libc.a(strcmp.o)
 .glue_7t       0x0001d354        0x0 c:/asctec_arm_sdk/winarm/bin/../lib/gcc/arm-elf/4.1.1/../../../../arm-elf/lib/thumb/interwork\libc.a(callocr.o)
 .glue_7t       0x0001d354        0x0 c:/asctec_arm_sdk/winarm/bin/../lib/gcc/arm-elf/4.1.1/../../../../arm-elf/lib/thumb/interwork\libc.a(fclose.o)
 .glue_7t       0x0001d354        0x0 c:/asctec_arm_sdk/winarm/bin/../lib/gcc/arm-elf/4.1.1/thumb/interwork\libgcc.a(_udivsi3.o)
 .glue_7t       0x0001d354        0x0 c:/asctec_arm_sdk/winarm/bin/../lib/gcc/arm-elf/4.1.1/thumb/interwork\libgcc.a(_divsi3.o)
 .glue_7t       0x0001d354        0x0 c:/asctec_arm_sdk/winarm/bin/../lib/gcc/arm-elf/4.1.1/thumb/interwork\libgcc.a(_umodsi3.o)
 .glue_7t       0x0001d354        0x0 c:/asctec_arm_sdk/winarm/bin/../lib/gcc/arm-elf/4.1.1/thumb/interwork\libgcc.a(_modsi3.o)
 .glue_7t       0x0001d354        0x0 c:/asctec_arm_sdk/winarm/bin/../lib/gcc/arm-elf/4.1.1/thumb/interwork\libgcc.a(_dvmd_tls.o)
 .glue_7t       0x0001d354        0x0 c:/asctec_arm_sdk/winarm/bin/../lib/gcc/arm-elf/4.1.1/thumb/interwork\libgcc.a(_addsubdf3.o)
 .glue_7t       0x0001d354        0x0 c:/asctec_arm_sdk/winarm/bin/../lib/gcc/arm-elf/4.1.1/thumb/interwork\libgcc.a(_muldivdf3.o)
 .glue_7t       0x0001d354        0x0 c:/asctec_arm_sdk/winarm/bin/../lib/gcc/arm-elf/4.1.1/thumb/interwork\libgcc.a(_cmpdf2.o)
 .glue_7t       0x0001d354        0x0 c:/asctec_arm_sdk/winarm/bin/../lib/gcc/arm-elf/4.1.1/thumb/interwork\libgcc.a(_fixdfsi.o)
 .glue_7t       0x0001d354        0x0 c:/asctec_arm_sdk/winarm/bin/../lib/gcc/arm-elf/4.1.1/thumb/interwork\libgcc.a(_truncdfsf2.o)
 .glue_7t       0x0001d354        0x0 c:/asctec_arm_sdk/winarm/bin/../lib/gcc/arm-elf/4.1.1/thumb/interwork\libgcc.a(_addsubsf3.o)
 .glue_7t       0x0001d354        0x0 c:/asctec_arm_sdk/winarm/bin/../lib/gcc/arm-elf/4.1.1/thumb/interwork\libgcc.a(_muldivsf3.o)
 .glue_7t       0x0001d354        0x0 c:/asctec_arm_sdk/winarm/bin/../lib/gcc/arm-elf/4.1.1/thumb/interwork\libgcc.a(_cmpsf2.o)
 .glue_7t       0x0001d354        0x0 c:/asctec_arm_sdk/winarm/bin/../lib/gcc/arm-elf/4.1.1/thumb/interwork\libgcc.a(_fixunssfsi.o)
 .glue_7t       0x0001d354        0x0 ./\libdeclination.a(declination.o)
 .glue_7t       0x0001d354        0x0 ./\libublox.a(ublox.o)
 .glue_7t       0x0001d354        0x0 c:/asctec_arm_sdk/winarm/bin/../lib/gcc/arm-elf/4.1.1/../../../../arm-elf/lib/thumb/interwork\libm.a(s_cos.o)
 .glue_7t       0x0001d354        0x0 c:/asctec_arm_sdk/winarm/bin/../lib/gcc/arm-elf/4.1.1/../../../../arm-elf/lib/thumb/interwork\libm.a(s_sin.o)
 .glue_7t       0x0001d354        0x0 c:/asctec_arm_sdk/winarm/bin/../lib/gcc/arm-elf/4.1.1/../../../../arm-elf/lib/thumb/interwork\libm.a(w_atan2.o)
 .glue_7t       0x0001d354        0x0 c:/asctec_arm_sdk/winarm/bin/../lib/gcc/arm-elf/4.1.1/../../../../arm-elf/lib/thumb/interwork\libm.a(w_pow.o)
 .glue_7t       0x0001d354        0x0 c:/asctec_arm_sdk/winarm/bin/../lib/gcc/arm-elf/4.1.1/../../../../arm-elf/lib/thumb/interwork\libm.a(w_sqrt.o)
 .glue_7t       0x0001d354        0x0 c:/asctec_arm_sdk/winarm/bin/../lib/gcc/arm-elf/4.1.1/../../../../arm-elf/lib/thumb/interwork\libm.a(wf_fmod.o)
 .glue_7t       0x0001d354        0x0 c:/asctec_arm_sdk/winarm/bin/../lib/gcc/arm-elf/4.1.1/../../../../arm-elf/lib/thumb/interwork\libm.a(wf_pow.o)
 .glue_7t       0x0001d354        0x0 c:/asctec_arm_sdk/winarm/bin/../lib/gcc/arm-elf/4.1.1/../../../../arm-elf/lib/thumb/interwork\libm.a(e_atan2.o)
 .glue_7t       0x0001d354        0x0 c:/asctec_arm_sdk/winarm/bin/../lib/gcc/arm-elf/4.1.1/../../../../arm-elf/lib/thumb/interwork\libm.a(e_pow.o)
 .glue_7t       0x0001d354        0x0 c:/asctec_arm_sdk/winarm/bin/../lib/gcc/arm-elf/4.1.1/../../../../arm-elf/lib/thumb/interwork\libm.a(e_rem_pio2.o)
 .glue_7t       0x0001d354        0x0 c:/asctec_arm_sdk/winarm/bin/../lib/gcc/arm-elf/4.1.1/../../../../arm-elf/lib/thumb/interwork\libm.a(e_sqrt.o)
 .glue_7t       0x0001d354        0x0 c:/asctec_arm_sdk/winarm/bin/../lib/gcc/arm-elf/4.1.1/../../../../arm-elf/lib/thumb/interwork\libm.a(ef_fmod.o)
 .glue_7t       0x0001d354        0x0 c:/asctec_arm_sdk/winarm/bin/../lib/gcc/arm-elf/4.1.1/../../../../arm-elf/lib/thumb/interwork\libm.a(ef_pow.o)
 .glue_7t       0x0001d354        0x0 c:/asctec_arm_sdk/winarm/bin/../lib/gcc/arm-elf/4.1.1/../../../../arm-elf/lib/thumb/interwork\libm.a(ef_sqrt.o)
 .glue_7t       0x0001d354        0x0 c:/asctec_arm_sdk/winarm/bin/../lib/gcc/arm-elf/4.1.1/../../../../arm-elf/lib/thumb/interwork\libm.a(k_cos.o)
 .glue_7t       0x0001d354        0x0 c:/asctec_arm_sdk/winarm/bin/../lib/gcc/arm-elf/4.1.1/../../../../arm-elf/lib/thumb/interwork\libm.a(k_rem_pio2.o)
 .glue_7t       0x0001d354        0x0 c:/asctec_arm_sdk/winarm/bin/../lib/gcc/arm-elf/4.1.1/../../../../arm-elf/lib/thumb/interwork\libm.a(k_sin.o)
 .glue_7t       0x0001d354        0x0 c:/asctec_arm_sdk/winarm/bin/../lib/gcc/arm-elf/4.1.1/../../../../arm-elf/lib/thumb/interwork\libm.a(s_atan.o)
 .glue_7t       0x0001d354        0x0 c:/asctec_arm_sdk/winarm/bin/../lib/gcc/arm-elf/4.1.1/../../../../arm-elf/lib/thumb/interwork\libm.a(s_fabs.o)
 .glue_7t       0x0001d354        0x0 c:/asctec_arm_sdk/winarm/bin/../lib/gcc/arm-elf/4.1.1/../../../../arm-elf/lib/thumb/interwork\libm.a(s_finite.o)
 .glue_7t       0x0001d354        0x0 c:/asctec_arm_sdk/winarm/bin/../lib/gcc/arm-elf/4.1.1/../../../../arm-elf/lib/thumb/interwork\libm.a(s_floor.o)
 .glue_7t       0x0001d354        0x0 c:/asctec_arm_sdk/winarm/bin/../lib/gcc/arm-elf/4.1.1/../../../../arm-elf/lib/thumb/interwork\libm.a(s_lib_ver.o)
 .glue_7t       0x0001d354        0x0 c:/asctec_arm_sdk/winarm/bin/../lib/gcc/arm-elf/4.1.1/../../../../arm-elf/lib/thumb/interwork\libm.a(s_matherr.o)
 .glue_7t       0x0001d354        0x0 c:/asctec_arm_sdk/winarm/bin/../lib/gcc/arm-elf/4.1.1/../../../../arm-elf/lib/thumb/interwork\libm.a(s_rint.o)
 .glue_7t       0x0001d354        0x0 c:/asctec_arm_sdk/winarm/bin/../lib/gcc/arm-elf/4.1.1/../../../../arm-elf/lib/thumb/interwork\libm.a(s_scalbn.o)
 .glue_7t       0x0001d354        0x0 c:/asctec_arm_sdk/winarm/bin/../lib/gcc/arm-elf/4.1.1/../../../../arm-elf/lib/thumb/interwork\libm.a(sf_fabs.o)
 .glue_7t       0x0001d354        0x0 c:/asctec_arm_sdk/winarm/bin/../lib/gcc/arm-elf/4.1.1/../../../../arm-elf/lib/thumb/interwork\libm.a(sf_finite.o)
 .glue_7t       0x0001d354        0x0 c:/asctec_arm_sdk/winarm/bin/../lib/gcc/arm-elf/4.1.1/../../../../arm-elf/lib/thumb/interwork\libm.a(sf_isnan.o)
 .glue_7t       0x0001d354        0x0 c:/asctec_arm_sdk/winarm/bin/../lib/gcc/arm-elf/4.1.1/../../../../arm-elf/lib/thumb/interwork\libm.a(sf_scalbn.o)
 .glue_7t       0x0001d354        0x0 c:/asctec_arm_sdk/winarm/bin/../lib/gcc/arm-elf/4.1.1/../../../../arm-elf/lib/thumb/interwork\libm.a(s_copysign.o)
 .glue_7t       0x0001d354        0x0 c:/asctec_arm_sdk/winarm/bin/../lib/gcc/arm-elf/4.1.1/../../../../arm-elf/lib/thumb/interwork\libm.a(sf_copysign.o)
 .glue_7t       0x0001d354        0x0 c:/asctec_arm_sdk/winarm/bin/../lib/gcc/arm-elf/4.1.1/thumb/interwork\libgcc.a(_fixsfsi.o)
 .glue_7t       0x0001d354       0xf0 c:/asctec_arm_sdk/winarm/bin/../lib/gcc/arm-elf/4.1.1/../../../../arm-elf/lib/thumb/interwork\libg.a(errno.o)
                0x0001d3b0                ___sbrk_r_change_to_arm
                0x0001d3dc                ___read_r_from_thumb
                0x0001d43c                ____lesf2_from_thumb
                0x0001d39c                ____gtdf2_from_thumb
                0x0001d414                ____divsf3_from_thumb
                0x0001d37c                ____subdf3_from_thumb
                0x0001d358                ____ltdf2_change_to_arm
                0x0001d3e8                ____eqsf2_change_to_arm
                0x0001d40c                ____ledf2_from_thumb
                0x0001d420                ____addsf3_change_to_arm
                0x0001d380                ____subdf3_change_to_arm
                0x0001d42c                ____floatsisf_from_thumb
                0x0001d3ec                ____extendsfdf2_from_thumb
                0x0001d3a8                ____gedf2_change_to_arm
                0x0001d3b4                ___fstat_r_from_thumb
                0x0001d3c0                __isatty_change_to_arm
                0x0001d364                ____eqdf2_from_thumb
                0x0001d3c8                ___close_r_change_to_arm
                0x0001d3e0                ___read_r_change_to_arm
                0x0001d3fc                ____ltsf2_from_thumb
                0x0001d38c                ____fixdfsi_from_thumb
                0x0001d398                ____divdf3_change_to_arm
                0x0001d440                ____lesf2_change_to_arm
                0x0001d3a4                ____gedf2_from_thumb
                0x0001d3b8                ___fstat_r_change_to_arm
                0x0001d3f4                ____truncdfsf2_from_thumb
                0x0001d388                ____muldf3_change_to_arm
                0x0001d3d0                ___lseek_r_change_to_arm
                0x0001d418                ____divsf3_change_to_arm
                0x0001d390                ____fixdfsi_change_to_arm
                0x0001d394                ____divdf3_from_thumb
                0x0001d434                ____gtsf2_from_thumb
                0x0001d408                ____mulsf3_change_to_arm
                0x0001d378                ____adddf3_change_to_arm
                0x0001d3a0                ____gtdf2_change_to_arm
                0x0001d3d8                ___write_r_change_to_arm
                0x0001d3cc                ___lseek_r_from_thumb
                0x0001d3f8                ____truncdfsf2_change_to_arm
                0x0001d3f0                ____extendsfdf2_change_to_arm
                0x0001d36c                ____floatsidf_from_thumb
                0x0001d354                ____ltdf2_from_thumb
                0x0001d430                ____floatsisf_change_to_arm
                0x0001d360                ____nedf2_change_to_arm
                0x0001d424                ____subsf3_from_thumb
                0x0001d374                ____adddf3_from_thumb
                0x0001d3c4                ___close_r_from_thumb
                0x0001d438                ____gtsf2_change_to_arm
                0x0001d368                ____eqdf2_change_to_arm
                0x0001d400                ____ltsf2_change_to_arm
                0x0001d404                ____mulsf3_from_thumb
                0x0001d41c                ____addsf3_from_thumb
                0x0001d3ac                ___sbrk_r_from_thumb
                0x0001d384                ____muldf3_from_thumb
                0x0001d3e4                ____eqsf2_from_thumb
                0x0001d428                ____subsf3_change_to_arm
                0x0001d35c                ____nedf2_from_thumb
                0x0001d410                ____ledf2_change_to_arm
                0x0001d3d4                ___write_r_from_thumb
                0x0001d370                ____floatsidf_change_to_arm
                0x0001d3bc                __isatty_from_thumb
 *(.gcc_except_table)
 *(.rodata)
 .rodata        0x0001d444        0x6 asctecCommIntfOnboard.o
 .rodata        0x0001d44a       0x24 buildInfoSetup.o
 *fill*         0x0001d46e        0x2 00
 .rodata        0x0001d470      0x2c8 main.o
 .rodata        0x0001d738      0x184 c:/asctec_arm_sdk/winarm/bin/../lib/gcc/arm-elf/4.1.1/../../../../arm-elf/lib/thumb/interwork\libc.a(vfprintf.o)
 .rodata        0x0001d8bc       0x18 c:/asctec_arm_sdk/winarm/bin/../lib/gcc/arm-elf/4.1.1/../../../../arm-elf/lib/thumb/interwork\libc.a(dtoa.o)
 .rodata        0x0001d8d4        0x4 c:/asctec_arm_sdk/winarm/bin/../lib/gcc/arm-elf/4.1.1/../../../../arm-elf/lib/thumb/interwork\libc.a(impure.o)
                0x0001d8d4                _global_impure_ptr
 .rodata        0x0001d8d8       0x34 c:/asctec_arm_sdk/winarm/bin/../lib/gcc/arm-elf/4.1.1/../../../../arm-elf/lib/thumb/interwork\libc.a(locale.o)
 .rodata        0x0001d90c      0x124 c:/asctec_arm_sdk/winarm/bin/../lib/gcc/arm-elf/4.1.1/../../../../arm-elf/lib/thumb/interwork\libc.a(mprec.o)
                0x0001d9fc                __mprec_tinytens
                0x0001d90c                __mprec_tens
                0x0001d9d4                __mprec_bigtens
 .rodata        0x0001da30       0xe2 ./\libublox.a(ublox.o)
 *fill*         0x0001db12        0x2 00
 .rodata        0x0001db14       0x30 c:/asctec_arm_sdk/winarm/bin/../lib/gcc/arm-elf/4.1.1/../../../../arm-elf/lib/thumb/interwork\libm.a(e_pow.o)
 .rodata        0x0001db44      0x188 c:/asctec_arm_sdk/winarm/bin/../lib/gcc/arm-elf/4.1.1/../../../../arm-elf/lib/thumb/interwork\libm.a(e_rem_pio2.o)
 .rodata        0x0001dccc        0x8 c:/asctec_arm_sdk/winarm/bin/../lib/gcc/arm-elf/4.1.1/../../../../arm-elf/lib/thumb/interwork\libm.a(ef_fmod.o)
 .rodata        0x0001dcd4       0x18 c:/asctec_arm_sdk/winarm/bin/../lib/gcc/arm-elf/4.1.1/../../../../arm-elf/lib/thumb/interwork\libm.a(ef_pow.o)
 .rodata        0x0001dcec       0x50 c:/asctec_arm_sdk/winarm/bin/../lib/gcc/arm-elf/4.1.1/../../../../arm-elf/lib/thumb/interwork\libm.a(k_rem_pio2.o)
 .rodata        0x0001dd3c       0x40 c:/asctec_arm_sdk/winarm/bin/../lib/gcc/arm-elf/4.1.1/../../../../arm-elf/lib/thumb/interwork\libm.a(s_atan.o)
 .rodata        0x0001dd7c        0x4 c:/asctec_arm_sdk/winarm/bin/../lib/gcc/arm-elf/4.1.1/../../../../arm-elf/lib/thumb/interwork\libm.a(s_lib_ver.o)
                0x0001dd7c                __fdlib_version
 .rodata        0x0001dd80       0x10 c:/asctec_arm_sdk/winarm/bin/../lib/gcc/arm-elf/4.1.1/../../../../arm-elf/lib/thumb/interwork\libm.a(s_rint.o)
 *(.rodata*)
 .rodata.str1.4
                0x0001dd90      0x1ff sdk_telemetry.o
                                0x204 (size before relaxing)
 *fill*         0x0001df8f        0x1 00
 .rodata.str1.4
                0x0001df90        0xc buildInfoSetup.o
 .rodata.str1.4
                0x0001df9c       0x63 c:/asctec_arm_sdk/winarm/bin/../lib/gcc/arm-elf/4.1.1/../../../../arm-elf/lib/thumb/interwork\libc.a(vfprintf.o)
                                 0x64 (size before relaxing)
 *fill*         0x0001dfff        0x1 00
 .rodata.str1.4
                0x0001e000       0x1e c:/asctec_arm_sdk/winarm/bin/../lib/gcc/arm-elf/4.1.1/../../../../arm-elf/lib/thumb/interwork\libc.a(wctomb_r.o)
                                 0x20 (size before relaxing)
 *fill*         0x0001e01e        0x2 00
 .rodata.str1.4
                0x0001e020       0x10 c:/asctec_arm_sdk/winarm/bin/../lib/gcc/arm-elf/4.1.1/../../../../arm-elf/lib/thumb/interwork\libc.a(dtoa.o)
                                 0x14 (size before relaxing)
 .rodata.str1.4
                0x0001e030        0x2 c:/asctec_arm_sdk/winarm/bin/../lib/gcc/arm-elf/4.1.1/../../../../arm-elf/lib/thumb/interwork\libc.a(impure.o)
                                  0x4 (size before relaxing)
 *fill*         0x0001e032        0x2 00
 .rodata.str1.4
                0x0001e034        0xb c:/asctec_arm_sdk/winarm/bin/../lib/gcc/arm-elf/4.1.1/../../../../arm-elf/lib/thumb/interwork\libc.a(locale.o)
                                 0x18 (size before relaxing)
 *fill*         0x0001e03f        0x1 00
 .rodata.str1.4
                0x0001e040        0x6 c:/asctec_arm_sdk/winarm/bin/../lib/gcc/arm-elf/4.1.1/../../../../arm-elf/lib/thumb/interwork\libm.a(w_atan2.o)
                                  0x8 (size before relaxing)
 *fill*         0x0001e046        0x2 00
 .rodata.str1.4
                0x0001e048        0x4 c:/asctec_arm_sdk/winarm/bin/../lib/gcc/arm-elf/4.1.1/../../../../arm-elf/lib/thumb/interwork\libm.a(w_pow.o)
 .rodata.str1.4
                0x0001e04c        0x5 c:/asctec_arm_sdk/winarm/bin/../lib/gcc/arm-elf/4.1.1/../../../../arm-elf/lib/thumb/interwork\libm.a(w_sqrt.o)
                                  0x8 (size before relaxing)
 *fill*         0x0001e051        0x3 00
 .rodata.str1.4
                0x0001e054        0x6 c:/asctec_arm_sdk/winarm/bin/../lib/gcc/arm-elf/4.1.1/../../../../arm-elf/lib/thumb/interwork\libm.a(wf_fmod.o)
                                  0x8 (size before relaxing)
 *fill*         0x0001e05a        0x2 00
 .rodata.str1.4
                0x0001e05c        0x8 c:/asctec_arm_sdk/winarm/bin/../lib/gcc/arm-elf/4.1.1/../../../../arm-elf/lib/thumb/interwork\libm.a(wf_pow.o)
 *(.gnu.linkonce.r.*)
                0x0001e064                . = ALIGN (0x4)
                0x0001e064                . = ALIGN (0x4)

.ctors          0x0001e064        0x0
                0x0001e064                PROVIDE (__ctors_start__, .)
 *(SORT(.ctors.*))
 *(.ctors)
                0x0001e064                . = ALIGN (0x4)
                0x0001e064                PROVIDE (__ctors_end__, .)
                0x0001e064                . = ALIGN (0x4)

.dtors          0x0001e064        0x0
                0x0001e064                PROVIDE (__dtors_start__, .)
 *(SORT(.dtors.*))
 *(.dtors)
                0x0001e064                . = ALIGN (0x4)
                0x0001e064                PROVIDE (__dtors_end__, .)
                0x0001e064                . = ALIGN (0x4)
                0x0001e064                . = ALIGN (0x4)
                0x0001e064                _etext = .
                0x0001e064                PROVIDE (etext, .)

.data           0x40000000      0xdd0 load address 0x0001e064
                0x40000000                _data = .
 *(.vectmapped)
                0x40000000                . = ALIGN (0x4)
 *(.fastrun)
                0x40000000                . = ALIGN (0x4)
                0x40000000                . = ALIGN (0x4)
 *(.data)
 .data          0x40000000        0x0 Common_WinARM/src/Startup.o
 .data          0x40000000        0x0 Common_WinARM/src/swi_handler.o
 .data          0x40000000        0x0 LL_HL_comm.o
 .data          0x40000000        0x0 mymath.o
 .data          0x40000000        0x0 gpsmath.o
 .data          0x40000000        0xc sdk.o
                0x40000000                firebit
                0x40000004                SPItxDone
 .data          0x4000000c        0x0 sdk_telemetry.o
 .data          0x4000000c        0xc buzzer.o
                0x40000010                ALARM_battery_warning_voltage_low
                0x4000000e                ALARM_battery_warning_voltage_high
                0x4000000c                buzzer_warnings
 .data          0x40000018        0x0 lpc_aci_eeprom.o
 .data          0x40000018       0x14 asctecCommIntfOnboard.o
                0x40000018                aciVarPacketTransmissionRate
                0x4000002a                aciMagicCodePar
                0x4000001e                entry_exist
                0x40000028                aciMagicCodeCmd
                0x40000024                aciHeartBeatTimeout
                0x40000026                aciMagicCodeVar
                0x40000020                aciEngineRate
 .data          0x4000002c        0x0 buildInfoSetup.o
 .data          0x4000002c        0x3 main.o
                0x4000002c                DataOutputsPerSecond
                0x4000002d                PTU_cam_option_4_version
 .data          0x4000002f        0x0 hardware.o
 .data          0x4000002f        0x0 system.o
 .data          0x4000002f        0x7 uart.o
                0x40000033                stopstring
                0x40000030                startstring
                0x4000002f                chksum_trigger
 .data          0x40000036        0x0 syscalls.o
 .data          0x40000036        0x0 i2c.o
 .data          0x40000036        0x0 i2c1.o
 .data          0x40000036        0x0 Common_WinARM/src/irq.o
 .data          0x40000036        0x0 adc.o
 .data          0x40000036        0x3 ssp.o
                0x40000037                SSP_receiption_complete
                0x40000038                data_sent_to_HL
                0x40000036                data_sent_to_LL
 .data          0x40000039        0x0 pelican_ptu.o
 .data          0x40000039        0x0 jetiTelemetry.o
 .data          0x40000039        0x0 LPC2k_ee.o
 *fill*         0x40000039        0x3 00
 .data          0x4000003c       0x1c lab.o
                0x40000040                kF
                0x40000054                g
                0x40000048                l
                0x4000004c                MAXPHI2
                0x40000044                kM
                0x40000050                MINPHI2
                0x4000003c                mass
 .data          0x40000058        0x0 Utilites.o
 .data          0x40000058        0x0 c:/asctec_arm_sdk/winarm/bin/../lib/gcc/arm-elf/4.1.1/../../../../arm-elf/lib/thumb/interwork\libc.a(memcpy.o)
 .data          0x40000058        0x0 c:/asctec_arm_sdk/winarm/bin/../lib/gcc/arm-elf/4.1.1/../../../../arm-elf/lib/thumb/interwork\libc.a(sprintf.o)
 .data          0x40000058        0x0 c:/asctec_arm_sdk/winarm/bin/../lib/gcc/arm-elf/4.1.1/../../../../arm-elf/lib/thumb/interwork\libc.a(strcpy.o)
 .data          0x40000058        0x0 c:/asctec_arm_sdk/winarm/bin/../lib/gcc/arm-elf/4.1.1/../../../../arm-elf/lib/thumb/interwork\libc.a(strlen.o)
 .data          0x40000058        0x0 c:/asctec_arm_sdk/winarm/bin/../lib/gcc/arm-elf/4.1.1/../../../../arm-elf/lib/thumb/interwork\libc.a(vfprintf.o)
 .data          0x40000058        0x0 c:/asctec_arm_sdk/winarm/bin/../lib/gcc/arm-elf/4.1.1/../../../../arm-elf/lib/thumb/interwork\libc.a(wcrtomb.o)
 .data          0x40000058        0x0 c:/asctec_arm_sdk/winarm/bin/../lib/gcc/arm-elf/4.1.1/../../../../arm-elf/lib/thumb/interwork\libc.a(wcsrtombs.o)
 .data          0x40000058        0x0 c:/asctec_arm_sdk/winarm/bin/../lib/gcc/arm-elf/4.1.1/../../../../arm-elf/lib/thumb/interwork\libc.a(wctomb_r.o)
 .data          0x40000058        0x0 c:/asctec_arm_sdk/winarm/bin/../lib/gcc/arm-elf/4.1.1/../../../../arm-elf/lib/thumb/interwork\libc.a(wsetup.o)
 .data          0x40000058        0x0 c:/asctec_arm_sdk/winarm/bin/../lib/gcc/arm-elf/4.1.1/../../../../arm-elf/lib/thumb/interwork\libc.a(dtoa.o)
 .data          0x40000058        0x0 c:/asctec_arm_sdk/winarm/bin/../lib/gcc/arm-elf/4.1.1/../../../../arm-elf/lib/thumb/interwork\libc.a(fflush.o)
 .data          0x40000058        0x0 c:/asctec_arm_sdk/winarm/bin/../lib/gcc/arm-elf/4.1.1/../../../../arm-elf/lib/thumb/interwork\libc.a(findfp.o)
 .data          0x40000058        0x0 c:/asctec_arm_sdk/winarm/bin/../lib/gcc/arm-elf/4.1.1/../../../../arm-elf/lib/thumb/interwork\libc.a(freer.o)
 .data          0x40000058        0x0 c:/asctec_arm_sdk/winarm/bin/../lib/gcc/arm-elf/4.1.1/../../../../arm-elf/lib/thumb/interwork\libc.a(fvwrite.o)
 .data          0x40000058        0x0 c:/asctec_arm_sdk/winarm/bin/../lib/gcc/arm-elf/4.1.1/../../../../arm-elf/lib/thumb/interwork\libc.a(fwalk.o)
 .data          0x40000058      0x404 c:/asctec_arm_sdk/winarm/bin/../lib/gcc/arm-elf/4.1.1/../../../../arm-elf/lib/thumb/interwork\libc.a(impure.o)
                0x40000058                _impure_ptr
 .data          0x4000045c       0x10 c:/asctec_arm_sdk/winarm/bin/../lib/gcc/arm-elf/4.1.1/../../../../arm-elf/lib/thumb/interwork\libc.a(locale.o)
                0x4000045c                __mb_cur_max
                0x40000460                __lc_ctype
 .data          0x4000046c        0x0 c:/asctec_arm_sdk/winarm/bin/../lib/gcc/arm-elf/4.1.1/../../../../arm-elf/lib/thumb/interwork\libc.a(makebuf.o)
 .data          0x4000046c      0x410 c:/asctec_arm_sdk/winarm/bin/../lib/gcc/arm-elf/4.1.1/../../../../arm-elf/lib/thumb/interwork\libc.a(mallocr.o)
                0x40000878                __malloc_sbrk_base
                0x4000046c                __malloc_av_
                0x40000874                __malloc_trim_threshold
 .data          0x4000087c        0x0 c:/asctec_arm_sdk/winarm/bin/../lib/gcc/arm-elf/4.1.1/../../../../arm-elf/lib/thumb/interwork\libc.a(memchr.o)
 .data          0x4000087c        0x0 c:/asctec_arm_sdk/winarm/bin/../lib/gcc/arm-elf/4.1.1/../../../../arm-elf/lib/thumb/interwork\libc.a(memmove.o)
 .data          0x4000087c        0x0 c:/asctec_arm_sdk/winarm/bin/../lib/gcc/arm-elf/4.1.1/../../../../arm-elf/lib/thumb/interwork\libc.a(memset.o)
 .data          0x4000087c        0x0 c:/asctec_arm_sdk/winarm/bin/../lib/gcc/arm-elf/4.1.1/../../../../arm-elf/lib/thumb/interwork\libc.a(mlock.o)
 .data          0x4000087c        0x0 c:/asctec_arm_sdk/winarm/bin/../lib/gcc/arm-elf/4.1.1/../../../../arm-elf/lib/thumb/interwork\libc.a(mprec.o)
 .data          0x4000087c        0x0 c:/asctec_arm_sdk/winarm/bin/../lib/gcc/arm-elf/4.1.1/../../../../arm-elf/lib/thumb/interwork\libc.a(reallocr.o)
 .data          0x4000087c        0x0 c:/asctec_arm_sdk/winarm/bin/../lib/gcc/arm-elf/4.1.1/../../../../arm-elf/lib/thumb/interwork\libc.a(s_isinf.o)
 .data          0x4000087c        0x0 c:/asctec_arm_sdk/winarm/bin/../lib/gcc/arm-elf/4.1.1/../../../../arm-elf/lib/thumb/interwork\libc.a(s_isnan.o)
 .data          0x4000087c        0x0 c:/asctec_arm_sdk/winarm/bin/../lib/gcc/arm-elf/4.1.1/../../../../arm-elf/lib/thumb/interwork\libc.a(stdio.o)
 .data          0x4000087c        0x0 c:/asctec_arm_sdk/winarm/bin/../lib/gcc/arm-elf/4.1.1/../../../../arm-elf/lib/thumb/interwork\libc.a(strcmp.o)
 .data          0x4000087c        0x0 c:/asctec_arm_sdk/winarm/bin/../lib/gcc/arm-elf/4.1.1/../../../../arm-elf/lib/thumb/interwork\libc.a(callocr.o)
 .data          0x4000087c        0x0 c:/asctec_arm_sdk/winarm/bin/../lib/gcc/arm-elf/4.1.1/../../../../arm-elf/lib/thumb/interwork\libc.a(fclose.o)
 .data          0x4000087c        0x0 c:/asctec_arm_sdk/winarm/bin/../lib/gcc/arm-elf/4.1.1/thumb/interwork\libgcc.a(_udivsi3.o)
 .data          0x4000087c        0x0 c:/asctec_arm_sdk/winarm/bin/../lib/gcc/arm-elf/4.1.1/thumb/interwork\libgcc.a(_divsi3.o)
 .data          0x4000087c        0x0 c:/asctec_arm_sdk/winarm/bin/../lib/gcc/arm-elf/4.1.1/thumb/interwork\libgcc.a(_umodsi3.o)
 .data          0x4000087c        0x0 c:/asctec_arm_sdk/winarm/bin/../lib/gcc/arm-elf/4.1.1/thumb/interwork\libgcc.a(_modsi3.o)
 .data          0x4000087c        0x0 c:/asctec_arm_sdk/winarm/bin/../lib/gcc/arm-elf/4.1.1/thumb/interwork\libgcc.a(_dvmd_tls.o)
 .data          0x4000087c        0x0 c:/asctec_arm_sdk/winarm/bin/../lib/gcc/arm-elf/4.1.1/thumb/interwork\libgcc.a(_addsubdf3.o)
 .data          0x4000087c        0x0 c:/asctec_arm_sdk/winarm/bin/../lib/gcc/arm-elf/4.1.1/thumb/interwork\libgcc.a(_muldivdf3.o)
 .data          0x4000087c        0x0 c:/asctec_arm_sdk/winarm/bin/../lib/gcc/arm-elf/4.1.1/thumb/interwork\libgcc.a(_cmpdf2.o)
 .data          0x4000087c        0x0 c:/asctec_arm_sdk/winarm/bin/../lib/gcc/arm-elf/4.1.1/thumb/interwork\libgcc.a(_fixdfsi.o)
 .data          0x4000087c        0x0 c:/asctec_arm_sdk/winarm/bin/../lib/gcc/arm-elf/4.1.1/thumb/interwork\libgcc.a(_truncdfsf2.o)
 .data          0x4000087c        0x0 c:/asctec_arm_sdk/winarm/bin/../lib/gcc/arm-elf/4.1.1/thumb/interwork\libgcc.a(_addsubsf3.o)
 .data          0x4000087c        0x0 c:/asctec_arm_sdk/winarm/bin/../lib/gcc/arm-elf/4.1.1/thumb/interwork\libgcc.a(_muldivsf3.o)
 .data          0x4000087c        0x0 c:/asctec_arm_sdk/winarm/bin/../lib/gcc/arm-elf/4.1.1/thumb/interwork\libgcc.a(_cmpsf2.o)
 .data          0x4000087c        0x0 c:/asctec_arm_sdk/winarm/bin/../lib/gcc/arm-elf/4.1.1/thumb/interwork\libgcc.a(_fixunssfsi.o)
 .data          0x4000087c      0x54c ./\libdeclination.a(declination.o)
 .data          0x40000dc8        0x8 ./\libublox.a(ublox.o)
                0x40000dc8                gpsLEDTrigger
 .data          0x40000dd0        0x0 c:/asctec_arm_sdk/winarm/bin/../lib/gcc/arm-elf/4.1.1/../../../../arm-elf/lib/thumb/interwork\libm.a(s_cos.o)
 .data          0x40000dd0        0x0 c:/asctec_arm_sdk/winarm/bin/../lib/gcc/arm-elf/4.1.1/../../../../arm-elf/lib/thumb/interwork\libm.a(s_sin.o)
 .data          0x40000dd0        0x0 c:/asctec_arm_sdk/winarm/bin/../lib/gcc/arm-elf/4.1.1/../../../../arm-elf/lib/thumb/interwork\libm.a(w_atan2.o)
 .data          0x40000dd0        0x0 c:/asctec_arm_sdk/winarm/bin/../lib/gcc/arm-elf/4.1.1/../../../../arm-elf/lib/thumb/interwork\libm.a(w_pow.o)
 .data          0x40000dd0        0x0 c:/asctec_arm_sdk/winarm/bin/../lib/gcc/arm-elf/4.1.1/../../../../arm-elf/lib/thumb/interwork\libm.a(w_sqrt.o)
 .data          0x40000dd0        0x0 c:/asctec_arm_sdk/winarm/bin/../lib/gcc/arm-elf/4.1.1/../../../../arm-elf/lib/thumb/interwork\libm.a(wf_fmod.o)
 .data          0x40000dd0        0x0 c:/asctec_arm_sdk/winarm/bin/../lib/gcc/arm-elf/4.1.1/../../../../arm-elf/lib/thumb/interwork\libm.a(wf_pow.o)
 .data          0x40000dd0        0x0 c:/asctec_arm_sdk/winarm/bin/../lib/gcc/arm-elf/4.1.1/../../../../arm-elf/lib/thumb/interwork\libm.a(e_atan2.o)
 .data          0x40000dd0        0x0 c:/asctec_arm_sdk/winarm/bin/../lib/gcc/arm-elf/4.1.1/../../../../arm-elf/lib/thumb/interwork\libm.a(e_pow.o)
 .data          0x40000dd0        0x0 c:/asctec_arm_sdk/winarm/bin/../lib/gcc/arm-elf/4.1.1/../../../../arm-elf/lib/thumb/interwork\libm.a(e_rem_pio2.o)
 .data          0x40000dd0        0x0 c:/asctec_arm_sdk/winarm/bin/../lib/gcc/arm-elf/4.1.1/../../../../arm-elf/lib/thumb/interwork\libm.a(e_sqrt.o)
 .data          0x40000dd0        0x0 c:/asctec_arm_sdk/winarm/bin/../lib/gcc/arm-elf/4.1.1/../../../../arm-elf/lib/thumb/interwork\libm.a(ef_fmod.o)
 .data          0x40000dd0        0x0 c:/asctec_arm_sdk/winarm/bin/../lib/gcc/arm-elf/4.1.1/../../../../arm-elf/lib/thumb/interwork\libm.a(ef_pow.o)
 .data          0x40000dd0        0x0 c:/asctec_arm_sdk/winarm/bin/../lib/gcc/arm-elf/4.1.1/../../../../arm-elf/lib/thumb/interwork\libm.a(ef_sqrt.o)
 .data          0x40000dd0        0x0 c:/asctec_arm_sdk/winarm/bin/../lib/gcc/arm-elf/4.1.1/../../../../arm-elf/lib/thumb/interwork\libm.a(k_cos.o)
 .data          0x40000dd0        0x0 c:/asctec_arm_sdk/winarm/bin/../lib/gcc/arm-elf/4.1.1/../../../../arm-elf/lib/thumb/interwork\libm.a(k_rem_pio2.o)
 .data          0x40000dd0        0x0 c:/asctec_arm_sdk/winarm/bin/../lib/gcc/arm-elf/4.1.1/../../../../arm-elf/lib/thumb/interwork\libm.a(k_sin.o)
 .data          0x40000dd0        0x0 c:/asctec_arm_sdk/winarm/bin/../lib/gcc/arm-elf/4.1.1/../../../../arm-elf/lib/thumb/interwork\libm.a(s_atan.o)
 .data          0x40000dd0        0x0 c:/asctec_arm_sdk/winarm/bin/../lib/gcc/arm-elf/4.1.1/../../../../arm-elf/lib/thumb/interwork\libm.a(s_fabs.o)
 .data          0x40000dd0        0x0 c:/asctec_arm_sdk/winarm/bin/../lib/gcc/arm-elf/4.1.1/../../../../arm-elf/lib/thumb/interwork\libm.a(s_finite.o)
 .data          0x40000dd0        0x0 c:/asctec_arm_sdk/winarm/bin/../lib/gcc/arm-elf/4.1.1/../../../../arm-elf/lib/thumb/interwork\libm.a(s_floor.o)
 .data          0x40000dd0        0x0 c:/asctec_arm_sdk/winarm/bin/../lib/gcc/arm-elf/4.1.1/../../../../arm-elf/lib/thumb/interwork\libm.a(s_lib_ver.o)
 .data          0x40000dd0        0x0 c:/asctec_arm_sdk/winarm/bin/../lib/gcc/arm-elf/4.1.1/../../../../arm-elf/lib/thumb/interwork\libm.a(s_matherr.o)
 .data          0x40000dd0        0x0 c:/asctec_arm_sdk/winarm/bin/../lib/gcc/arm-elf/4.1.1/../../../../arm-elf/lib/thumb/interwork\libm.a(s_rint.o)
 .data          0x40000dd0        0x0 c:/asctec_arm_sdk/winarm/bin/../lib/gcc/arm-elf/4.1.1/../../../../arm-elf/lib/thumb/interwork\libm.a(s_scalbn.o)
 .data          0x40000dd0        0x0 c:/asctec_arm_sdk/winarm/bin/../lib/gcc/arm-elf/4.1.1/../../../../arm-elf/lib/thumb/interwork\libm.a(sf_fabs.o)
 .data          0x40000dd0        0x0 c:/asctec_arm_sdk/winarm/bin/../lib/gcc/arm-elf/4.1.1/../../../../arm-elf/lib/thumb/interwork\libm.a(sf_finite.o)
 .data          0x40000dd0        0x0 c:/asctec_arm_sdk/winarm/bin/../lib/gcc/arm-elf/4.1.1/../../../../arm-elf/lib/thumb/interwork\libm.a(sf_isnan.o)
 .data          0x40000dd0        0x0 c:/asctec_arm_sdk/winarm/bin/../lib/gcc/arm-elf/4.1.1/../../../../arm-elf/lib/thumb/interwork\libm.a(sf_scalbn.o)
 .data          0x40000dd0        0x0 c:/asctec_arm_sdk/winarm/bin/../lib/gcc/arm-elf/4.1.1/../../../../arm-elf/lib/thumb/interwork\libm.a(s_copysign.o)
 .data          0x40000dd0        0x0 c:/asctec_arm_sdk/winarm/bin/../lib/gcc/arm-elf/4.1.1/../../../../arm-elf/lib/thumb/interwork\libm.a(sf_copysign.o)
 .data          0x40000dd0        0x0 c:/asctec_arm_sdk/winarm/bin/../lib/gcc/arm-elf/4.1.1/thumb/interwork\libgcc.a(_fixsfsi.o)
 .data          0x40000dd0        0x0 c:/asctec_arm_sdk/winarm/bin/../lib/gcc/arm-elf/4.1.1/../../../../arm-elf/lib/thumb/interwork\libg.a(errno.o)
 *(.data.*)
 *(.gnu.linkonce.d*)
                0x40000dd0                . = ALIGN (0x4)
                0x40000dd0                . = ALIGN (0x4)
                0x40000dd0                _edata = .
                0x40000dd0                PROVIDE (edata, .)

.bss            0x40000dd0     0x4a38
                0x40000dd0                __bss_start = .
                0x40000dd0                __bss_start__ = .
 *(.bss)
 .bss           0x40000dd0        0x0 Common_WinARM/src/Startup.o
 .bss           0x40000dd0        0x0 Common_WinARM/src/swi_handler.o
 .bss           0x40000dd0       0x24 LL_HL_comm.o
                0x40000dda                transmitBuildInfoTrigger
                0x40000dd6                wpCtrlNavStatus
                0x40000dd4                wpCtrlAckTrigger
                0x40000dd3                wpCtrlWpCmdUpdated
                0x40000dd8                wpCtrlDistToWp
                0x40000dd2                wpCtrlWpCmd
                0x40000dd0                SSP_ack
 .bss           0x40000df4        0x0 mymath.o
 .bss           0x40000df4        0x4 gpsmath.o
                0x40000df4                gpsDataOkTrigger
 .bss           0x40000df8       0x64 sdk.o
                0x40000e1c                SwitchTimer
                0x40000e0c                f28027_ready
                0x40000e20                readSwitchbit
                0x40000dfc                my_sdkloop_counter
                0x40000e00                UsonicTimer
                0x40000e34                SPItxSize
                0x40000e10                UsonicData
                0x40000e24                MagnetSwitch
                0x40000e30                SPItxCount
                0x40000e08                SPI0command
                0x40000df9                wpExampleActive
                0x40000e2c                GotMagnet
                0x40000e3c                testcount
                0x40000e38                numMissedTx
                0x40000e04                SPI0data
                0x40000e28                NewMagnetSwitch
                0x40000dfa                emergencyModeUpdate
                0x40000e14                NewUsonicData
                0x40000df8                wpExampleWpNr
                0x40000e18                USMaxBot_range1
 .bss           0x40000e5c        0x3 sdk_telemetry.o
 *fill*         0x40000e5f        0x1 00
 .bss           0x40000e60       0x14 buzzer.o
 .bss           0x40000e74        0x4 lpc_aci_eeprom.o
                0x40000e74                anz_param_saved
 .bss           0x40000e78       0x74 asctecCommIntfOnboard.o
                0x40000ec4                aciHeartBeatCnt
                0x40000ed0                aciAddDatatoFlashCallback
                0x40000e7c                aciListCmdCount
                0x40000ea6                aciParPacketMagicCode
                0x40000ee0                aciSendSingleCount
                0x40000ecc                aciReadWriteEndCallback
                0x40000e9a                aciCmdPacketMagicCode
                0x40000ed4                aciReadParafromFlashCallback
                0x40000ec6                aciInhibitPacketTransmission
                0x40000e78                aciListVarCount
                0x40000e9d                aciCmdPacketWithACK
                0x40000ec2                aciTxRingBufferReadPtr
                0x40000ea0                aciCmdPacketSendAck
                0x40000ee2                aciSendSingleNextBufferCount
                0x40000eb4                aciEngineRateCounter
                0x40000ea3                aciCmdPacketReceived
                0x40000ec8                aciReadWriteStartCallback
                0x40000e80                aciListParCount
                0x40000e88                aciVarPacketCurrentSize
                0x40000eb2                aciParamSaveIt
                0x40000ea9                aciParPacketSendAck
                0x40000e8e                aciVarPacketNumberOfVars
                0x40000ec0                aciTxRingBufferWritePtr
                0x40000e84                aciVarPacketMagicCode
                0x40000e94                aciVarPacketUpdated
                0x40000edc                aciWriteParatoFlashCallback
                0x40000eac                aciParamPacketReceived
                0x40000eaf                aciParPacketRequest
                0x40000ed8                aciSaveParaCallback
 .bss           0x40000eec        0x0 buildInfoSetup.o
 .bss           0x40000eec       0x28 main.o
                0x40000efc                GPS_timeout
                0x40000ef0                cnt
                0x40000ef4                mainloop_cnt
                0x40000f05                fireflyLedEnabled
                0x40000eec                int_cnt
                0x40000f04                SYSTEM_initialized
                0x40000f00                trigger_cnt
                0x40000ef8                mainloop_trigger
                0x40000f06                mainloop_overflows
 .bss           0x40000f14        0x0 hardware.o
 .bss           0x40000f14        0x0 system.o
 .bss           0x40000f14      0x32c uart.o
                0x40000f1b                UART1_syncstate
                0x40000f19                baudrate1_change
                0x40000f16                transmission_running
                0x40000f18                trigger_transmission
                0x40000f20                UART1_rxcount
                0x40000f14                data_requested
                0x40000f15                chksum_to_check
                0x40000f1c                UART_rxcount
                0x40000f1a                UART_syncstate
                0x40000f17                transmission1_running
                0x40000f24                UART_CalibDoneFlag
 .bss           0x40001240        0x4 syscalls.o
 .bss           0x40001244       0x14 i2c.o
                0x40001250                RdIndex
                0x40001244                I2CMasterState
                0x40001248                I2CSlaveState
                0x4000124c                I2CCount
                0x40001254                WrIndex
 .bss           0x40001258       0x14 i2c1.o
                0x40001260                WrIndex1
                0x4000125c                I2C1Count
                0x40001258                I2C1MasterState
                0x40001264                lastI2c1Error
 .bss           0x4000126c        0x0 Common_WinARM/src/irq.o
 .bss           0x4000126c        0x8 adc.o
                0x40001270                ADC1IntDone
                0x4000126c                ADC0IntDone
 .bss           0x40001274        0x4 ssp.o
                0x40001274                SSP_trans_cnt
 .bss           0x40001278       0x24 pelican_ptu.o
                0x40001280                PTU_enable_plain_ch7_to_servo
                0x40001278                PTU_cam_angle_roll_offset
                0x4000127c                PTU_cam_angle_pitch_offset
 .bss           0x4000129c        0x5 jetiTelemetry.o
                0x4000129e                jetiTriggerTextSync
                0x400012a0                jetiKey
                0x4000129d                jetiAlarmType
                0x4000129f                jetiKeyChanged
                0x4000129c                jetiAlarm
 .bss           0x400012a1        0x0 LPC2k_ee.o
 *fill*         0x400012a1        0x1 00
 .bss           0x400012a2        0x2 lab.o
                0x400012a2                Ben_thrust
 .bss           0x400012a4        0x0 Utilites.o
 .bss           0x400012a4        0x0 c:/asctec_arm_sdk/winarm/bin/../lib/gcc/arm-elf/4.1.1/../../../../arm-elf/lib/thumb/interwork\libc.a(memcpy.o)
 .bss           0x400012a4        0x0 c:/asctec_arm_sdk/winarm/bin/../lib/gcc/arm-elf/4.1.1/../../../../arm-elf/lib/thumb/interwork\libc.a(sprintf.o)