Archive member included because of file (symbol)

c:/asctec_arm_sdk/winarm/bin/../lib/gcc/arm-elf/4.1.1/../../../../arm-elf/lib/thumb/interwork\libc.a(memcpy.o)
                              LL_HL_comm.o (memcpy)
c:/asctec_arm_sdk/winarm/bin/../lib/gcc/arm-elf/4.1.1/../../../../arm-elf/lib/thumb/interwork\libc.a(sprintf.o)
                              sdk_telemetry.o (sprintf)
c:/asctec_arm_sdk/winarm/bin/../lib/gcc/arm-elf/4.1.1/../../../../arm-elf/lib/thumb/interwork\libc.a(strcpy.o)
                              asctecCommIntfOnboard.o (strcpy)
c:/asctec_arm_sdk/winarm/bin/../lib/gcc/arm-elf/4.1.1/../../../../arm-elf/lib/thumb/interwork\libc.a(strlen.o)
                              asctecCommIntfOnboard.o (strlen)
c:/asctec_arm_sdk/winarm/bin/../lib/gcc/arm-elf/4.1.1/../../../../arm-elf/lib/thumb/interwork\libc.a(vfprintf.o)
                              c:/asctec_arm_sdk/winarm/bin/../lib/gcc/arm-elf/4.1.1/../../../../arm-elf/lib/thumb/interwork\libc.a(sprintf.o) (_vfprintf_r)
c:/asctec_arm_sdk/winarm/bin/../lib/gcc/arm-elf/4.1.1/../../../../arm-elf/lib/thumb/interwork\libc.a(wcrtomb.o)
                              c:/asctec_arm_sdk/winarm/bin/../lib/gcc/arm-elf/4.1.1/../../../../arm-elf/lib/thumb/interwork\libc.a(vfprintf.o) (_wcrtomb_r)
c:/asctec_arm_sdk/winarm/bin/../lib/gcc/arm-elf/4.1.1/../../../../arm-elf/lib/thumb/interwork\libc.a(wcsrtombs.o)
                              c:/asctec_arm_sdk/winarm/bin/../lib/gcc/arm-elf/4.1.1/../../../../arm-elf/lib/thumb/interwork\libc.a(vfprintf.o) (_wcsrtombs_r)
c:/asctec_arm_sdk/winarm/bin/../lib/gcc/arm-elf/4.1.1/../../../../arm-elf/lib/thumb/interwork\libc.a(wctomb_r.o)
                              c:/asctec_arm_sdk/winarm/bin/../lib/gcc/arm-elf/4.1.1/../../../../arm-elf/lib/thumb/interwork\libc.a(wcrtomb.o) (_wctomb_r)
c:/asctec_arm_sdk/winarm/bin/../lib/gcc/arm-elf/4.1.1/../../../../arm-elf/lib/thumb/interwork\libc.a(wsetup.o)
                              c:/asctec_arm_sdk/winarm/bin/../lib/gcc/arm-elf/4.1.1/../../../../arm-elf/lib/thumb/interwork\libc.a(vfprintf.o) (__swsetup)
c:/asctec_arm_sdk/winarm/bin/../lib/gcc/arm-elf/4.1.1/../../../../arm-elf/lib/thumb/interwork\libc.a(dtoa.o)
                              c:/asctec_arm_sdk/winarm/bin/../lib/gcc/arm-elf/4.1.1/../../../../arm-elf/lib/thumb/interwork\libc.a(vfprintf.o) (_dtoa_r)
c:/asctec_arm_sdk/winarm/bin/../lib/gcc/arm-elf/4.1.1/../../../../arm-elf/lib/thumb/interwork\libc.a(fflush.o)
                              c:/asctec_arm_sdk/winarm/bin/../lib/gcc/arm-elf/4.1.1/../../../../arm-elf/lib/thumb/interwork\libc.a(vfprintf.o) (fflush)
c:/asctec_arm_sdk/winarm/bin/../lib/gcc/arm-elf/4.1.1/../../../../arm-elf/lib/thumb/interwork\libc.a(findfp.o)
                              c:/asctec_arm_sdk/winarm/bin/../lib/gcc/arm-elf/4.1.1/../../../../arm-elf/lib/thumb/interwork\libc.a(vfprintf.o) (__sinit)
c:/asctec_arm_sdk/winarm/bin/../lib/gcc/arm-elf/4.1.1/../../../../arm-elf/lib/thumb/interwork\libc.a(freer.o)
                              c:/asctec_arm_sdk/winarm/bin/../lib/gcc/arm-elf/4.1.1/../../../../arm-elf/lib/thumb/interwork\libc.a(vfprintf.o) (_free_r)
c:/asctec_arm_sdk/winarm/bin/../lib/gcc/arm-elf/4.1.1/../../../../arm-elf/lib/thumb/interwork\libc.a(fvwrite.o)
                              c:/asctec_arm_sdk/winarm/bin/../lib/gcc/arm-elf/4.1.1/../../../../arm-elf/lib/thumb/interwork\libc.a(vfprintf.o) (__sfvwrite)
c:/asctec_arm_sdk/winarm/bin/../lib/gcc/arm-elf/4.1.1/../../../../arm-elf/lib/thumb/interwork\libc.a(fwalk.o)
                              c:/asctec_arm_sdk/winarm/bin/../lib/gcc/arm-elf/4.1.1/../../../../arm-elf/lib/thumb/interwork\libc.a(fflush.o) (_fwalk)
c:/asctec_arm_sdk/winarm/bin/../lib/gcc/arm-elf/4.1.1/../../../../arm-elf/lib/thumb/interwork\libc.a(impure.o)
                              c:/asctec_arm_sdk/winarm/bin/../lib/gcc/arm-elf/4.1.1/../../../../arm-elf/lib/thumb/interwork\libc.a(sprintf.o) (_impure_ptr)
c:/asctec_arm_sdk/winarm/bin/../lib/gcc/arm-elf/4.1.1/../../../../arm-elf/lib/thumb/interwork\libc.a(locale.o)
                              c:/asctec_arm_sdk/winarm/bin/../lib/gcc/arm-elf/4.1.1/../../../../arm-elf/lib/thumb/interwork\libc.a(vfprintf.o) (localeconv)
c:/asctec_arm_sdk/winarm/bin/../lib/gcc/arm-elf/4.1.1/../../../../arm-elf/lib/thumb/interwork\libc.a(makebuf.o)
                              c:/asctec_arm_sdk/winarm/bin/../lib/gcc/arm-elf/4.1.1/../../../../arm-elf/lib/thumb/interwork\libc.a(wsetup.o) (__smakebuf)
c:/asctec_arm_sdk/winarm/bin/../lib/gcc/arm-elf/4.1.1/../../../../arm-elf/lib/thumb/interwork\libc.a(mallocr.o)
                              c:/asctec_arm_sdk/winarm/bin/../lib/gcc/arm-elf/4.1.1/../../../../arm-elf/lib/thumb/interwork\libc.a(vfprintf.o) (_malloc_r)
c:/asctec_arm_sdk/winarm/bin/../lib/gcc/arm-elf/4.1.1/../../../../arm-elf/lib/thumb/interwork\libc.a(memchr.o)
                              c:/asctec_arm_sdk/winarm/bin/../lib/gcc/arm-elf/4.1.1/../../../../arm-elf/lib/thumb/interwork\libc.a(vfprintf.o) (memchr)
[...]
Memory Configuration

Name             Origin             Length             Attributes
ROM              0x00000000         0x00080000         xr
RAM              0x40000000         0x00008000         rw
*default*        0x00000000         0xffffffff

Linker script and memory map

LOAD Common_WinARM/src/Startup.o
LOAD Common_WinARM/src/swi_handler.o
LOAD LL_HL_comm.o
LOAD mymath.o
LOAD gpsmath.o
LOAD sdk.o
LOAD sdk_telemetry.o
LOAD buzzer.o
LOAD lpc_aci_eeprom.o
LOAD asctecCommIntfOnboard.o
LOAD buildInfoSetup.o
LOAD main.o
LOAD hardware.o
LOAD system.o
LOAD uart.o
LOAD syscalls.o
LOAD i2c.o
LOAD i2c1.o
LOAD Common_WinARM/src/irq.o
LOAD adc.o
LOAD ssp.o
LOAD pelican_ptu.o
LOAD jetiTelemetry.o
LOAD LPC2k_ee.o
LOAD lab.o
LOAD c:/asctec_arm_sdk/winarm/bin/../lib/gcc/arm-elf/4.1.1/../../../../arm-elf/lib/thumb/interwork\libc.a
LOAD c:/asctec_arm_sdk/winarm/bin/../lib/gcc/arm-elf/4.1.1/../../../../arm-elf/lib/thumb/interwork\libc.a
LOAD c:/asctec_arm_sdk/winarm/bin/../lib/gcc/arm-elf/4.1.1/thumb/interwork\libgcc.a
LOAD ./\libdeclination.a
LOAD ./\libublox.a
LOAD c:/asctec_arm_sdk/winarm/bin/../lib/gcc/arm-elf/4.1.1/../../../../arm-elf/lib/thumb/interwork\libm.a
START GROUP
LOAD c:/asctec_arm_sdk/winarm/bin/../lib/gcc/arm-elf/4.1.1/thumb/interwork\libgcc.a
LOAD c:/asctec_arm_sdk/winarm/bin/../lib/gcc/arm-elf/4.1.1/../../../../arm-elf/lib/thumb/interwork\libg.a
LOAD c:/asctec_arm_sdk/winarm/bin/../lib/gcc/arm-elf/4.1.1/../../../../arm-elf/lib/thumb/interwork\libc.a
END GROUP

.text           0x00000000    0x19794
 *(.vectorg)
 .vectorg       0x00000000       0x98 Common_WinARM/src/Startup.o
                0x00000050                __IRQ_Wrapper
 .vectorg       0x00000098       0xd0 Common_WinARM/src/swi_handler.o
                0x00000098                SoftwareInterrupt
                0x00000168                . = ALIGN (0x4)
 *(.init)
 .init          0x00000168      0x168 Common_WinARM/src/Startup.o
                0x00000294                __exit_THUMB
                0x00000168                __startup
                0x00000290                __exit_ARM
 *(.text .text.*)
 .text          0x000002d0        0x0 Common_WinARM/src/Startup.o
 .text          0x000002d0       0x38 Common_WinARM/src/swi_handler.o
                0x000002e0                IntGetCPSR
                0x00000300                FiqDisable
                0x000002d0                IntRestore
                0x000002f0                IntDisable
                0x000002d8                FiqRestore
                0x000002e8                IntEnable
                0x000002f8                FiqEnable
 .text          0x00000308     0x12fc LL_HL_comm.o
                0x00000dbc                SSP_data_distribution_HL
                0x00000308                LL_write_ctrl_data
                0x00000424                HL2LL_write_cycle
                0x0000112c                SSP_rx_handler_HL
 .text          0x00001604       0x64 mymath.o
                0x00001610                fast_sqrt
                0x00001604                fast_abs
 .text          0x00001668      0x104 gpsmath.o
                0x00001668                xy2latlon
 .text          0x0000176c      0xdb8 sdk.o
                0x00001bcc                SDK_EXAMPLE_attitude_commands
                0x00001b20                SDK_EXAMPLE_direct_motor_commands_with_standard_output_mapping
                0x000023c8                SDK_mainloop
                0x0000176c                SPI0Handler
                0x00001a1c                SDK_SetEmergencyMode
                0x00001a58                SDK_EXAMPLE_direct_individual_motor_commands
                0x00001c90                SDK_EXAMPLE_turn_motors_off
                0x00001a08                SDK_init
                0x00001c00                SDK_EXAMPLE_turn_motors_on
                0x00001d20                SDK_EXAMPLE_gps_waypoint_control
 .text          0x00002524      0x7ec sdk_telemetry.o
                0x00002524                SDK_jetiAscTecExampleUpdateDisplay
                0x000028b8                SDK_jetiAscTecExampleKeyChange
                0x00002684                SDK_jetiAscTecExampleInit
                0x00002a54                SDK_jetiAscTecExampleRun
 .text          0x00002d10      0x5e4 buzzer.o
                0x00002d38                buzzer_handler
                0x00002d10                buzzer
 .text          0x000032f4      0x3a0 lpc_aci_eeprom.o
                0x000034a0                lpc_aci_ReadParafromFlash
                0x00003360                lpc_aci_SavePara
                0x00003648                lpc_aci_init
                0x000032f4                lpc_aci_WriteParatoFlash
 .text          0x00003694     0x2b5c asctecCommIntfOnboard.o
                0x000037ec                aciTxRingBufferReset
                0x00004750                aciSyncVar
                0x00004028                aciSendVar
                0x00003c80                aciPublishVariableInt
                0x00003928                aciPublishParameterInt
                0x00005c00                aciReceiveHandler
                0x00003e3c                aciSetSaveParaCallback
                0x00005de0                aciSingleSend
                0x00003e2c                aciSetReadParafromFlashCallback
                0x000045c0                aciSyncCmd
                0x00003864                aciTxRingBufferGetNextByte
                0x00003f50                aciTxSendPacket
                0x000047f4                aciRxHandleMessage
                0x00003e5c                aciTxRingBufferAddData
                0x00003694                aciInit
                0x00006070                aciEngine
                0x000038e8                aciUpdateCrc16
                0x00003ad4                aciPublishCommandInt
                0x000037dc                aciSetStartTxCallback
                0x0000380c                aciTxRingBufferGetFreeSpace
                0x00003e4c                aciSetWriteParatoFlashCallback
                0x00005f80                aciSendSingleWithAck
                0x00004430                aciSyncPar
                0x000038bc                aciCrcUpdate
                0x0000384c                aciTxRingBufferByteAvailable
 .text          0x000061f0      0x1bc buildInfoSetup.o
                0x000061f0                generateBuildInfo
 .text          0x000063ac      0x9fc main.o
                0x000063ac                timer0ISR
                0x0000681c                mainloop
                0x00006494                main
                0x00006c28                ACISDK
 .text          0x00006da8       0x8c hardware.o
                0x00006da8                LED
 .text          0x00006e34      0x5b8 system.o
                0x0000703c                init_timer0
                0x000071d0                init_spi1
                0x000070e4                PWM_Init
                0x00006f94                init_ports
                0x00006e34                init
                0x00007198                init_spi
                0x00006ebc                init_interrupts
                0x000073a4                delay
                0x000072ec                processorClockFrequency
                0x000072ac                pll_feed
                0x0000726c                pll_init
                0x0000730c                peripheralClockFrequency
 .text          0x000073ec      0xeb4 uart.o
                0x000078b8                UARTWriteChar
                0x0000780c                UART1Initialize
                0x00007b7c                UART_send_ringbuffer
                0x000079e8                __putchar
                0x00007958                UARTReadChar
                0x000079a0                UART1ReadChar
                0x000073ec                uart1ISR
                0x00007a2c                UART_send
                0x00007e34                crc16
                0x00007d44                crc_update
                0x000080b4                ringbuffer1
                0x000074bc                uart0ISR
                0x00007c4c                UART_SendPacket
                0x00007ec8                ringbuffer
                0x00007760                UARTInitialize
                0x00007908                UART1WriteChar
                0x00007be4                UART1_send_ringbuffer
                0x00007ae8                UART1_send
 .text          0x000082a0      0x2b4 syscalls.o
                0x00008448                _lseek_r
                0x0000847c                _fstat_r
                0x000084b8                isatty
                0x000084e0                _sbrk_r
                0x000082a0                _read_r
                0x0000841c                _close_r
                0x00008380                _write_r
 .text          0x00008554      0x750 i2c.o
                0x000089f0                I2C0_send_motordata
                0x00008c14                I2CEngine
                0x00008554                I2C0MasterHandler
                0x00008a9c                I2CStart
                0x00008b30                I2CStop
                0x00008b8c                I2CInit
 .text          0x00008ca4     0x1048 i2c1.o
                0x00008f98                fireFlyLedHandler
                0x00008ca4                I2C1MasterHandler
                0x00009ad4                I2C1_setRGBLed
                0x00009cc0                I2C1State
                0x00009c4c                I2C1Engine
                0x00009bd8                I2C1Init
 .text          0x00009cec      0x2d8 Common_WinARM/src/irq.o
                0x00009dd8                install_irq
                0x00009ecc                uninstall_irq
                0x00009d14                init_VIC
 .text          0x00009fc4      0x3ec adc.o
                0x0000a2d4                ADC0getSamplingResults
                0x00009fc4                ADCInit
                0x0000a188                ADC1Read
                0x0000a04c                ADC0Read
                0x0000a290                ADC0triggerSampling
 .text          0x0000a3b0      0x420 ssp.o
                0x0000a5c8                LL_write
                0x0000a588                LL_write_init
                0x0000a3b0                SSPHandler
 .text          0x0000a7d0      0x928 pelican_ptu.o
                0x0000a7d0                PTU_init
                0x0000acd4                SERVO_roll_move
                0x0000adb4                PTU_update_middle_positions_by_stick
                0x0000a8f0                PTU_update
                0x0000abec                SERVO_pitch_move
 .text          0x0000b0f8     0x1090 jetiTelemetry.o
                0x0000bc3c                jetiSetValueDate
                0x0000b240                jetiSetDeviceName
                0x0000b78c                jetiSetValue6B
                0x0000b4a4                jetiSetValue30B
                0x0000b614                jetiSetValue22B
                0x0000b380                jetiDeactivateValue
                0x0000ba74                jetiSetValueTime
                0x0000be30                jetiSetTextDisplay
                0x0000b19c                jetiSetAlarm
                0x0000b8fc                jetiSetValue14B
                0x0000b3fc                jetiSetDecimalPoint
                0x0000b13c                jetiCheckForKeyChange
                0x0000b0f8                jetiSetKeyChanged
                0x0000b2f8                jetiActivateValue
                0x0000bf7c                jetiInitValue
 .text          0x0000c188      0x69c LPC2k_ee.o
                0x0000c79c                enter_isp
                0x0000c188                ee_erase
                0x0000c4e8                ee_read
                0x0000c2c4                ee_write
                0x0000c5e0                ee_count
                0x0000c578                ee_readn
                0x0000c654                ee_locate
 .text          0x0000c824       0x18 lab.o
                0x0000c824                lab
 .text          0x0000c83c       0x20 c:/asctec_arm_sdk/winarm/bin/../lib/gcc/arm-elf/4.1.1/../../../../arm-elf/lib/thumb/interwork\libc.a(memcpy.o)
                0x0000c83c                memcpy
 .text          0x0000c85c       0x84 c:/asctec_arm_sdk/winarm/bin/../lib/gcc/arm-elf/4.1.1/../../../../arm-elf/lib/thumb/interwork\libc.a(sprintf.o)
                0x0000c8a0                _sprintf_r
                0x0000c85c                sprintf
 .text          0x0000c8e0       0x10 c:/asctec_arm_sdk/winarm/bin/../lib/gcc/arm-elf/4.1.1/../../../../arm-elf/lib/thumb/interwork\libc.a(strcpy.o)
                0x0000c8e0                strcpy
 .text          0x0000c8f0       0x10 c:/asctec_arm_sdk/winarm/bin/../lib/gcc/arm-elf/4.1.1/../../../../arm-elf/lib/thumb/interwork\libc.a(strlen.o)
                0x0000c8f0                strlen
 .text          0x0000c900     0x1460 c:/asctec_arm_sdk/winarm/bin/../lib/gcc/arm-elf/4.1.1/../../../../arm-elf/lib/thumb/interwork\libc.a(vfprintf.o)
                0x0000c920                _vfprintf_r
                0x0000dd40                vfprintf
 .text          0x0000dd60       0x50 c:/asctec_arm_sdk/winarm/bin/../lib/gcc/arm-elf/4.1.1/../../../../arm-elf/lib/thumb/interwork\libc.a(wcrtomb.o)
                0x0000dd60                _wcrtomb_r
                0x0000dd90                wcrtomb
 .text          0x0000ddb0       0xd8 c:/asctec_arm_sdk/winarm/bin/../lib/gcc/arm-elf/4.1.1/../../../../arm-elf/lib/thumb/interwork\libc.a(wcsrtombs.o)
                0x0000ddb0                _wcsrtombs_r
                0x0000de60                wcsrtombs
 .text          0x0000de88      0x2b0 c:/asctec_arm_sdk/winarm/bin/../lib/gcc/arm-elf/4.1.1/../../../../arm-elf/lib/thumb/interwork\libc.a(wctomb_r.o)
                0x0000de88                _wctomb_r
 .text          0x0000e138       0x94 c:/asctec_arm_sdk/winarm/bin/../lib/gcc/arm-elf/4.1.1/../../../../arm-elf/lib/thumb/interwork\libc.a(wsetup.o)
                0x0000e138                __swsetup
 .text          0x0000e1cc      0xd30 c:/asctec_arm_sdk/winarm/bin/../lib/gcc/arm-elf/4.1.1/../../../../arm-elf/lib/thumb/interwork\libc.a(dtoa.o)
                0x0000e300                _dtoa_r
 .text          0x0000eefc       0x88 c:/asctec_arm_sdk/winarm/bin/../lib/gcc/arm-elf/4.1.1/../../../../arm-elf/lib/thumb/interwork\libc.a(fflush.o)
                0x0000eefc                fflush
 .text          0x0000ef84      0x1b0 c:/asctec_arm_sdk/winarm/bin/../lib/gcc/arm-elf/4.1.1/../../../../arm-elf/lib/thumb/interwork\libc.a(findfp.o)
                0x0000efbc                __sinit
                0x0000f054                __sfmoreglue
                0x0000f040                _cleanup
                0x0000f030                _cleanup_r
                0x0000f0a4                __fp_lock_all
                0x0000f018                __sfp_lock_acquire
                0x0000f0bc                __sfp
                0x0000f024                __sinit_lock_release
                0x0000f08c                __fp_unlock_all
                0x0000f01c                __sfp_lock_release
                0x0000f020                __sinit_lock_acquire
 .text          0x0000f134      0x248 c:/asctec_arm_sdk/winarm/bin/../lib/gcc/arm-elf/4.1.1/../../../../arm-elf/lib/thumb/interwork\libc.a(freer.o)
                0x0000f1d4                _free_r
                0x0000f134                _malloc_trim_r
 .text          0x0000f37c      0x25c c:/asctec_arm_sdk/winarm/bin/../lib/gcc/arm-elf/4.1.1/../../../../arm-elf/lib/thumb/interwork\libc.a(fvwrite.o)
                0x0000f37c                __sfvwrite
 .text          0x0000f5d8       0xb4 c:/asctec_arm_sdk/winarm/bin/../lib/gcc/arm-elf/4.1.1/../../../../arm-elf/lib/thumb/interwork\libc.a(fwalk.o)
                0x0000f634                _fwalk
                0x0000f5d8                _fwalk_reent
 .text          0x0000f68c        0x0 c:/asctec_arm_sdk/winarm/bin/../lib/gcc/arm-elf/4.1.1/../../../../arm-elf/lib/thumb/interwork\libc.a(impure.o)
 .text          0x0000f68c       0x78 c:/asctec_arm_sdk/winarm/bin/../lib/gcc/arm-elf/4.1.1/../../../../arm-elf/lib/thumb/interwork\libc.a(locale.o)
                0x0000f6a0                _setlocale_r
                0x0000f68c                __locale_charset
                0x0000f698                _localeconv_r
                0x0000f6e0                setlocale
                0x0000f6fc                localeconv
 .text          0x0000f704       0xd8 c:/asctec_arm_sdk/winarm/bin/../lib/gcc/arm-elf/4.1.1/../../../../arm-elf/lib/thumb/interwork\libc.a(makebuf.o)
                0x0000f704                __smakebuf
 .text          0x0000f7dc      0x4ac c:/asctec_arm_sdk/winarm/bin/../lib/gcc/arm-elf/4.1.1/../../../../arm-elf/lib/thumb/interwork\libc.a(mallocr.o)
                0x0000f7dc                _malloc_r
 .text          0x0000fc88       0x18 c:/asctec_arm_sdk/winarm/bin/../lib/gcc/arm-elf/4.1.1/../../../../arm-elf/lib/thumb/interwork\libc.a(memchr.o)
                0x0000fc88                memchr
 .text          0x0000fca0       0x38 c:/asctec_arm_sdk/winarm/bin/../lib/gcc/arm-elf/4.1.1/../../../../arm-elf/lib/thumb/interwork\libc.a(memmove.o)
                0x0000fca0                memmove
 .text          0x0000fcd8       0x10 c:/asctec_arm_sdk/winarm/bin/../lib/gcc/arm-elf/4.1.1/../../../../arm-elf/lib/thumb/interwork\libc.a(memset.o)
                0x0000fcd8                memset
 .text          0x0000fce8        0x8 c:/asctec_arm_sdk/winarm/bin/../lib/gcc/arm-elf/4.1.1/../../../../arm-elf/lib/thumb/interwork\libc.a(mlock.o)
                0x0000fcec                __malloc_unlock
                0x0000fce8                __malloc_lock
 .text          0x0000fcf0      0x834 c:/asctec_arm_sdk/winarm/bin/../lib/gcc/arm-elf/4.1.1/../../../../arm-elf/lib/thumb/interwork\libc.a(mprec.o)
                0x0000ff60                _mprec_log10
                0x0000fd08                _hi0bits
                0x0000ffa4                _Balloc
                0x00010000                _d2b
                0x00010244                _multiply
                0x0000ff0c                _ratio
                0x000104a0                _s2b
                0x00010370                _i2b
                0x0000fd50                _lo0bits
                0x0000fdbc                __mcmp
                0x00010414                _pow5mult
                0x0000fdfc                _ulp
                0x0000fe4c                _b2d
                0x00010388                _multadd
                0x000100d4                __mdiff
                0x000101b4                _lshift
                0x0000fcf0                _Bfree
 .text          0x00010524      0x308 c:/asctec_arm_sdk/winarm/bin/../lib/gcc/arm-elf/4.1.1/../../../../arm-elf/lib/thumb/interwork\libc.a(reallocr.o)
                0x00010524                _realloc_r
 .text          0x0001082c       0x2c c:/asctec_arm_sdk/winarm/bin/../lib/gcc/arm-elf/4.1.1/../../../../arm-elf/lib/thumb/interwork\libc.a(s_isinf.o)
                0x0001082c                isinf
 .text          0x00010858       0x24 c:/asctec_arm_sdk/winarm/bin/../lib/gcc/arm-elf/4.1.1/../../../../arm-elf/lib/thumb/interwork\libc.a(s_isnan.o)
                0x00010858                isnan
 .text          0x0001087c       0xd0 c:/asctec_arm_sdk/winarm/bin/../lib/gcc/arm-elf/4.1.1/../../../../arm-elf/lib/thumb/interwork\libc.a(stdio.o)
                0x00010894                __sseek
                0x00010914                __sread
                0x0001087c                __sclose
                0x000108d0                __swrite
 .text          0x0001094c       0x18 c:/asctec_arm_sdk/winarm/bin/../lib/gcc/arm-elf/4.1.1/../../../../arm-elf/lib/thumb/interwork\libc.a(strcmp.o)
                0x0001094c                strcmp
 .text          0x00010964       0x5c c:/asctec_arm_sdk/winarm/bin/../lib/gcc/arm-elf/4.1.1/../../../../arm-elf/lib/thumb/interwork\libc.a(callocr.o)
                0x00010964                _calloc_r
 .text          0x000109c0       0xb8 c:/asctec_arm_sdk/winarm/bin/../lib/gcc/arm-elf/4.1.1/../../../../arm-elf/lib/thumb/interwork\libc.a(fclose.o)
                0x000109c0                _fclose_r
                0x00010a60                fclose
 .text          0x00010a78       0x8c c:/asctec_arm_sdk/winarm/bin/../lib/gcc/arm-elf/4.1.1/thumb/interwork\libgcc.a(_udivsi3.o)
                0x00010a78                __udivsi3
                0x00010a78                __aeabi_uidiv
                0x00010af4                __aeabi_uidivmod
 .text          0x00010b04       0xa4 c:/asctec_arm_sdk/winarm/bin/../lib/gcc/arm-elf/4.1.1/thumb/interwork\libgcc.a(_divsi3.o)
                0x00010b04                __aeabi_idiv
                0x00010b04                __divsi3
                0x00010b98                __aeabi_idivmod
 .text          0x00010ba8       0xc8 c:/asctec_arm_sdk/winarm/bin/../lib/gcc/arm-elf/4.1.1/thumb/interwork\libgcc.a(_umodsi3.o)
                0x00010ba8                __umodsi3
 .text          0x00010c70       0xd8 c:/asctec_arm_sdk/winarm/bin/../lib/gcc/arm-elf/4.1.1/thumb/interwork\libgcc.a(_modsi3.o)
                0x00010c70                __modsi3
 .text          0x00010d48        0x4 c:/asctec_arm_sdk/winarm/bin/../lib/gcc/arm-elf/4.1.1/thumb/interwork\libgcc.a(_dvmd_tls.o)
                0x00010d48                __aeabi_ldiv0
                0x00010d48                __div0
                0x00010d48                __aeabi_idiv0
 .text          0x00010d4c      0x430 c:/asctec_arm_sdk/winarm/bin/../lib/gcc/arm-elf/4.1.1/thumb/interwork\libgcc.a(_addsubdf3.o)
                0x00011110                __floatdidf
                0x00011090                __floatsidf
                0x00011068                __aeabi_ui2d
                0x00010d4c                __aeabi_drsub
                0x000110bc                __extendsfdf2
                0x00010d58                __adddf3
                0x00011068                __floatunsidf
                0x00010d58                __aeabi_dadd
                0x000110fc                __aeabi_ul2d
                0x00010d54                __aeabi_dsub
                0x000110fc                __floatundidf
                0x00011090                __aeabi_i2d
                0x00011110                __aeabi_l2d
                0x000110bc                __aeabi_f2d
                0x00010d54                __subdf3
 .text          0x0001117c      0x49c c:/asctec_arm_sdk/winarm/bin/../lib/gcc/arm-elf/4.1.1/thumb/interwork\libgcc.a(_muldivdf3.o)
                0x0001140c                __aeabi_ddiv
                0x0001117c                __aeabi_dmul
                0x0001140c                __divdf3
                0x0001117c                __muldf3
 .text          0x00011618      0x140 c:/asctec_arm_sdk/winarm/bin/../lib/gcc/arm-elf/4.1.1/thumb/interwork\libgcc.a(_cmpdf2.o)
                0x00011710                __aeabi_dcmple
                0x00011628                __cmpdf2
                0x00011628                __eqdf2
                0x00011618                __gtdf2
                0x000116c8                __aeabi_cdcmple
                0x000116ac                __aeabi_cdrcmple
                0x00011620                __ltdf2
                0x000116f8                __aeabi_dcmplt
                0x00011620                __ledf2
                0x00011740                __aeabi_dcmpgt
                0x00011728                __aeabi_dcmpge
                0x00011628                __nedf2
                0x000116e0                __aeabi_dcmpeq
                0x000116c8                __aeabi_cdcmpeq
                0x00011618                __gedf2
 .text          0x00011758       0x5c c:/asctec_arm_sdk/winarm/bin/../lib/gcc/arm-elf/4.1.1/thumb/interwork\libgcc.a(_fixdfsi.o)
                0x00011758                __fixdfsi
                0x00011758                __aeabi_d2iz
 .text          0x000117b4     0x3250 ./\libdeclination.a(declination.o)
                0x00014260                geomg1
                0x000142d0                getDeclination
                0x000141f8                geomag
 .text          0x00014a04     0x1e88 ./\libublox.a(ublox.o)
                0x0001552c                uBloxReceiveHandler
                0x00014c1c                pollMessageRate
                0x00015bf0                uBloxReceiveEngine
                0x00014d74                uBloxHandleMessage
                0x00014cd8                uBloxResetConfiguration
                0x00014c74                setMessageRate
                0x00014a04                uBloxSendMessage
 .text          0x0001688c       0xa8 c:/asctec_arm_sdk/winarm/bin/../lib/gcc/arm-elf/4.1.1/../../../../arm-elf/lib/thumb/interwork\libm.a(s_cos.o)
                0x0001688c                cos
 .text          0x00016934       0xac c:/asctec_arm_sdk/winarm/bin/../lib/gcc/arm-elf/4.1.1/../../../../arm-elf/lib/thumb/interwork\libm.a(s_sin.o)
                0x00016934                sin
 .text          0x000169e0       0xc0 c:/asctec_arm_sdk/winarm/bin/../lib/gcc/arm-elf/4.1.1/../../../../arm-elf/lib/thumb/interwork\libm.a(w_atan2.o)
                0x000169e0                atan2
 .text          0x00016aa0       0xb8 c:/asctec_arm_sdk/winarm/bin/../lib/gcc/arm-elf/4.1.1/../../../../arm-elf/lib/thumb/interwork\libm.a(w_sqrt.o)
                0x00016aa0                sqrt
 .text          0x00016b58      0x20c c:/asctec_arm_sdk/winarm/bin/../lib/gcc/arm-elf/4.1.1/../../../../arm-elf/lib/thumb/interwork\libm.a(e_atan2.o)
                0x00016b58                __ieee754_atan2
 .text          0x00016d64      0x420 c:/asctec_arm_sdk/winarm/bin/../lib/gcc/arm-elf/4.1.1/../../../../arm-elf/lib/thumb/interwork\libm.a(e_rem_pio2.o)
                0x00016d64                __ieee754_rem_pio2
 .text          0x00017184      0x1a0 c:/asctec_arm_sdk/winarm/bin/../lib/gcc/arm-elf/4.1.1/../../../../arm-elf/lib/thumb/interwork\libm.a(e_sqrt.o)
                0x00017184                __ieee754_sqrt
 .text          0x00017324      0x264 c:/asctec_arm_sdk/winarm/bin/../lib/gcc/arm-elf/4.1.1/../../../../arm-elf/lib/thumb/interwork\libm.a(k_cos.o)
                0x00017324                __kernel_cos
 .text          0x00017588      0x744 c:/asctec_arm_sdk/winarm/bin/../lib/gcc/arm-elf/4.1.1/../../../../arm-elf/lib/thumb/interwork\libm.a(k_rem_pio2.o)
                0x00017588                __kernel_rem_pio2
 .text          0x00017ccc      0x178 c:/asctec_arm_sdk/winarm/bin/../lib/gcc/arm-elf/4.1.1/../../../../arm-elf/lib/thumb/interwork\libm.a(k_sin.o)
                0x00017ccc                __kernel_sin
 .text          0x00017e44      0x35c c:/asctec_arm_sdk/winarm/bin/../lib/gcc/arm-elf/4.1.1/../../../../arm-elf/lib/thumb/interwork\libm.a(s_atan.o)
                0x00017e44                atan
 .text          0x000181a0       0x18 c:/asctec_arm_sdk/winarm/bin/../lib/gcc/arm-elf/4.1.1/../../../../arm-elf/lib/thumb/interwork\libm.a(s_fabs.o)
                0x000181a0                fabs
 .text          0x000181b8      0x12c c:/asctec_arm_sdk/winarm/bin/../lib/gcc/arm-elf/4.1.1/../../../../arm-elf/lib/thumb/interwork\libm.a(s_floor.o)
                0x000181b8                floor
 .text          0x000182e4        0x0 c:/asctec_arm_sdk/winarm/bin/../lib/gcc/arm-elf/4.1.1/../../../../arm-elf/lib/thumb/interwork\libm.a(s_lib_ver.o)
 .text          0x000182e4        0x4 c:/asctec_arm_sdk/winarm/bin/../lib/gcc/arm-elf/4.1.1/../../../../arm-elf/lib/thumb/interwork\libm.a(s_matherr.o)
                0x000182e4                matherr
 .text          0x000182e8      0x110 c:/asctec_arm_sdk/winarm/bin/../lib/gcc/arm-elf/4.1.1/../../../../arm-elf/lib/thumb/interwork\libm.a(s_scalbn.o)
                0x000182e8                scalbn
 .text          0x000183f8       0x24 c:/asctec_arm_sdk/winarm/bin/../lib/gcc/arm-elf/4.1.1/../../../../arm-elf/lib/thumb/interwork\libm.a(s_copysign.o)
                0x000183f8                copysign
 .text          0x0001841c       0xa0 c:/asctec_arm_sdk/winarm/bin/../lib/gcc/arm-elf/4.1.1/thumb/interwork\libgcc.a(_truncdfsf2.o)
                0x0001841c                __aeabi_d2f
                0x0001841c                __truncdfsf2
 .text          0x000184bc      0x2ac c:/asctec_arm_sdk/winarm/bin/../lib/gcc/arm-elf/4.1.1/thumb/interwork\libgcc.a(_addsubsf3.o)
                0x000184c8                __aeabi_fadd
                0x000184c4                __subsf3
                0x0001868c                __aeabi_i2f
                0x000184c4                __aeabi_fsub
                0x000186bc                __floatdisf
                0x0001868c                __floatsisf
                0x000186ac                __floatundisf
                0x00018684                __aeabi_ui2f
                0x000186bc                __aeabi_l2f
                0x000186ac                __aeabi_ul2f
                0x000184bc                __aeabi_frsub
                0x00018684                __floatunsisf
                0x000184c8                __addsf3
 .text          0x00018768      0x2f8 c:/asctec_arm_sdk/winarm/bin/../lib/gcc/arm-elf/4.1.1/thumb/interwork\libgcc.a(_muldivsf3.o)
                0x00018900                __divsf3
                0x00018900                __aeabi_fdiv
                0x00018768                __mulsf3
                0x00018768                __aeabi_fmul
 .text          0x00018a60      0x110 c:/asctec_arm_sdk/winarm/bin/../lib/gcc/arm-elf/4.1.1/thumb/interwork\libgcc.a(_cmpsf2.o)
                0x00018b58                __aeabi_fcmpgt
                0x00018a68                __lesf2
                0x00018a70                __nesf2
                0x00018b40                __aeabi_fcmpge
                0x00018a60                __gtsf2
                0x00018b28                __aeabi_fcmple
                0x00018a70                __eqsf2
                0x00018a70                __cmpsf2
                0x00018a68                __ltsf2
                0x00018ae0                __aeabi_cfcmple
                0x00018a60                __gesf2
                0x00018af8                __aeabi_fcmpeq
                0x00018ad0                __aeabi_cfrcmple
                0x00018b10                __aeabi_fcmplt
                0x00018ae0                __aeabi_cfcmpeq
 .text          0x00018b70       0x5c c:/asctec_arm_sdk/winarm/bin/../lib/gcc/arm-elf/4.1.1/thumb/interwork\libgcc.a(_fixsfsi.o)
                0x00018b70                __fixsfsi
                0x00018b70                __aeabi_f2iz
 .text          0x00018bcc        0xc c:/asctec_arm_sdk/winarm/bin/../lib/gcc/arm-elf/4.1.1/../../../../arm-elf/lib/thumb/interwork\libg.a(errno.o)
                0x00018bcc                __errno
 *(.gnu.linkonce.t.*)
 *(.glue_7)
 .glue_7        0x00018bd8        0x0 Common_WinARM/src/Startup.o
 .glue_7        0x00018bd8        0x0 Common_WinARM/src/swi_handler.o
 .glue_7        0x00018bd8        0x0 LL_HL_comm.o
 .glue_7        0x00018bd8        0x0 mymath.o
 .glue_7        0x00018bd8        0x0 gpsmath.o
 .glue_7        0x00018bd8        0x0 sdk.o
 .glue_7        0x00018bd8        0x0 sdk_telemetry.o
 .glue_7        0x00018bd8        0x0 buzzer.o
 .glue_7        0x00018bd8        0x0 lpc_aci_eeprom.o
 .glue_7        0x00018bd8        0x0 asctecCommIntfOnboard.o
 .glue_7        0x00018bd8        0x0 buildInfoSetup.o
 .glue_7        0x00018bd8        0x0 main.o
 .glue_7        0x00018bd8        0x0 hardware.o
 .glue_7        0x00018bd8        0x0 system.o
 .glue_7        0x00018bd8        0x0 uart.o
 .glue_7        0x00018bd8        0x0 syscalls.o
 .glue_7        0x00018bd8        0x0 i2c.o
 .glue_7        0x00018bd8        0x0 i2c1.o
 .glue_7        0x00018bd8        0x0 Common_WinARM/src/irq.o
 .glue_7        0x00018bd8        0x0 adc.o
 .glue_7        0x00018bd8        0x0 ssp.o
 .glue_7        0x00018bd8        0x0 pelican_ptu.o
 .glue_7        0x00018bd8        0x0 jetiTelemetry.o
 .glue_7        0x00018bd8        0x0 LPC2k_ee.o
 .glue_7        0x00018bd8        0x0 lab.o
 .glue_7        0x00018bd8        0x0 c:/asctec_arm_sdk/winarm/bin/../lib/gcc/arm-elf/4.1.1/../../../../arm-elf/lib/thumb/interwork\libc.a(memcpy.o)
 .glue_7        0x00018bd8        0x0 c:/asctec_arm_sdk/winarm/bin/../lib/gcc/arm-elf/4.1.1/../../../../arm-elf/lib/thumb/interwork\libc.a(sprintf.o)
 .glue_7        0x00018bd8        0x0 c:/asctec_arm_sdk/winarm/bin/../lib/gcc/arm-elf/4.1.1/../../../../arm-elf/lib/thumb/interwork\libc.a(strcpy.o)
 .glue_7        0x00018bd8        0x0 c:/asctec_arm_sdk/winarm/bin/../lib/gcc/arm-elf/4.1.1/../../../../arm-elf/lib/thumb/interwork\libc.a(strlen.o)
 .glue_7        0x00018bd8        0x0 c:/asctec_arm_sdk/winarm/bin/../lib/gcc/arm-elf/4.1.1/../../../../arm-elf/lib/thumb/interwork\libc.a(vfprintf.o)
 .glue_7        0x00018bd8        0x0 c:/asctec_arm_sdk/winarm/bin/../lib/gcc/arm-elf/4.1.1/../../../../arm-elf/lib/thumb/interwork\libc.a(wcrtomb.o)
 .glue_7        0x00018bd8        0x0 c:/asctec_arm_sdk/winarm/bin/../lib/gcc/arm-elf/4.1.1/../../../../arm-elf/lib/thumb/interwork\libc.a(wcsrtombs.o)
 .glue_7        0x00018bd8        0x0 c:/asctec_arm_sdk/winarm/bin/../lib/gcc/arm-elf/4.1.1/../../../../arm-elf/lib/thumb/interwork\libc.a(wctomb_r.o)
 .glue_7        0x00018bd8        0x0 c:/asctec_arm_sdk/winarm/bin/../lib/gcc/arm-elf/4.1.1/../../../../arm-elf/lib/thumb/interwork\libc.a(wsetup.o)
 .glue_7        0x00018bd8        0x0 c:/asctec_arm_sdk/winarm/bin/../lib/gcc/arm-elf/4.1.1/../../../../arm-elf/lib/thumb/interwork\libc.a(dtoa.o)
 .glue_7        0x00018bd8        0x0 c:/asctec_arm_sdk/winarm/bin/../lib/gcc/arm-elf/4.1.1/../../../../arm-elf/lib/thumb/interwork\libc.a(fflush.o)
 .glue_7        0x00018bd8        0x0 c:/asctec_arm_sdk/winarm/bin/../lib/gcc/arm-elf/4.1.1/../../../../arm-elf/lib/thumb/interwork\libc.a(findfp.o)
 .glue_7        0x00018bd8        0x0 c:/asctec_arm_sdk/winarm/bin/../lib/gcc/arm-elf/4.1.1/../../../../arm-elf/lib/thumb/interwork\libc.a(freer.o)
 .glue_7        0x00018bd8        0x0 c:/asctec_arm_sdk/winarm/bin/../lib/gcc/arm-elf/4.1.1/../../../../arm-elf/lib/thumb/interwork\libc.a(fvwrite.o)
 .glue_7        0x00018bd8        0x0 c:/asctec_arm_sdk/winarm/bin/../lib/gcc/arm-elf/4.1.1/../../../../arm-elf/lib/thumb/interwork\libc.a(fwalk.o)
 .glue_7        0x00018bd8        0x0 c:/asctec_arm_sdk/winarm/bin/../lib/gcc/arm-elf/4.1.1/../../../../arm-elf/lib/thumb/interwork\libc.a(impure.o)
 .glue_7        0x00018bd8        0x0 c:/asctec_arm_sdk/winarm/bin/../lib/gcc/arm-elf/4.1.1/../../../../arm-elf/lib/thumb/interwork\libc.a(locale.o)
 .glue_7        0x00018bd8        0x0 c:/asctec_arm_sdk/winarm/bin/../lib/gcc/arm-elf/4.1.1/../../../../arm-elf/lib/thumb/interwork\libc.a(makebuf.o)
 .glue_7        0x00018bd8        0x0 c:/asctec_arm_sdk/winarm/bin/../lib/gcc/arm-elf/4.1.1/../../../../arm-elf/lib/thumb/interwork\libc.a(mallocr.o)
 .glue_7        0x00018bd8        0x0 c:/asctec_arm_sdk/winarm/bin/../lib/gcc/arm-elf/4.1.1/../../../../arm-elf/lib/thumb/interwork\libc.a(memchr.o)
 .glue_7        0x00018bd8        0x0 c:/asctec_arm_sdk/winarm/bin/../lib/gcc/arm-elf/4.1.1/../../../../arm-elf/lib/thumb/interwork\libc.a(memmove.o)
 .glue_7        0x00018bd8        0x0 c:/asctec_arm_sdk/winarm/bin/../lib/gcc/arm-elf/4.1.1/../../../../arm-elf/lib/thumb/interwork\libc.a(memset.o)
 .glue_7        0x00018bd8        0x0 c:/asctec_arm_sdk/winarm/bin/../lib/gcc/arm-elf/4.1.1/../../../../arm-elf/lib/thumb/interwork\libc.a(mlock.o)
 .glue_7        0x00018bd8        0x0 c:/asctec_arm_sdk/winarm/bin/../lib/gcc/arm-elf/4.1.1/../../../../arm-elf/lib/thumb/interwork\libc.a(mprec.o)
 .glue_7        0x00018bd8        0x0 c:/asctec_arm_sdk/winarm/bin/../lib/gcc/arm-elf/4.1.1/../../../../arm-elf/lib/thumb/interwork\libc.a(reallocr.o)
 .glue_7        0x00018bd8        0x0 c:/asctec_arm_sdk/winarm/bin/../lib/gcc/arm-elf/4.1.1/../../../../arm-elf/lib/thumb/interwork\libc.a(s_isinf.o)
 .glue_7        0x00018bd8        0x0 c:/asctec_arm_sdk/winarm/bin/../lib/gcc/arm-elf/4.1.1/../../../../arm-elf/lib/thumb/interwork\libc.a(s_isnan.o)
 .glue_7        0x00018bd8        0x0 c:/asctec_arm_sdk/winarm/bin/../lib/gcc/arm-elf/4.1.1/../../../../arm-elf/lib/thumb/interwork\libc.a(stdio.o)
 .glue_7        0x00018bd8        0x0 c:/asctec_arm_sdk/winarm/bin/../lib/gcc/arm-elf/4.1.1/../../../../arm-elf/lib/thumb/interwork\libc.a(strcmp.o)
 .glue_7        0x00018bd8        0x0 c:/asctec_arm_sdk/winarm/bin/../lib/gcc/arm-elf/4.1.1/../../../../arm-elf/lib/thumb/interwork\libc.a(callocr.o)
 .glue_7        0x00018bd8        0x0 c:/asctec_arm_sdk/winarm/bin/../lib/gcc/arm-elf/4.1.1/../../../../arm-elf/lib/thumb/interwork\libc.a(fclose.o)
 .glue_7        0x00018bd8        0x0 c:/asctec_arm_sdk/winarm/bin/../lib/gcc/arm-elf/4.1.1/thumb/interwork\libgcc.a(_udivsi3.o)
 .glue_7        0x00018bd8        0x0 c:/asctec_arm_sdk/winarm/bin/../lib/gcc/arm-elf/4.1.1/thumb/interwork\libgcc.a(_divsi3.o)
 .glue_7        0x00018bd8        0x0 c:/asctec_arm_sdk/winarm/bin/../lib/gcc/arm-elf/4.1.1/thumb/interwork\libgcc.a(_umodsi3.o)
 .glue_7        0x00018bd8        0x0 c:/asctec_arm_sdk/winarm/bin/../lib/gcc/arm-elf/4.1.1/thumb/interwork\libgcc.a(_modsi3.o)
 .glue_7        0x00018bd8        0x0 c:/asctec_arm_sdk/winarm/bin/../lib/gcc/arm-elf/4.1.1/thumb/interwork\libgcc.a(_dvmd_tls.o)
 .glue_7        0x00018bd8        0x0 c:/asctec_arm_sdk/winarm/bin/../lib/gcc/arm-elf/4.1.1/thumb/interwork\libgcc.a(_addsubdf3.o)
 .glue_7        0x00018bd8        0x0 c:/asctec_arm_sdk/winarm/bin/../lib/gcc/arm-elf/4.1.1/thumb/interwork\libgcc.a(_muldivdf3.o)
 .glue_7        0x00018bd8        0x0 c:/asctec_arm_sdk/winarm/bin/../lib/gcc/arm-elf/4.1.1/thumb/interwork\libgcc.a(_cmpdf2.o)
 .glue_7        0x00018bd8        0x0 c:/asctec_arm_sdk/winarm/bin/../lib/gcc/arm-elf/4.1.1/thumb/interwork\libgcc.a(_fixdfsi.o)
 .glue_7        0x00018bd8        0x0 ./\libdeclination.a(declination.o)
 .glue_7        0x00018bd8        0x0 ./\libublox.a(ublox.o)
 .glue_7        0x00018bd8        0x0 c:/asctec_arm_sdk/winarm/bin/../lib/gcc/arm-elf/4.1.1/../../../../arm-elf/lib/thumb/interwork\libm.a(s_cos.o)
 .glue_7        0x00018bd8        0x0 c:/asctec_arm_sdk/winarm/bin/../lib/gcc/arm-elf/4.1.1/../../../../arm-elf/lib/thumb/interwork\libm.a(s_sin.o)
 .glue_7        0x00018bd8        0x0 c:/asctec_arm_sdk/winarm/bin/../lib/gcc/arm-elf/4.1.1/../../../../arm-elf/lib/thumb/interwork\libm.a(w_atan2.o)
 .glue_7        0x00018bd8        0x0 c:/asctec_arm_sdk/winarm/bin/../lib/gcc/arm-elf/4.1.1/../../../../arm-elf/lib/thumb/interwork\libm.a(w_sqrt.o)
 .glue_7        0x00018bd8        0x0 c:/asctec_arm_sdk/winarm/bin/../lib/gcc/arm-elf/4.1.1/../../../../arm-elf/lib/thumb/interwork\libm.a(e_atan2.o)
 .glue_7        0x00018bd8        0x0 c:/asctec_arm_sdk/winarm/bin/../lib/gcc/arm-elf/4.1.1/../../../../arm-elf/lib/thumb/interwork\libm.a(e_rem_pio2.o)
 .glue_7        0x00018bd8        0x0 c:/asctec_arm_sdk/winarm/bin/../lib/gcc/arm-elf/4.1.1/../../../../arm-elf/lib/thumb/interwork\libm.a(e_sqrt.o)
 .glue_7        0x00018bd8        0x0 c:/asctec_arm_sdk/winarm/bin/../lib/gcc/arm-elf/4.1.1/../../../../arm-elf/lib/thumb/interwork\libm.a(k_cos.o)
 .glue_7        0x00018bd8        0x0 c:/asctec_arm_sdk/winarm/bin/../lib/gcc/arm-elf/4.1.1/../../../../arm-elf/lib/thumb/interwork\libm.a(k_rem_pio2.o)
 .glue_7        0x00018bd8        0x0 c:/asctec_arm_sdk/winarm/bin/../lib/gcc/arm-elf/4.1.1/../../../../arm-elf/lib/thumb/interwork\libm.a(k_sin.o)
 .glue_7        0x00018bd8        0x0 c:/asctec_arm_sdk/winarm/bin/../lib/gcc/arm-elf/4.1.1/../../../../arm-elf/lib/thumb/interwork\libm.a(s_atan.o)
 .glue_7        0x00018bd8        0x0 c:/asctec_arm_sdk/winarm/bin/../lib/gcc/arm-elf/4.1.1/../../../../arm-elf/lib/thumb/interwork\libm.a(s_fabs.o)
 .glue_7        0x00018bd8        0x0 c:/asctec_arm_sdk/winarm/bin/../lib/gcc/arm-elf/4.1.1/../../../../arm-elf/lib/thumb/interwork\libm.a(s_floor.o)
 .glue_7        0x00018bd8        0x0 c:/asctec_arm_sdk/winarm/bin/../lib/gcc/arm-elf/4.1.1/../../../../arm-elf/lib/thumb/interwork\libm.a(s_lib_ver.o)
 .glue_7        0x00018bd8        0x0 c:/asctec_arm_sdk/winarm/bin/../lib/gcc/arm-elf/4.1.1/../../../../arm-elf/lib/thumb/interwork\libm.a(s_matherr.o)
 .glue_7        0x00018bd8        0x0 c:/asctec_arm_sdk/winarm/bin/../lib/gcc/arm-elf/4.1.1/../../../../arm-elf/lib/thumb/interwork\libm.a(s_scalbn.o)
 .glue_7        0x00018bd8        0x0 c:/asctec_arm_sdk/winarm/bin/../lib/gcc/arm-elf/4.1.1/../../../../arm-elf/lib/thumb/interwork\libm.a(s_copysign.o)
 .glue_7        0x00018bd8        0x0 c:/asctec_arm_sdk/winarm/bin/../lib/gcc/arm-elf/4.1.1/thumb/interwork\libgcc.a(_truncdfsf2.o)
 .glue_7        0x00018bd8        0x0 c:/asctec_arm_sdk/winarm/bin/../lib/gcc/arm-elf/4.1.1/thumb/interwork\libgcc.a(_addsubsf3.o)
 .glue_7        0x00018bd8        0x0 c:/asctec_arm_sdk/winarm/bin/../lib/gcc/arm-elf/4.1.1/thumb/interwork\libgcc.a(_muldivsf3.o)
 .glue_7        0x00018bd8        0x0 c:/asctec_arm_sdk/winarm/bin/../lib/gcc/arm-elf/4.1.1/thumb/interwork\libgcc.a(_cmpsf2.o)
 .glue_7        0x00018bd8        0x0 c:/asctec_arm_sdk/winarm/bin/../lib/gcc/arm-elf/4.1.1/thumb/interwork\libgcc.a(_fixsfsi.o)
 .glue_7        0x00018bd8       0x78 c:/asctec_arm_sdk/winarm/bin/../lib/gcc/arm-elf/4.1.1/../../../../arm-elf/lib/thumb/interwork\libg.a(errno.o)
                0x00018c20                __strcpy_from_arm
                0x00018c44                __atan2_from_arm
                0x00018c14                __strlen_from_arm
                0x00018bf0                __cos_from_arm
                0x00018c08                ____udivsi3_from_arm
                0x00018bfc                __sprintf_from_arm
                0x00018be4                ____divsi3_from_arm
                0x00018bd8                __memcpy_from_arm
                0x00018c38                __sin_from_arm
                0x00018c2c                __sqrt_from_arm
 *(.glue_7t)
 .glue_7t       0x00018c50        0x0 Common_WinARM/src/Startup.o
 .glue_7t       0x00018c50        0x0 Common_WinARM/src/swi_handler.o
 .glue_7t       0x00018c50        0x0 LL_HL_comm.o
 .glue_7t       0x00018c50        0x0 mymath.o
 .glue_7t       0x00018c50        0x0 gpsmath.o
 .glue_7t       0x00018c50        0x0 sdk.o
 .glue_7t       0x00018c50        0x0 sdk_telemetry.o
 .glue_7t       0x00018c50        0x0 buzzer.o
 .glue_7t       0x00018c50        0x0 lpc_aci_eeprom.o
 .glue_7t       0x00018c50        0x0 asctecCommIntfOnboard.o
 .glue_7t       0x00018c50        0x0 buildInfoSetup.o
 .glue_7t       0x00018c50        0x0 main.o
 .glue_7t       0x00018c50        0x0 hardware.o
 .glue_7t       0x00018c50        0x0 system.o
 .glue_7t       0x00018c50        0x0 uart.o
 .glue_7t       0x00018c50        0x0 syscalls.o
 .glue_7t       0x00018c50        0x0 i2c.o
 .glue_7t       0x00018c50        0x0 i2c1.o
 .glue_7t       0x00018c50        0x0 Common_WinARM/src/irq.o
 .glue_7t       0x00018c50        0x0 adc.o
 .glue_7t       0x00018c50        0x0 ssp.o
 .glue_7t       0x00018c50        0x0 pelican_ptu.o
 .glue_7t       0x00018c50        0x0 jetiTelemetry.o
 .glue_7t       0x00018c50        0x0 LPC2k_ee.o
 .glue_7t       0x00018c50        0x0 lab.o
 .glue_7t       0x00018c50        0x0 c:/asctec_arm_sdk/winarm/bin/../lib/gcc/arm-elf/4.1.1/../../../../arm-elf/lib/thumb/interwork\libc.a(memcpy.o)
 .glue_7t       0x00018c50        0x0 c:/asctec_arm_sdk/winarm/bin/../lib/gcc/arm-elf/4.1.1/../../../../arm-elf/lib/thumb/interwork\libc.a(sprintf.o)
 .glue_7t       0x00018c50        0x0 c:/asctec_arm_sdk/winarm/bin/../lib/gcc/arm-elf/4.1.1/../../../../arm-elf/lib/thumb/interwork\libc.a(strcpy.o)
 .glue_7t       0x00018c50        0x0 c:/asctec_arm_sdk/winarm/bin/../lib/gcc/arm-elf/4.1.1/../../../../arm-elf/lib/thumb/interwork\libc.a(strlen.o)
 .glue_7t       0x00018c50        0x0 c:/asctec_arm_sdk/winarm/bin/../lib/gcc/arm-elf/4.1.1/../../../../arm-elf/lib/thumb/interwork\libc.a(vfprintf.o)
 .glue_7t       0x00018c50        0x0 c:/asctec_arm_sdk/winarm/bin/../lib/gcc/arm-elf/4.1.1/../../../../arm-elf/lib/thumb/interwork\libc.a(wcrtomb.o)
 .glue_7t       0x00018c50        0x0 c:/asctec_arm_sdk/winarm/bin/../lib/gcc/arm-elf/4.1.1/../../../../arm-elf/lib/thumb/interwork\libc.a(wcsrtombs.o)
 .glue_7t       0x00018c50        0x0 c:/asctec_arm_sdk/winarm/bin/../lib/gcc/arm-elf/4.1.1/../../../../arm-elf/lib/thumb/interwork\libc.a(wctomb_r.o)
 .glue_7t       0x00018c50        0x0 c:/asctec_arm_sdk/winarm/bin/../lib/gcc/arm-elf/4.1.1/../../../../arm-elf/lib/thumb/interwork\libc.a(wsetup.o)
 .glue_7t       0x00018c50        0x0 c:/asctec_arm_sdk/winarm/bin/../lib/gcc/arm-elf/4.1.1/../../../../arm-elf/lib/thumb/interwork\libc.a(dtoa.o)
 .glue_7t       0x00018c50        0x0 c:/asctec_arm_sdk/winarm/bin/../lib/gcc/arm-elf/4.1.1/../../../../arm-elf/lib/thumb/interwork\libc.a(fflush.o)
 .glue_7t       0x00018c50        0x0 c:/asctec_arm_sdk/winarm/bin/../lib/gcc/arm-elf/4.1.1/../../../../arm-elf/lib/thumb/interwork\libc.a(findfp.o)
 .glue_7t       0x00018c50        0x0 c:/asctec_arm_sdk/winarm/bin/../lib/gcc/arm-elf/4.1.1/../../../../arm-elf/lib/thumb/interwork\libc.a(freer.o)
 .glue_7t       0x00018c50        0x0 c:/asctec_arm_sdk/winarm/bin/../lib/gcc/arm-elf/4.1.1/../../../../arm-elf/lib/thumb/interwork\libc.a(fvwrite.o)
 .glue_7t       0x00018c50        0x0 c:/asctec_arm_sdk/winarm/bin/../lib/gcc/arm-elf/4.1.1/../../../../arm-elf/lib/thumb/interwork\libc.a(fwalk.o)
 .glue_7t       0x00018c50        0x0 c:/asctec_arm_sdk/winarm/bin/../lib/gcc/arm-elf/4.1.1/../../../../arm-elf/lib/thumb/interwork\libc.a(impure.o)
 .glue_7t       0x00018c50        0x0 c:/asctec_arm_sdk/winarm/bin/../lib/gcc/arm-elf/4.1.1/../../../../arm-elf/lib/thumb/interwork\libc.a(locale.o)
 .glue_7t       0x00018c50        0x0 c:/asctec_arm_sdk/winarm/bin/../lib/gcc/arm-elf/4.1.1/../../../../arm-elf/lib/thumb/interwork\libc.a(makebuf.o)
 .glue_7t       0x00018c50        0x0 c:/asctec_arm_sdk/winarm/bin/../lib/gcc/arm-elf/4.1.1/../../../../arm-elf/lib/thumb/interwork\libc.a(mallocr.o)
 .glue_7t       0x00018c50        0x0 c:/asctec_arm_sdk/winarm/bin/../lib/gcc/arm-elf/4.1.1/../../../../arm-elf/lib/thumb/interwork\libc.a(memchr.o)
 .glue_7t       0x00018c50        0x0 c:/asctec_arm_sdk/winarm/bin/../lib/gcc/arm-elf/4.1.1/../../../../arm-elf/lib/thumb/interwork\libc.a(memmove.o)
 .glue_7t       0x00018c50        0x0 c:/asctec_arm_sdk/winarm/bin/../lib/gcc/arm-elf/4.1.1/../../../../arm-elf/lib/thumb/interwork\libc.a(memset.o)
 .glue_7t       0x00018c50        0x0 c:/asctec_arm_sdk/winarm/bin/../lib/gcc/arm-elf/4.1.1/../../../../arm-elf/lib/thumb/interwork\libc.a(mlock.o)
 .glue_7t       0x00018c50        0x0 c:/asctec_arm_sdk/winarm/bin/../lib/gcc/arm-elf/4.1.1/../../../../arm-elf/lib/thumb/interwork\libc.a(mprec.o)
 .glue_7t       0x00018c50        0x0 c:/asctec_arm_sdk/winarm/bin/../lib/gcc/arm-elf/4.1.1/../../../../arm-elf/lib/thumb/interwork\libc.a(reallocr.o)
 .glue_7t       0x00018c50        0x0 c:/asctec_arm_sdk/winarm/bin/../lib/gcc/arm-elf/4.1.1/../../../../arm-elf/lib/thumb/interwork\libc.a(s_isinf.o)
 .glue_7t       0x00018c50        0x0 c:/asctec_arm_sdk/winarm/bin/../lib/gcc/arm-elf/4.1.1/../../../../arm-elf/lib/thumb/interwork\libc.a(s_isnan.o)
 .glue_7t       0x00018c50        0x0 c:/asctec_arm_sdk/winarm/bin/../lib/gcc/arm-elf/4.1.1/../../../../arm-elf/lib/thumb/interwork\libc.a(stdio.o)
 .glue_7t       0x00018c50        0x0 c:/asctec_arm_sdk/winarm/bin/../lib/gcc/arm-elf/4.1.1/../../../../arm-elf/lib/thumb/interwork\libc.a(strcmp.o)
 .glue_7t       0x00018c50        0x0 c:/asctec_arm_sdk/winarm/bin/../lib/gcc/arm-elf/4.1.1/../../../../arm-elf/lib/thumb/interwork\libc.a(callocr.o)
 .glue_7t       0x00018c50        0x0 c:/asctec_arm_sdk/winarm/bin/../lib/gcc/arm-elf/4.1.1/../../../../arm-elf/lib/thumb/interwork\libc.a(fclose.o)
 .glue_7t       0x00018c50        0x0 c:/asctec_arm_sdk/winarm/bin/../lib/gcc/arm-elf/4.1.1/thumb/interwork\libgcc.a(_udivsi3.o)
 .glue_7t       0x00018c50        0x0 c:/asctec_arm_sdk/winarm/bin/../lib/gcc/arm-elf/4.1.1/thumb/interwork\libgcc.a(_divsi3.o)
 .glue_7t       0x00018c50        0x0 c:/asctec_arm_sdk/winarm/bin/../lib/gcc/arm-elf/4.1.1/thumb/interwork\libgcc.a(_umodsi3.o)
 .glue_7t       0x00018c50        0x0 c:/asctec_arm_sdk/winarm/bin/../lib/gcc/arm-elf/4.1.1/thumb/interwork\libgcc.a(_modsi3.o)
 .glue_7t       0x00018c50        0x0 c:/asctec_arm_sdk/winarm/bin/../lib/gcc/arm-elf/4.1.1/thumb/interwork\libgcc.a(_dvmd_tls.o)
 .glue_7t       0x00018c50        0x0 c:/asctec_arm_sdk/winarm/bin/../lib/gcc/arm-elf/4.1.1/thumb/interwork\libgcc.a(_addsubdf3.o)
 .glue_7t       0x00018c50        0x0 c:/asctec_arm_sdk/winarm/bin/../lib/gcc/arm-elf/4.1.1/thumb/interwork\libgcc.a(_muldivdf3.o)
 .glue_7t       0x00018c50        0x0 c:/asctec_arm_sdk/winarm/bin/../lib/gcc/arm-elf/4.1.1/thumb/interwork\libgcc.a(_cmpdf2.o)
 .glue_7t       0x00018c50        0x0 c:/asctec_arm_sdk/winarm/bin/../lib/gcc/arm-elf/4.1.1/thumb/interwork\libgcc.a(_fixdfsi.o)
 .glue_7t       0x00018c50        0x0 ./\libdeclination.a(declination.o)
 .glue_7t       0x00018c50        0x0 ./\libublox.a(ublox.o)
 .glue_7t       0x00018c50        0x0 c:/asctec_arm_sdk/winarm/bin/../lib/gcc/arm-elf/4.1.1/../../../../arm-elf/lib/thumb/interwork\libm.a(s_cos.o)
 .glue_7t       0x00018c50        0x0 c:/asctec_arm_sdk/winarm/bin/../lib/gcc/arm-elf/4.1.1/../../../../arm-elf/lib/thumb/interwork\libm.a(s_sin.o)
 .glue_7t       0x00018c50        0x0 c:/asctec_arm_sdk/winarm/bin/../lib/gcc/arm-elf/4.1.1/../../../../arm-elf/lib/thumb/interwork\libm.a(w_atan2.o)
 .glue_7t       0x00018c50        0x0 c:/asctec_arm_sdk/winarm/bin/../lib/gcc/arm-elf/4.1.1/../../../../arm-elf/lib/thumb/interwork\libm.a(w_sqrt.o)
 .glue_7t       0x00018c50        0x0 c:/asctec_arm_sdk/winarm/bin/../lib/gcc/arm-elf/4.1.1/../../../../arm-elf/lib/thumb/interwork\libm.a(e_atan2.o)
 .glue_7t       0x00018c50        0x0 c:/asctec_arm_sdk/winarm/bin/../lib/gcc/arm-elf/4.1.1/../../../../arm-elf/lib/thumb/interwork\libm.a(e_rem_pio2.o)
 .glue_7t       0x00018c50        0x0 c:/asctec_arm_sdk/winarm/bin/../lib/gcc/arm-elf/4.1.1/../../../../arm-elf/lib/thumb/interwork\libm.a(e_sqrt.o)
 .glue_7t       0x00018c50        0x0 c:/asctec_arm_sdk/winarm/bin/../lib/gcc/arm-elf/4.1.1/../../../../arm-elf/lib/thumb/interwork\libm.a(k_cos.o)
 .glue_7t       0x00018c50        0x0 c:/asctec_arm_sdk/winarm/bin/../lib/gcc/arm-elf/4.1.1/../../../../arm-elf/lib/thumb/interwork\libm.a(k_rem_pio2.o)
 .glue_7t       0x00018c50        0x0 c:/asctec_arm_sdk/winarm/bin/../lib/gcc/arm-elf/4.1.1/../../../../arm-elf/lib/thumb/interwork\libm.a(k_sin.o)
 .glue_7t       0x00018c50        0x0 c:/asctec_arm_sdk/winarm/bin/../lib/gcc/arm-elf/4.1.1/../../../../arm-elf/lib/thumb/interwork\libm.a(s_atan.o)
 .glue_7t       0x00018c50        0x0 c:/asctec_arm_sdk/winarm/bin/../lib/gcc/arm-elf/4.1.1/../../../../arm-elf/lib/thumb/interwork\libm.a(s_fabs.o)
 .glue_7t       0x00018c50        0x0 c:/asctec_arm_sdk/winarm/bin/../lib/gcc/arm-elf/4.1.1/../../../../arm-elf/lib/thumb/interwork\libm.a(s_floor.o)
 .glue_7t       0x00018c50        0x0 c:/asctec_arm_sdk/winarm/bin/../lib/gcc/arm-elf/4.1.1/../../../../arm-elf/lib/thumb/interwork\libm.a(s_lib_ver.o)
 .glue_7t       0x00018c50        0x0 c:/asctec_arm_sdk/winarm/bin/../lib/gcc/arm-elf/4.1.1/../../../../arm-elf/lib/thumb/interwork\libm.a(s_matherr.o)
 .glue_7t       0x00018c50        0x0 c:/asctec_arm_sdk/winarm/bin/../lib/gcc/arm-elf/4.1.1/../../../../arm-elf/lib/thumb/interwork\libm.a(s_scalbn.o)
 .glue_7t       0x00018c50        0x0 c:/asctec_arm_sdk/winarm/bin/../lib/gcc/arm-elf/4.1.1/../../../../arm-elf/lib/thumb/interwork\libm.a(s_copysign.o)
 .glue_7t       0x00018c50        0x0 c:/asctec_arm_sdk/winarm/bin/../lib/gcc/arm-elf/4.1.1/thumb/interwork\libgcc.a(_truncdfsf2.o)
 .glue_7t       0x00018c50        0x0 c:/asctec_arm_sdk/winarm/bin/../lib/gcc/arm-elf/4.1.1/thumb/interwork\libgcc.a(_addsubsf3.o)
 .glue_7t       0x00018c50        0x0 c:/asctec_arm_sdk/winarm/bin/../lib/gcc/arm-elf/4.1.1/thumb/interwork\libgcc.a(_muldivsf3.o)
 .glue_7t       0x00018c50        0x0 c:/asctec_arm_sdk/winarm/bin/../lib/gcc/arm-elf/4.1.1/thumb/interwork\libgcc.a(_cmpsf2.o)
 .glue_7t       0x00018c50        0x0 c:/asctec_arm_sdk/winarm/bin/../lib/gcc/arm-elf/4.1.1/thumb/interwork\libgcc.a(_fixsfsi.o)
 .glue_7t       0x00018c50       0x90 c:/asctec_arm_sdk/winarm/bin/../lib/gcc/arm-elf/4.1.1/../../../../arm-elf/lib/thumb/interwork\libg.a(errno.o)
                0x00018cac                ___sbrk_r_change_to_arm
                0x00018cd8                ___read_r_from_thumb
                0x00018c98                ____gtdf2_from_thumb
                0x00018c78                ____subdf3_from_thumb
                0x00018c54                ____ltdf2_change_to_arm
                0x00018c7c                ____subdf3_change_to_arm
                0x00018ca4                ____gedf2_change_to_arm
                0x00018cb0                ___fstat_r_from_thumb
                0x00018cbc                __isatty_change_to_arm
                0x00018c60                ____eqdf2_from_thumb
                0x00018cc4                ___close_r_change_to_arm
                0x00018cdc                ___read_r_change_to_arm
                0x00018c88                ____fixdfsi_from_thumb
                0x00018c94                ____divdf3_change_to_arm
                0x00018ca0                ____gedf2_from_thumb
                0x00018cb4                ___fstat_r_change_to_arm
                0x00018c84                ____muldf3_change_to_arm
                0x00018ccc                ___lseek_r_change_to_arm
                0x00018c8c                ____fixdfsi_change_to_arm
                0x00018c90                ____divdf3_from_thumb
                0x00018c74                ____adddf3_change_to_arm
                0x00018c9c                ____gtdf2_change_to_arm
                0x00018cd4                ___write_r_change_to_arm
                0x00018cc8                ___lseek_r_from_thumb
                0x00018c68                ____floatsidf_from_thumb
                0x00018c50                ____ltdf2_from_thumb
                0x00018c5c                ____nedf2_change_to_arm
                0x00018c70                ____adddf3_from_thumb
                0x00018cc0                ___close_r_from_thumb
                0x00018c64                ____eqdf2_change_to_arm
                0x00018ca8                ___sbrk_r_from_thumb
                0x00018c80                ____muldf3_from_thumb
                0x00018c58                ____nedf2_from_thumb
                0x00018cd0                ___write_r_from_thumb
                0x00018c6c                ____floatsidf_change_to_arm
                0x00018cb8                __isatty_from_thumb
 *(.gcc_except_table)
 *(.rodata)
 .rodata        0x00018ce0        0x6 asctecCommIntfOnboard.o
 .rodata        0x00018ce6       0x24 buildInfoSetup.o
 *fill*         0x00018d0a        0x2 00
 .rodata        0x00018d0c      0x1d0 main.o
 .rodata        0x00018edc      0x184 c:/asctec_arm_sdk/winarm/bin/../lib/gcc/arm-elf/4.1.1/../../../../arm-elf/lib/thumb/interwork\libc.a(vfprintf.o)
 .rodata        0x00019060       0x18 c:/asctec_arm_sdk/winarm/bin/../lib/gcc/arm-elf/4.1.1/../../../../arm-elf/lib/thumb/interwork\libc.a(dtoa.o)
 .rodata        0x00019078        0x4 c:/asctec_arm_sdk/winarm/bin/../lib/gcc/arm-elf/4.1.1/../../../../arm-elf/lib/thumb/interwork\libc.a(impure.o)
                0x00019078                _global_impure_ptr
 .rodata        0x0001907c       0x34 c:/asctec_arm_sdk/winarm/bin/../lib/gcc/arm-elf/4.1.1/../../../../arm-elf/lib/thumb/interwork\libc.a(locale.o)
 .rodata        0x000190b0      0x124 c:/asctec_arm_sdk/winarm/bin/../lib/gcc/arm-elf/4.1.1/../../../../arm-elf/lib/thumb/interwork\libc.a(mprec.o)
                0x000191a0                __mprec_tinytens
                0x000190b0                __mprec_tens
                0x00019178                __mprec_bigtens
 .rodata        0x000191d4       0xe2 ./\libublox.a(ublox.o)
 *fill*         0x000192b6        0x2 00
 .rodata        0x000192b8      0x188 c:/asctec_arm_sdk/winarm/bin/../lib/gcc/arm-elf/4.1.1/../../../../arm-elf/lib/thumb/interwork\libm.a(e_rem_pio2.o)
 .rodata        0x00019440       0x50 c:/asctec_arm_sdk/winarm/bin/../lib/gcc/arm-elf/4.1.1/../../../../arm-elf/lib/thumb/interwork\libm.a(k_rem_pio2.o)
 .rodata        0x00019490       0x40 c:/asctec_arm_sdk/winarm/bin/../lib/gcc/arm-elf/4.1.1/../../../../arm-elf/lib/thumb/interwork\libm.a(s_atan.o)
 .rodata        0x000194d0        0x4 c:/asctec_arm_sdk/winarm/bin/../lib/gcc/arm-elf/4.1.1/../../../../arm-elf/lib/thumb/interwork\libm.a(s_lib_ver.o)
                0x000194d0                __fdlib_version
 *(.rodata*)
 .rodata.str1.4
                0x000194d4      0x1ff sdk_telemetry.o
                                0x204 (size before relaxing)
 *fill*         0x000196d3        0x1 00
 .rodata.str1.4
                0x000196d4        0xc buildInfoSetup.o
 .rodata.str1.4
                0x000196e0       0x63 c:/asctec_arm_sdk/winarm/bin/../lib/gcc/arm-elf/4.1.1/../../../../arm-elf/lib/thumb/interwork\libc.a(vfprintf.o)
                                 0x64 (size before relaxing)
 *fill*         0x00019743        0x1 00
 .rodata.str1.4
                0x00019744       0x1e c:/asctec_arm_sdk/winarm/bin/../lib/gcc/arm-elf/4.1.1/../../../../arm-elf/lib/thumb/interwork\libc.a(wctomb_r.o)
                                 0x20 (size before relaxing)
 *fill*         0x00019762        0x2 00
 .rodata.str1.4
                0x00019764       0x10 c:/asctec_arm_sdk/winarm/bin/../lib/gcc/arm-elf/4.1.1/../../../../arm-elf/lib/thumb/interwork\libc.a(dtoa.o)
                                 0x14 (size before relaxing)
 .rodata.str1.4
                0x00019774        0x2 c:/asctec_arm_sdk/winarm/bin/../lib/gcc/arm-elf/4.1.1/../../../../arm-elf/lib/thumb/interwork\libc.a(impure.o)
                                  0x4 (size before relaxing)
 *fill*         0x00019776        0x2 00
 .rodata.str1.4
                0x00019778        0xb c:/asctec_arm_sdk/winarm/bin/../lib/gcc/arm-elf/4.1.1/../../../../arm-elf/lib/thumb/interwork\libc.a(locale.o)
                                 0x18 (size before relaxing)
 *fill*         0x00019783        0x1 00
 .rodata.str1.4
                0x00019784        0x6 c:/asctec_arm_sdk/winarm/bin/../lib/gcc/arm-elf/4.1.1/../../../../arm-elf/lib/thumb/interwork\libm.a(w_atan2.o)
                                  0x8 (size before relaxing)
 *fill*         0x0001978a        0x2 00
 .rodata.str1.4
                0x0001978c        0x8 c:/asctec_arm_sdk/winarm/bin/../lib/gcc/arm-elf/4.1.1/../../../../arm-elf/lib/thumb/interwork\libm.a(w_sqrt.o)
 *(.gnu.linkonce.r.*)
                0x00019794                . = ALIGN (0x4)
                0x00019794                . = ALIGN (0x4)

.ctors          0x00019794        0x0
                0x00019794                PROVIDE (__ctors_start__, .)
 *(SORT(.ctors.*))
 *(.ctors)
                0x00019794                . = ALIGN (0x4)
                0x00019794                PROVIDE (__ctors_end__, .)
                0x00019794                . = ALIGN (0x4)

.dtors          0x00019794        0x0
                0x00019794                PROVIDE (__dtors_start__, .)
 *(SORT(.dtors.*))
 *(.dtors)
                0x00019794                . = ALIGN (0x4)
                0x00019794                PROVIDE (__dtors_end__, .)
                0x00019794                . = ALIGN (0x4)
                0x00019794                . = ALIGN (0x4)
                0x00019794                _etext = .
                0x00019794                PROVIDE (etext, .)

.data           0x40000000      0xdb4 load address 0x00019794
                0x40000000                _data = .
 *(.vectmapped)
                0x40000000                . = ALIGN (0x4)
 *(.fastrun)
                0x40000000                . = ALIGN (0x4)
                0x40000000                . = ALIGN (0x4)
 *(.data)
 .data          0x40000000        0x0 Common_WinARM/src/Startup.o
 .data          0x40000000        0x0 Common_WinARM/src/swi_handler.o
 .data          0x40000000        0x0 LL_HL_comm.o
 .data          0x40000000        0x0 mymath.o
 .data          0x40000000        0x0 gpsmath.o
 .data          0x40000000        0xc sdk.o
                0x40000000                firebit
                0x40000004                SPItxDone
 .data          0x4000000c        0x0 sdk_telemetry.o
 .data          0x4000000c        0xc buzzer.o
                0x40000010                ALARM_battery_warning_voltage_low
                0x4000000e                ALARM_battery_warning_voltage_high
                0x4000000c                buzzer_warnings
 .data          0x40000018        0x0 lpc_aci_eeprom.o
 .data          0x40000018       0x14 asctecCommIntfOnboard.o
                0x40000018                aciVarPacketTransmissionRate
                0x4000002a                aciMagicCodePar
                0x4000001e                entry_exist
                0x40000028                aciMagicCodeCmd
                0x40000024                aciHeartBeatTimeout
                0x40000026                aciMagicCodeVar
                0x40000020                aciEngineRate
 .data          0x4000002c        0x0 buildInfoSetup.o
 .data          0x4000002c        0x3 main.o
                0x4000002c                DataOutputsPerSecond
                0x4000002d                PTU_cam_option_4_version
 .data          0x4000002f        0x0 hardware.o
 .data          0x4000002f        0x0 system.o
 .data          0x4000002f        0x7 uart.o
                0x40000033                stopstring
                0x40000030                startstring
                0x4000002f                chksum_trigger
 .data          0x40000036        0x0 syscalls.o
 .data          0x40000036        0x0 i2c.o
 .data          0x40000036        0x0 i2c1.o
 .data          0x40000036        0x0 Common_WinARM/src/irq.o
 .data          0x40000036        0x0 adc.o
 .data          0x40000036        0x3 ssp.o
                0x40000037                SSP_receiption_complete
                0x40000038                data_sent_to_HL
                0x40000036                data_sent_to_LL
 .data          0x40000039        0x0 pelican_ptu.o
 .data          0x40000039        0x0 jetiTelemetry.o
 .data          0x40000039        0x0 LPC2k_ee.o
 .data          0x40000039        0x0 lab.o
 .data          0x40000039        0x0 c:/asctec_arm_sdk/winarm/bin/../lib/gcc/arm-elf/4.1.1/../../../../arm-elf/lib/thumb/interwork\libc.a(memcpy.o)
 .data          0x40000039        0x0 c:/asctec_arm_sdk/winarm/bin/../lib/gcc/arm-elf/4.1.1/../../../../arm-elf/lib/thumb/interwork\libc.a(sprintf.o)
 .data          0x40000039        0x0 c:/asctec_arm_sdk/winarm/bin/../lib/gcc/arm-elf/4.1.1/../../../../arm-elf/lib/thumb/interwork\libc.a(strcpy.o)
 .data          0x40000039        0x0 c:/asctec_arm_sdk/winarm/bin/../lib/gcc/arm-elf/4.1.1/../../../../arm-elf/lib/thumb/interwork\libc.a(strlen.o)
 .data          0x40000039        0x0 c:/asctec_arm_sdk/winarm/bin/../lib/gcc/arm-elf/4.1.1/../../../../arm-elf/lib/thumb/interwork\libc.a(vfprintf.o)
 .data          0x40000039        0x0 c:/asctec_arm_sdk/winarm/bin/../lib/gcc/arm-elf/4.1.1/../../../../arm-elf/lib/thumb/interwork\libc.a(wcrtomb.o)
 .data          0x40000039        0x0 c:/asctec_arm_sdk/winarm/bin/../lib/gcc/arm-elf/4.1.1/../../../../arm-elf/lib/thumb/interwork\libc.a(wcsrtombs.o)
 .data          0x40000039        0x0 c:/asctec_arm_sdk/winarm/bin/../lib/gcc/arm-elf/4.1.1/../../../../arm-elf/lib/thumb/interwork\libc.a(wctomb_r.o)
 .data          0x40000039        0x0 c:/asctec_arm_sdk/winarm/bin/../lib/gcc/arm-elf/4.1.1/../../../../arm-elf/lib/thumb/interwork\libc.a(wsetup.o)
 .data          0x40000039        0x0 c:/asctec_arm_sdk/winarm/bin/../lib/gcc/arm-elf/4.1.1/../../../../arm-elf/lib/thumb/interwork\libc.a(dtoa.o)
 .data          0x40000039        0x0 c:/asctec_arm_sdk/winarm/bin/../lib/gcc/arm-elf/4.1.1/../../../../arm-elf/lib/thumb/interwork\libc.a(fflush.o)
 .data          0x40000039        0x0 c:/asctec_arm_sdk/winarm/bin/../lib/gcc/arm-elf/4.1.1/../../../../arm-elf/lib/thumb/interwork\libc.a(findfp.o)
 .data          0x40000039        0x0 c:/asctec_arm_sdk/winarm/bin/../lib/gcc/arm-elf/4.1.1/../../../../arm-elf/lib/thumb/interwork\libc.a(freer.o)
 .data          0x40000039        0x0 c:/asctec_arm_sdk/winarm/bin/../lib/gcc/arm-elf/4.1.1/../../../../arm-elf/lib/thumb/interwork\libc.a(fvwrite.o)
 .data          0x40000039        0x0 c:/asctec_arm_sdk/winarm/bin/../lib/gcc/arm-elf/4.1.1/../../../../arm-elf/lib/thumb/interwork\libc.a(fwalk.o)
 *fill*         0x40000039        0x3 00
 .data          0x4000003c      0x404 c:/asctec_arm_sdk/winarm/bin/../lib/gcc/arm-elf/4.1.1/../../../../arm-elf/lib/thumb/interwork\libc.a(impure.o)
                0x4000003c                _impure_ptr
 .data          0x40000440       0x10 c:/asctec_arm_sdk/winarm/bin/../lib/gcc/arm-elf/4.1.1/../../../../arm-elf/lib/thumb/interwork\libc.a(locale.o)
                0x40000440                __mb_cur_max
                0x40000444                __lc_ctype
 .data          0x40000450        0x0 c:/asctec_arm_sdk/winarm/bin/../lib/gcc/arm-elf/4.1.1/../../../../arm-elf/lib/thumb/interwork\libc.a(makebuf.o)
 .data          0x40000450      0x410 c:/asctec_arm_sdk/winarm/bin/../lib/gcc/arm-elf/4.1.1/../../../../arm-elf/lib/thumb/interwork\libc.a(mallocr.o)
                0x4000085c                __malloc_sbrk_base
                0x40000450                __malloc_av_
                0x40000858                __malloc_trim_threshold
 .data          0x40000860        0x0 c:/asctec_arm_sdk/winarm/bin/../lib/gcc/arm-elf/4.1.1/../../../../arm-elf/lib/thumb/interwork\libc.a(memchr.o)
 .data          0x40000860        0x0 c:/asctec_arm_sdk/winarm/bin/../lib/gcc/arm-elf/4.1.1/../../../../arm-elf/lib/thumb/interwork\libc.a(memmove.o)
 .data          0x40000860        0x0 c:/asctec_arm_sdk/winarm/bin/../lib/gcc/arm-elf/4.1.1/../../../../arm-elf/lib/thumb/interwork\libc.a(memset.o)
 .data          0x40000860        0x0 c:/asctec_arm_sdk/winarm/bin/../lib/gcc/arm-elf/4.1.1/../../../../arm-elf/lib/thumb/interwork\libc.a(mlock.o)
 .data          0x40000860        0x0 c:/asctec_arm_sdk/winarm/bin/../lib/gcc/arm-elf/4.1.1/../../../../arm-elf/lib/thumb/interwork\libc.a(mprec.o)
 .data          0x40000860        0x0 c:/asctec_arm_sdk/winarm/bin/../lib/gcc/arm-elf/4.1.1/../../../../arm-elf/lib/thumb/interwork\libc.a(reallocr.o)
 .data          0x40000860        0x0 c:/asctec_arm_sdk/winarm/bin/../lib/gcc/arm-elf/4.1.1/../../../../arm-elf/lib/thumb/interwork\libc.a(s_isinf.o)
 .data          0x40000860        0x0 c:/asctec_arm_sdk/winarm/bin/../lib/gcc/arm-elf/4.1.1/../../../../arm-elf/lib/thumb/interwork\libc.a(s_isnan.o)
 .data          0x40000860        0x0 c:/asctec_arm_sdk/winarm/bin/../lib/gcc/arm-elf/4.1.1/../../../../arm-elf/lib/thumb/interwork\libc.a(stdio.o)
 .data          0x40000860        0x0 c:/asctec_arm_sdk/winarm/bin/../lib/gcc/arm-elf/4.1.1/../../../../arm-elf/lib/thumb/interwork\libc.a(strcmp.o)
 .data          0x40000860        0x0 c:/asctec_arm_sdk/winarm/bin/../lib/gcc/arm-elf/4.1.1/../../../../arm-elf/lib/thumb/interwork\libc.a(callocr.o)
 .data          0x40000860        0x0 c:/asctec_arm_sdk/winarm/bin/../lib/gcc/arm-elf/4.1.1/../../../../arm-elf/lib/thumb/interwork\libc.a(fclose.o)
 .data          0x40000860        0x0 c:/asctec_arm_sdk/winarm/bin/../lib/gcc/arm-elf/4.1.1/thumb/interwork\libgcc.a(_udivsi3.o)
 .data          0x40000860        0x0 c:/asctec_arm_sdk/winarm/bin/../lib/gcc/arm-elf/4.1.1/thumb/interwork\libgcc.a(_divsi3.o)
 .data          0x40000860        0x0 c:/asctec_arm_sdk/winarm/bin/../lib/gcc/arm-elf/4.1.1/thumb/interwork\libgcc.a(_umodsi3.o)
 .data          0x40000860        0x0 c:/asctec_arm_sdk/winarm/bin/../lib/gcc/arm-elf/4.1.1/thumb/interwork\libgcc.a(_modsi3.o)
 .data          0x40000860        0x0 c:/asctec_arm_sdk/winarm/bin/../lib/gcc/arm-elf/4.1.1/thumb/interwork\libgcc.a(_dvmd_tls.o)
 .data          0x40000860        0x0 c:/asctec_arm_sdk/winarm/bin/../lib/gcc/arm-elf/4.1.1/thumb/interwork\libgcc.a(_addsubdf3.o)
 .data          0x40000860        0x0 c:/asctec_arm_sdk/winarm/bin/../lib/gcc/arm-elf/4.1.1/thumb/interwork\libgcc.a(_muldivdf3.o)
 .data          0x40000860        0x0 c:/asctec_arm_sdk/winarm/bin/../lib/gcc/arm-elf/4.1.1/thumb/interwork\libgcc.a(_cmpdf2.o)
 .data          0x40000860        0x0 c:/asctec_arm_sdk/winarm/bin/../lib/gcc/arm-elf/4.1.1/thumb/interwork\libgcc.a(_fixdfsi.o)
 .data          0x40000860      0x54c ./\libdeclination.a(declination.o)
 .data          0x40000dac        0x8 ./\libublox.a(ublox.o)
                0x40000dac                gpsLEDTrigger
 .data          0x40000db4        0x0 c:/asctec_arm_sdk/winarm/bin/../lib/gcc/arm-elf/4.1.1/../../../../arm-elf/lib/thumb/interwork\libm.a(s_cos.o)
 .data          0x40000db4        0x0 c:/asctec_arm_sdk/winarm/bin/../lib/gcc/arm-elf/4.1.1/../../../../arm-elf/lib/thumb/interwork\libm.a(s_sin.o)
 .data          0x40000db4        0x0 c:/asctec_arm_sdk/winarm/bin/../lib/gcc/arm-elf/4.1.1/../../../../arm-elf/lib/thumb/interwork\libm.a(w_atan2.o)
 .data          0x40000db4        0x0 c:/asctec_arm_sdk/winarm/bin/../lib/gcc/arm-elf/4.1.1/../../../../arm-elf/lib/thumb/interwork\libm.a(w_sqrt.o)
 .data          0x40000db4        0x0 c:/asctec_arm_sdk/winarm/bin/../lib/gcc/arm-elf/4.1.1/../../../../arm-elf/lib/thumb/interwork\libm.a(e_atan2.o)
 .data          0x40000db4        0x0 c:/asctec_arm_sdk/winarm/bin/../lib/gcc/arm-elf/4.1.1/../../../../arm-elf/lib/thumb/interwork\libm.a(e_rem_pio2.o)
 .data          0x40000db4        0x0 c:/asctec_arm_sdk/winarm/bin/../lib/gcc/arm-elf/4.1.1/../../../../arm-elf/lib/thumb/interwork\libm.a(e_sqrt.o)
 .data          0x40000db4        0x0 c:/asctec_arm_sdk/winarm/bin/../lib/gcc/arm-elf/4.1.1/../../../../arm-elf/lib/thumb/interwork\libm.a(k_cos.o)
 .data          0x40000db4        0x0 c:/asctec_arm_sdk/winarm/bin/../lib/gcc/arm-elf/4.1.1/../../../../arm-elf/lib/thumb/interwork\libm.a(k_rem_pio2.o)
 .data          0x40000db4        0x0 c:/asctec_arm_sdk/winarm/bin/../lib/gcc/arm-elf/4.1.1/../../../../arm-elf/lib/thumb/interwork\libm.a(k_sin.o)
 .data          0x40000db4        0x0 c:/asctec_arm_sdk/winarm/bin/../lib/gcc/arm-elf/4.1.1/../../../../arm-elf/lib/thumb/interwork\libm.a(s_atan.o)
 .data          0x40000db4        0x0 c:/asctec_arm_sdk/winarm/bin/../lib/gcc/arm-elf/4.1.1/../../../../arm-elf/lib/thumb/interwork\libm.a(s_fabs.o)
 .data          0x40000db4        0x0 c:/asctec_arm_sdk/winarm/bin/../lib/gcc/arm-elf/4.1.1/../../../../arm-elf/lib/thumb/interwork\libm.a(s_floor.o)
 .data          0x40000db4        0x0 c:/asctec_arm_sdk/winarm/bin/../lib/gcc/arm-elf/4.1.1/../../../../arm-elf/lib/thumb/interwork\libm.a(s_lib_ver.o)
 .data          0x40000db4        0x0 c:/asctec_arm_sdk/winarm/bin/../lib/gcc/arm-elf/4.1.1/../../../../arm-elf/lib/thumb/interwork\libm.a(s_matherr.o)
 .data          0x40000db4        0x0 c:/asctec_arm_sdk/winarm/bin/../lib/gcc/arm-elf/4.1.1/../../../../arm-elf/lib/thumb/interwork\libm.a(s_scalbn.o)
 .data          0x40000db4        0x0 c:/asctec_arm_sdk/winarm/bin/../lib/gcc/arm-elf/4.1.1/../../../../arm-elf/lib/thumb/interwork\libm.a(s_copysign.o)
 .data          0x40000db4        0x0 c:/asctec_arm_sdk/winarm/bin/../lib/gcc/arm-elf/4.1.1/thumb/interwork\libgcc.a(_truncdfsf2.o)
 .data          0x40000db4        0x0 c:/asctec_arm_sdk/winarm/bin/../lib/gcc/arm-elf/4.1.1/thumb/interwork\libgcc.a(_addsubsf3.o)
 .data          0x40000db4        0x0 c:/asctec_arm_sdk/winarm/bin/../lib/gcc/arm-elf/4.1.1/thumb/interwork\libgcc.a(_muldivsf3.o)
 .data          0x40000db4        0x0 c:/asctec_arm_sdk/winarm/bin/../lib/gcc/arm-elf/4.1.1/thumb/interwork\libgcc.a(_cmpsf2.o)
 .data          0x40000db4        0x0 c:/asctec_arm_sdk/winarm/bin/../lib/gcc/arm-elf/4.1.1/thumb/interwork\libgcc.a(_fixsfsi.o)
 .data          0x40000db4        0x0 c:/asctec_arm_sdk/winarm/bin/../lib/gcc/arm-elf/4.1.1/../../../../arm-elf/lib/thumb/interwork\libg.a(errno.o)
 *(.data.*)
 *(.gnu.linkonce.d*)
                0x40000db4                . = ALIGN (0x4)
                0x40000db4                . = ALIGN (0x4)
                0x40000db4                _edata = .
                0x40000db4                PROVIDE (edata, .)

.bss            0x40000db4     0x48c0
                0x40000db4                __bss_start = .
                0x40000db4                __bss_start__ = .
 *(.bss)
 .bss           0x40000db4        0x0 Common_WinARM/src/Startup.o
 .bss           0x40000db4        0x0 Common_WinARM/src/swi_handler.o
 .bss           0x40000db4       0x24 LL_HL_comm.o
                0x40000dbe                transmitBuildInfoTrigger
                0x40000dba                wpCtrlNavStatus
                0x40000db8                wpCtrlAckTrigger
                0x40000db7                wpCtrlWpCmdUpdated
                0x40000dbc                wpCtrlDistToWp
                0x40000db6                wpCtrlWpCmd
                0x40000db4                SSP_ack
 .bss           0x40000dd8        0x0 mymath.o
 .bss           0x40000dd8        0x4 gpsmath.o
                0x40000dd8                gpsDataOkTrigger
 .bss           0x40000ddc       0x64 sdk.o
                0x40000e00                SwitchTimer
                0x40000df0                f28027_ready
                0x40000e04                readSwitchbit
                0x40000de0                my_sdkloop_counter
                0x40000de4                UsonicTimer
                0x40000e18                SPItxSize
                0x40000df4                UsonicData
                0x40000e08                MagnetSwitch
                0x40000e14                SPItxCount
                0x40000dec                SPI0command
                0x40000ddd                wpExampleActive
                0x40000e10                GotMagnet
                0x40000e20                testcount
                0x40000e1c                numMissedTx
                0x40000de8                SPI0data
                0x40000e0c                NewMagnetSwitch
                0x40000dde                emergencyModeUpdate
                0x40000df8                NewUsonicData
                0x40000ddc                wpExampleWpNr
                0x40000dfc                USMaxBot_range1
 .bss           0x40000e40        0x3 sdk_telemetry.o
 *fill*         0x40000e43        0x1 00
 .bss           0x40000e44       0x14 buzzer.o
 .bss           0x40000e58        0x4 lpc_aci_eeprom.o
                0x40000e58                anz_param_saved
 .bss           0x40000e5c       0x74 asctecCommIntfOnboard.o
                0x40000ea8                aciHeartBeatCnt
                0x40000eb4                aciAddDatatoFlashCallback
                0x40000e60                aciListCmdCount
                0x40000e8a                aciParPacketMagicCode
                0x40000ec4                aciSendSingleCount
                0x40000eb0                aciReadWriteEndCallback
                0x40000e7e                aciCmdPacketMagicCode
                0x40000eb8                aciReadParafromFlashCallback
                0x40000eaa                aciInhibitPacketTransmission
                0x40000e5c                aciListVarCount
                0x40000e81                aciCmdPacketWithACK
                0x40000ea6                aciTxRingBufferReadPtr
                0x40000e84                aciCmdPacketSendAck
                0x40000ec6                aciSendSingleNextBufferCount
                0x40000e98                aciEngineRateCounter
                0x40000e87                aciCmdPacketReceived
                0x40000eac                aciReadWriteStartCallback
                0x40000e64                aciListParCount
                0x40000e6c                aciVarPacketCurrentSize
                0x40000e96                aciParamSaveIt
                0x40000e8d                aciParPacketSendAck
                0x40000e72                aciVarPacketNumberOfVars
                0x40000ea4                aciTxRingBufferWritePtr
                0x40000e68                aciVarPacketMagicCode
                0x40000e78                aciVarPacketUpdated
                0x40000ec0                aciWriteParatoFlashCallback
                0x40000e90                aciParamPacketReceived
                0x40000e93                aciParPacketRequest
                0x40000ebc                aciSaveParaCallback
 .bss           0x40000ed0        0x0 buildInfoSetup.o
 .bss           0x40000ed0       0x28 main.o
                0x40000ee0                GPS_timeout
                0x40000ed4                cnt
                0x40000ed8                mainloop_cnt
                0x40000ee9                fireflyLedEnabled
                0x40000ed0                int_cnt
                0x40000ee8                SYSTEM_initialized
                0x40000ee4                trigger_cnt
                0x40000edc                mainloop_trigger
                0x40000eea                mainloop_overflows
 .bss           0x40000ef8        0x0 hardware.o
 .bss           0x40000ef8        0x0 system.o
 .bss           0x40000ef8      0x32c uart.o
                0x40000eff                UART1_syncstate
                0x40000efd                baudrate1_change
                0x40000efa                transmission_running
                0x40000efc                trigger_transmission
                0x40000f04                UART1_rxcount
                0x40000ef8                data_requested
                0x40000ef9                chksum_to_check
                0x40000f00                UART_rxcount
                0x40000efe                UART_syncstate
                0x40000efb                transmission1_running
                0x40000f08                UART_CalibDoneFlag
 .bss           0x40001224        0x4 syscalls.o
 .bss           0x40001228       0x14 i2c.o
                0x40001234                RdIndex
                0x40001228                I2CMasterState
                0x4000122c                I2CSlaveState
                0x40001230                I2CCount
                0x40001238                WrIndex
 .bss           0x4000123c       0x14 i2c1.o
                0x40001244                WrIndex1
                0x40001240                I2C1Count
                0x4000123c                I2C1MasterState
                0x40001248                lastI2c1Error
 .bss           0x40001250        0x0 Common_WinARM/src/irq.o
 .bss           0x40001250        0x8 adc.o
                0x40001254                ADC1IntDone
                0x40001250                ADC0IntDone
 .bss           0x40001258        0x4 ssp.o
                0x40001258                SSP_trans_cnt
 .bss           0x4000125c       0x24 pelican_ptu.o
                0x40001264                PTU_enable_plain_ch7_to_servo
                0x4000125c                PTU_cam_angle_roll_offset
                0x40001260                PTU_cam_angle_pitch_offset
 .bss           0x40001280        0x5 jetiTelemetry.o
                0x40001282                jetiTriggerTextSync
                0x40001284                jetiKey
                0x40001281                jetiAlarmType
                0x40001283                jetiKeyChanged
                0x40001280                jetiAlarm
 .bss           0x40001285        0x0 LPC2k_ee.o
 .bss           0x40001285        0x0 lab.o
 .bss           0x40001285        0x0 c:/asctec_arm_sdk/winarm/bin/../lib/gcc/arm-elf/4.1.1/../../../../arm-elf/lib/thumb/interwork\libc.a(memcpy.o)
 .bss           0x40001285        0x0 c:/asctec_arm_sdk/winarm/bin/../lib/gcc/arm-elf/4.1.1/../../../../arm-elf/lib/thumb/interwork\libc.a(sprintf.o)
 .bss           0x40001285        0x0 c:/asctec_arm_sdk/winarm/bin/../lib/gcc/arm-elf/4.1.1/../../../../arm-elf/lib/thumb/interwork\libc.a(strcpy.o)
 .bss           0x40001285        0x0 c:/asctec_arm_sdk/winarm/bin/../lib/gcc/arm-elf/4.1.1/../../../../arm-elf/lib/thumb/interwork\libc.a(strlen.o)
 .bss           0x40001285        0x0 c:/asctec_arm_sdk/winarm/bin/../lib/gcc/arm-elf/4.1.1/../../../../arm-elf/lib/thumb/interwork\libc.a(vfprintf.o)
 .bss           0x40001285        0x0 c:/asctec_arm_sdk/winarm/bin/../lib/gcc/arm-elf/4.1.1/../../../../arm-elf/lib/thumb/interwork\libc.a(wcrtomb.o)
 .bss           0x40001285        0x0 c:/asctec_arm_sdk/winarm/bin/../lib/gcc/arm-elf/4.1.1/../../../../arm-elf/lib/thumb/interwork\libc.a(wcsrtombs.o)
 .bss           0x40001285        0x0 c:/asctec_arm_sdk/winarm/bin/../lib/gcc/arm-elf/4.1.1/../../../../arm-elf/lib/thumb/interwork\libc.a(wctomb_r.o)
 .bss           0x40001285        0x0 c:/asctec_arm_sdk/winarm/bin/../lib/gcc/arm-elf/4.1.1/../../../../arm-elf/lib/thumb/interwork\libc.a(wsetup.o)
 .bss           0x40001285        0x0 c:/asctec_arm_sdk/winarm/bin/../lib/gcc/arm-elf/4.1.1/../../../../arm-elf/lib/thumb/interwork\libc.a(dtoa.o)
 .bss           0x40001285        0x0 c:/asctec_arm_sdk/winarm/bin/../lib/gcc/arm-elf/4.1.1/../../../../arm-elf/lib/thumb/interwork\libc.a(fflush.o)
 .bss           0x40001285        0x0 c:/asctec_arm_sdk/winarm/bin/../lib/gcc/arm-elf/4.1.1/../../../../arm-elf/lib/thumb/interwork\libc.a(findfp.o)
 .bss           0x40001285        0x0 c:/asctec_arm_sdk/winarm/bin/../lib/gcc/arm-elf/4.1.1/../../../../arm-elf/lib/thumb/interwork\libc.a(freer.o)
 .bss           0x40001285        0x0 c:/asctec_arm_sdk/winarm/bin/../lib/gcc/arm-elf/4.1.1/../../../../arm-elf/lib/thumb/interwork\libc.a(fvwrite.o)
 .bss           0x40001285        0x0 c:/asctec_arm_sdk/winarm/bin/../lib/gcc/arm-elf/4.1.1/../../../../arm-elf/lib/thumb/interwork\libc.a(fwalk.o)
 .bss           0x40001285        0x0 c:/asctec_arm_sdk/winarm/bin/../lib/gcc/arm-elf/4.1.1/../../../../arm-elf/lib/thumb/interwork\libc.a(impure.o)
 *fill*         0x40001285        0x3 00
 .bss           0x40001288        0xc c:/asctec_arm_sdk/winarm/bin/../lib/gcc/arm-elf/4.1.1/../../../../arm-elf/lib/thumb/interwork\libc.a(locale.o)
                0x40001288                __nlocale_changed
                0x4000128c                __mlocale_changed
                0x40001290                _PathLocale
 .bss           0x40001294        0x0 c:/asctec_arm_sdk/winarm/bin/../lib/gcc/arm-elf/4.1.1/../../../../arm-elf/lib/thumb/interwork\libc.a(makebuf.o)
 .bss           0x40001294       0x34 c:/asctec_arm_sdk/winarm/bin/../lib/gcc/arm-elf/4.1.1/../../../../arm-elf/lib/thumb/interwork\libc.a(mallocr.o)
                0x40001294                __malloc_top_pad
                0x40001298                __malloc_max_sbrked_mem
                0x400012a0                __malloc_current_mallinfo
                0x4000129c                __malloc_max_total_mem
 .bss           0x400012c8        0x0 c:/asctec_arm_sdk/winarm/bin/../lib/gcc/arm-elf/4.1.1/../../../../arm-elf/lib/thumb/interwork\libc.a(memchr.o)
 .bss           0x400012c8        0x0 c:/asctec_arm_sdk/winarm/bin/../lib/gcc/arm-elf/4.1.1/../../../../arm-elf/lib/thumb/interwork\libc.a(memmove.o)
 .bss           0x400012c8        0x0 c:/asctec_arm_sdk/winarm/bin/../lib/gcc/arm-elf/4.1.1/../../../../arm-elf/lib/thumb/interwork\libc.a(memset.o)
 .bss           0x400012c8        0x0 c:/asctec_arm_sdk/winarm/bin/../lib/gcc/arm-elf/4.1.1/../../../../arm-elf/lib/thumb/interwork\libc.a(mlock.o)
 .bss           0x400012c8        0x0 c:/asctec_arm_sdk/winarm/bin/../lib/gcc/arm-elf/4.1.1/../../../../arm-elf/lib/thumb/interwork\libc.a(mprec.o)
 .bss           0x400012c8        0x0 c:/asctec_arm_sdk/winarm/bin/../lib/gcc/arm-elf/4.1.1/../../../../arm-elf/lib/thumb/interwork\libc.a(reallocr.o)
 .bss           0x400012c8        0x0 c:/asctec_arm_sdk/winarm/bin/../lib/gcc/arm-elf/4.1.1/../../../../arm-elf/lib/thumb/interwork\libc.a(s_isinf.o)
 .bss           0x400012c8        0x0 c:/asctec_arm_sdk/winarm/bin/../lib/gcc/arm-elf/4.1.1/../../../../arm-elf/lib/thumb/interwork\libc.a(s_isnan.o)
 .bss           0x400012c8        0x0 c:/asctec_arm_sdk/winarm/bin/../lib/gcc/arm-elf/4.1.1/../../../../arm-elf/lib/thumb/interwork\libc.a(stdio.o)
 .bss           0x400012c8        0x0 c:/asctec_arm_sdk/winarm/bin/../lib/gcc/arm-elf/4.1.1/../../../../arm-elf/lib/thumb/interwork\libc.a(strcmp.o)
 .bss           0x400012c8        0x0 c:/asctec_arm_sdk/winarm/bin/../lib/gcc/arm-elf/4.1.1/../../../../arm-elf/lib/thumb/interwork\libc.a(callocr.o)
 .bss           0x400012c8        0x0 c:/asctec_arm_sdk/winarm/bin/../lib/gcc/arm-elf/4.1.1/../../../../arm-elf/lib/thumb/interwork\libc.a(fclose.o)
 .bss           0x400012c8        0x0 c:/asctec_arm_sdk/winarm/bin/../lib/gcc/arm-elf/4.1.1/thumb/interwork\libgcc.a(_udivsi3.o)
 .bss           0x400012c8        0x0 c:/asctec_arm_sdk/winarm/bin/../lib/gcc/arm-elf/4.1.1/thumb/interwork\libgcc.a(_divsi3.o)
 .bss           0x400012c8        0x0 c:/asctec_arm_sdk/winarm/bin/../lib/gcc/arm-elf/4.1.1/thumb/interwork\libgcc.a(_umodsi3.o)
 .bss           0x400012c8        0x0 c:/asctec_arm_sdk/winarm/bin/../lib/gcc/arm-elf/4.1.1/thumb/interwork\libgcc.a(_modsi3.o)
 .bss           0x400012c8        0x0 c:/asctec_arm_sdk/winarm/bin/../lib/gcc/arm-elf/4.1.1/thumb/interwork\libgcc.a(_dvmd_tls.o)
 .bss           0x400012c8        0x0 c:/asctec_arm_sdk/winarm/bin/../lib/gcc/arm-elf/4.1.1/thumb/interwork\libgcc.a(_addsubdf3.o)
 .bss           0x400012c8        0x0 c:/asctec_arm_sdk/winarm/bin/../lib/gcc/arm-elf/4.1.1/thumb/interwork\libgcc.a(_muldivdf3.o)
 .bss           0x400012c8        0x0 c:/asctec_arm_sdk/winarm/bin/../lib/gcc/arm-elf/4.1.1/thumb/interwork\libgcc.a(_cmpdf2.o)
 .bss           0x400012c8        0x0 c:/asctec_arm_sdk/winarm/bin/../lib/gcc/arm-elf/4.1.1/thumb/interwork\libgcc.a(_fixdfsi.o)
 .bss           0x400012c8      0xcc4 ./\libdeclination.a(declination.o)
                0x400012c8                estimatedDeclination
                0x400012cc                estimatedInclination
                0x400012d0                declinationAvailable
 .bss           0x40001f8c       0x28 ./\libublox.a(ublox.o)
                0x40001f98                urVersionCheck
                0x40001f96                urAckId
                0x40001f9a                urMsgCnt
                0x40001f8c                urTimeCnt
                0x40001f9c                ubloxVersion
                0x40001f94                urAckReceived
                0x40001f97                urConfigMessageReceived
                0x40001f90                GPS_raw_data_size
                0x40001f95                urAckClass
 .bss           0x40001fb4        0x0 c:/asctec_arm_sdk/winarm/bin/../lib/gcc/arm-elf/4.1.1/../../../../arm-elf/lib/thumb/interwork\libm.a(s_cos.o)
 .bss           0x40001fb4        0x0 c:/asctec_arm_sdk/winarm/bin/../lib/gcc/arm-elf/4.1.1/../../../../arm-elf/lib/thumb/interwork\libm.a(s_sin.o)
 .bss           0x40001fb4        0x0 c:/asctec_arm_sdk/winarm/bin/../lib/gcc/arm-elf/4.1.1/../../../../arm-elf/lib/thumb/interwork\libm.a(w_atan2.o)
 .bss           0x40001fb4        0x0 c:/asctec_arm_sdk/winarm/bin/../lib/gcc/arm-elf/4.1.1/../../../../arm-elf/lib/thumb/interwork\libm.a(w_sqrt.o)
 .bss           0x40001fb4        0x0 c:/asctec_arm_sdk/winarm/bin/../lib/gcc/arm-elf/4.1.1/../../../../arm-elf/lib/thumb/interwork\libm.a(e_atan2.o)
 .bss           0x40001fb4        0x0 c:/asctec_arm_sdk/winarm/bin/../lib/gcc/arm-elf/4.1.1/../../../../arm-elf/lib/thumb/interwork\libm.a(e_rem_pio2.o)
 .bss           0x40001fb4        0x0 c:/asctec_arm_sdk/winarm/bin/../lib/gcc/arm-elf/4.1.1/../../../../arm-elf/lib/thumb/interwork\libm.a(e_sqrt.o)
 .bss           0x40001fb4        0x0 c:/asctec_arm_sdk/winarm/bin/../lib/gcc/arm-elf/4.1.1/../../../../arm-elf/lib/thumb/interwork\libm.a(k_cos.o)
 .bss           0x40001fb4        0x0 c:/asctec_arm_sdk/winarm/bin/../lib/gcc/arm-elf/4.1.1/../../../../arm-elf/lib/thumb/interwork\libm.a(k_rem_pio2.o)
 .bss           0x40001fb4        0x0 c:/asctec_arm_sdk/winarm/bin/../lib/gcc/arm-elf/4.1.1/../../../../arm-elf/lib/thumb/interwork\libm.a(k_sin.o)
 .bss           0x40001fb4        0x0 c:/asctec_arm_sdk/winarm/bin/../lib/gcc/arm-elf/4.1.1/../../../../arm-elf/lib/thumb/interwork\libm.a(s_atan.o)
 .bss           0x40001fb4        0x0 c:/asctec_arm_sdk/winarm/bin/../lib/gcc/arm-elf/4.1.1/../../../../arm-elf/lib/thumb/interwork\libm.a(s_fabs.o)
 .bss           0x40001fb4        0x0 c:/asctec_arm_sdk/winarm/bin/../lib/gcc/arm-elf/4.1.1/../../../../arm-elf/lib/thumb/interwork\libm.a(s_floor.o)
 .bss           0x40001fb4        0x0 c:/asctec_arm_sdk/winarm/bin/../lib/gcc/arm-elf/4.1.1/../../../../arm-elf/lib/thumb/interwork\libm.a(s_lib_ver.o)
 .bss           0x40001fb4        0x0 c:/asctec_arm_sdk/winarm/bin/../lib/gcc/arm-elf/4.1.1/../../../../arm-elf/lib/thumb/interwork\libm.a(s_matherr.o)
 .bss           0x40001fb4        0x0 c:/asctec_arm_sdk/winarm/bin/../lib/gcc/arm-elf/4.1.1/../../../../arm-elf/lib/thumb/interwork\libm.a(s_scalbn.o)
 .bss           0x40001fb4        0x0 c:/asctec_arm_sdk/winarm/bin/../lib/gcc/arm-elf/4.1.1/../../../../arm-elf/lib/thumb/interwork\libm.a(s_copysign.o)
 .bss           0x40001fb4        0x0 c:/asctec_arm_sdk/winarm/bin/../lib/gcc/arm-elf/4.1.1/thumb/interwork\libgcc.a(_truncdfsf2.o)
 .bss           0x40001fb4        0x0 c:/asctec_arm_sdk/winarm/bin/../lib/gcc/arm-elf/4.1.1/thumb/interwork\libgcc.a(_addsubsf3.o)
 .bss           0x40001fb4        0x0 c:/asctec_arm_sdk/winarm/bin/../lib/gcc/arm-elf/4.1.1/thumb/interwork\libgcc.a(_muldivsf3.o)
 .bss           0x40001fb4        0x0 c:/asctec_arm_sdk/winarm/bin/../lib/gcc/arm-elf/4.1.1/thumb/interwork\libgcc.a(_cmpsf2.o)
 .bss           0x40001fb4        0x0 c:/asctec_arm_sdk/winarm/bin/../lib/gcc/arm-elf/4.1.1/thumb/interwork\libgcc.a(_fixsfsi.o)
 .bss           0x40001fb4        0x0 c:/asctec_arm_sdk/winarm/bin/../lib/gcc/arm-elf/4.1.1/../../../../arm-elf/lib/thumb/interwork\libg.a(errno.o)
 *(.gnu.linkonce.b*)
 *(COMMON)
 COMMON         0x40001fb4       0xb0 LL_HL_comm.o
                0x40001fb4                LL_1khz_attitude_data
                0x40002010                LL_1khz_control_input
                0x40002048                wpToLL
 COMMON         0x40002064       0x58 gpsmath.o
                0x40002064                GPS_Data
                0x40002090                gps_data_temp
 COMMON         0x400020bc      0x145 sdk.o
                0x400020bc                WO_CTRL_Input
                0x400020c8                WO_Direct_Motor_Control
                0x400020cc                SPItxArray
                0x40002130                WO_Direct_Individual_Motor_Control
                0x4000213c                WO_SDK
                0x40002140                testarray
                0x40002154                f2s
                0x40002158                RO_RC_Data
                0x40002168                RO_ALL_Data
                0x40002200                emergencyMode
 *fill*         0x40002201        0x3 00
 COMMON         0x40002204      0x100 lpc_aci_eeprom.o
                0x40002204                content
 COMMON         0x40002304     0x2b42 asctecCommIntfOnboard.o
                0x40002304                aciSendSingleId
                0x40002390                aciParPacketContentBuffer
                0x40002840                aciSendSingleBufferCnt
                0x400028cc                aciListPar
                0x40002c82                aciParPacketSelect
                0x40002e02                aciSendSingleBuffer
                0x40003032                aciParPacketSelectLength
                0x40003035                aciCmdPacketSelectLength
                0x40003038                aciCmdPacketContentBuffer
                0x400034e8                aciVarPacketContentBuffer
                0x40003b78                aciCmdPacketSelect
                0x40003cf8                aciTxRingBuffer
                0x40003d98                aciVarPacketTypeList
                0x40003e58                aciListVar
                0x4000438a                aciParPacketContentBufferValid
                0x4000438e                aciSendSingleStatus
                0x4000441c                aciVarPacketPtrList
                0x4000471c                aciParPacketContentBufferLength
                0x40004722                aciCmdPacketContentBufferInvalidCnt
                0x40004726                aciVarPacketContentBufferLength
                0x4000472c                aciListCmd
                0x40004ae2                aciSendSingleVarType
                0x40004b28                aciRxDataCnt
                0x40004b2c                aciStartTxCallback
                0x40004b30                aciRxDataBuffer
                0x40004cb0                aciParPacketContentBufferInvalidCnt
                0x40004cb3                aciCmdPacketContentBufferValid
                0x40004cb8                aciReadDatafromFlashCallback
                0x40004cbc                aciCmdPacketContentBufferLength
                0x40004cc2                aciVarPacketSelectLength
                0x40004cc6                aciVarPacketSelect
 COMMON         0x40004e46       0x53 buildInfoSetup.o
                0x40004e46                buildInfo
 *fill*         0x40004e99        0x3 00
 COMMON         0x40004e9c       0xdc main.o
                0x40004e9c                GPS_Time
                0x40004ea4                IMU_CalcData
                0x40004f00                HL_Status
                0x40004f18                uart_cnt
                0x40004f1c                IMU_CalcData_tmp
 COMMON         0x40004f78       0x20 uart.o
                0x40004f78                UART_rxptr
                0x40004f7c                send_buffer
                0x40004f8c                current_chksum
                0x40004f8e                packets
                0x40004f90                tx_buff
                0x40004f94                UART1_rxptr
 COMMON         0x40004f98       0x50 i2c.o
                0x40004f98                I2CReadLength
                0x40004f9c                I2CSlaveBuffer
                0x40004fbc                I2CMode
                0x40004fc0                I2CMasterBuffer
                0x40004fe0                I2CCmd